— الأسطر: 6236
— حدُّ اللفظ: عربيٌّ فيه حرفٌ عربيّ
— الألفاظ: عبرَ العدّادات 78245 | عبرَ الأسطر 78245
  |فرقٌ| = 0
  بسم = 115 | منها في صدر السطر 113
    سطرُ 1514 | موضعُ 3 | بِسْمِ
    سطرُ 3189 | موضعُ 4 | بِسْمِ
  ألفاظُ الترقيم (لا حرفَ عربيًّا فيها): 0
  هياكلُ متمايزة: 14871

— حالُ الخاتمة
    · (بلا علامة) 24319 | نصيبٌ 0.3108
    َ (ARABIC FATHA) 18778 | نصيبٌ 0.2400
    ِ (ARABIC KASRA) 9231 | نصيبٌ 0.1180
    ْ (ARABIC SUKUN) 8843 | نصيبٌ 0.1130
    ُ (ARABIC DAMMA) 8273 | نصيبٌ 0.1057
    ً (ARABIC FATHATAN) 3649 | نصيبٌ 0.0466
    ٍ (ARABIC KASRATAN) 2633 | نصيبٌ 0.0337
    ٌ (ARABIC DAMMATAN) 2519 | نصيبٌ 0.0322
  نصيبُ الثلاث: 36282 من 78245 = 0.4637
  H(الحال) = 2.6106

— induction on: الشرطُ لا يرفع الإنتروبيا، والتباديلُ دون N·H
  أدنى (H(التالي) − H(التالي|السابق)) = -0.00000000000000000e+00
  أقصى (log₂ التباديل − N·H) = +0.00000000000000000e+00
  والطرفان يقعان عند أوّل الحلقة حيث الحدُّ واحدٌ — فيُعادان بعد ألفِ لفظ:
    أدنى فرقٍ بعد ألف = +0.055207
    أقصى فسحةٍ بعد ألف = -29.785261
    وعند الختام: فرقٌ +0.065349 | فسحةٌ -52.431434

— ماركوف داخلَ السطر
  أزواجٌ 72009
  H(التالي) 2.6319 | H(التالي|السابق) 2.5665
  I = 0.0653
  ملحَقة 0.0660 | محجوزة 0.0639 | فرقٌ -0.0021

— I(الحال؛ حرفُ الخاتمة) = 1.0310
  حروفُ خاتمةٍ متمايزة: 36
  حروفٌ (٥ وقوعاتٍ فأكثر) لا تحمل حالًا ألبتّة: 1
    ى | وقوعاتٌ 2592

— ثباتُ الحال (بقيد 5 وقوعاتٍ فأكثر)
  هياكلُ بالقيد: 2120 | ثابتةٌ 1223 | متبدّلةٌ 897
  نصيبُ الثابت من الهياكل: 0.5769
  كتلةُ الثابت 28428 | كتلةُ المتبدّل 30775
  نصيبُ كتلة الثابت من الألفاظ: 0.3633
  ثابتُ الزوجيّ 606 | باقٍ ثابتًا في الفرديّ 549 | نصيبٌ 0.9059

— ما لا يُشتَقّ
  الأصليّةُ والفرعيّة: لا جدولَ أبوابٍ مُودَعٌ — خلوٌّ مُصنَّفٌ «فحصُها مُعيَّنٌ ولم يُجرَ»
  المبنيُّ والمعرب: المقيسُ ثباتُ علامةٍ لا حكمُ باب — قابليّةٌ للقراءة لا قراءة
