— المدوّنةُ المشتقّة
  أسطرٌ 6236 | أسطرٌ رُفِعت 112
  بصمتُها 23da0f8a04968947db354d62385ca6874adb6ab72826a95f4e0e09cb0b0e3a95
  بصمةُ المُجمَّد 37633090…

— ١) عدُّ الكلم والهياكل
  الألفاظُ: 77797 (قبلُ 78245)
  هياكلُ متمايزة: 15471 (قبلُ 15472)
  غامضةٌ منها: 1886 (قبلُ 1886)
  كتلتُها: 34566 (0.4443) (قبلُ 34902 و0.4461)

— ٢) السلّمُ — وقبلُ من `426f7fc8…`
  L₀: 362281 وحدةً (قبلُ 364747)
  المستوى | N | أبجديّة | للوحدة ملحقًا | للوحدة محجوزًا | مرتدّ | I
  م٠ الوحدة | 362281 (364747) | 112 (112) | 5.6058 (5.6048) | 5.6072 (5.6059) | 0.0000 (0.0000) | 1.2844 (1.2874)
  م١ الرمزُ المُرخَّص | 136680 (135603) | 2857 (2952) | 3.6437 (3.6155) | 3.6815 (3.6549) | 0.0019 (0.0020) | 4.2796 (4.3798)
  م٢ اللفظُ المفرد | 77797 (78245) | 17908 (17909) | 2.4975 (2.4926) | 4.2069 (4.2118) | 0.1983 (0.1972) | 8.1325 (8.1255)
  م٣ السطر | 6236 (6236) | 6056 (6057) | 0.2169 (0.2154) | 6.9434 (6.9369) | 0.9697 (0.9699) | 12.4466 (12.4475)
  أرخصُ درجةٍ محجوزًا: م١ الرمزُ المُرخَّص (قبلُ م١)
  والتزاماتُ القيد: 2933
  انحرافُ الآلتين: 0.000000000

— ٣) قاعدةُ الفصل مرفوعَ البسملات
  ألفاظٌ فُصِلت: 46075 (0.5922) (قبلُ 46523 و0.5946)
  الكلماتُ: 136826 (قبلُ 137834) | أنواعٌ 12667 (قبلُ 12668)
  مرتدُّها 0.0740 (قبلُ 0.0744)
  للوحدة محجوزًا 4.2703 (قبلُ 4.3012) | ومستوى اللفظ 4.2069
