المفرداتُ 6 | المُجابُ عنه اليومَ 1
الأسماءُ المُجرَّبةُ 8 | المواضيعُ 256
الأسئلةُ المولَّدة 2048
  ANSWERED 256
  NOT_ANSWERABLE_YET 1280
  UNSUPPORTED_QUESTION 512
شكاوى المُتحقِّق المستقلّ 0
ردٌّ في غير بابه 0
أجوبةٌ ثمنُها لا يجاوز قيمتَها 0
أكبرُ ثمنٍ 24 | أصغرُ ثمنٍ 16 | مجموعُ الأثمان 5889
خانةٌ خالفت ٢^(ك−١) 0
التوزيعُ بالعدّ التامّ:
  قيمةٌ 0 | مواضيعُ 1 | المنتظَرُ 1
  قيمةٌ 1 | مواضيعُ 1 | المنتظَرُ 1
  قيمةٌ 2 | مواضيعُ 2 | المنتظَرُ 2
  قيمةٌ 3 | مواضيعُ 4 | المنتظَرُ 4
  قيمةٌ 4 | مواضيعُ 8 | المنتظَرُ 8
  قيمةٌ 5 | مواضيعُ 16 | المنتظَرُ 16
  قيمةٌ 6 | مواضيعُ 32 | المنتظَرُ 32
  قيمةٌ 7 | مواضيعُ 64 | المنتظَرُ 64
  قيمةٌ 8 | مواضيعُ 128 | المنتظَرُ 128
