— الأسطر: 6236
— شرطُ القسمة: 5 وقوعاتٍ فأكثرَ في النصف الزوجيّ

— كلُّ متتاليةٍ بلا فراغ — مسندُ ح١٢
    ثابتُ الزوجيّ (المقام): 607
    غائبٌ عن الفرديّ بالكلّيّة: 9
    باقٍ ثابتًا (البسط): 550
    النسبةُ كما أُودِعت: 0.9061
    **السقفُ**: 598/607 = 0.985173
    والنسبةُ على الحاضر في النصفين: 0.9197

— فيه حرفٌ عربيّ — مسندُ ط١٢
    ثابتُ الزوجيّ (المقام): 606
    غائبٌ عن الفرديّ بالكلّيّة: 9
    باقٍ ثابتًا (البسط): 549
    النسبةُ كما أُودِعت: 0.9059
    **السقفُ**: 597/606 = 0.985149
    والنسبةُ على الحاضر في النصفين: 0.9196

— ما لا يدخل هذا السجلّ
  لا اسمَ بابٍ ولا اسمَ علامةٍ — هياكلُ وشرائحُ حالٍ وعدّادات
  والسقفُ حدٌّ مبرهَنٌ بالبناء: الغائبُ لا يكون «باقيًا ثابتًا»
  ولا يقلب هذا حكمًا مختومًا — يُصحّح سقفًا ويُعلِن حدًّا أدنى
