— السقفُ المكتوبُ في الملفّ: 12 — ورُفِع في الذاكرة إلى 100
— والملفُّ لم يُحرَّر بحرف (العطل ٢٩)

═══ مخرَجُ السلّم بالسقف المرفوع ═══
— الأسطر: 6236
— حدُّ اللفظ: فيه حرفٌ عربيّ (المُصحَّح من 494465d1…)
— السياقُ: ما مضى وحدَه؛ ولا شيءَ من بايتات الموضع المسؤولِ عنه
— الألفاظ: 78245 | وعبرَ العدّادات 78245
— خاناتُ الحال: 8 | H = 2.6106
    · | 24319 | نصيبٌ 0.3108
    َ U+064E | 18778 | نصيبٌ 0.2400
    ِ U+0650 | 9231 | نصيبٌ 0.1180
    ْ U+0652 | 8843 | نصيبٌ 0.1130
    ُ U+064F | 8273 | نصيبٌ 0.1057
    ً U+064B | 3649 | نصيبٌ 0.0466
    ٍ U+064D | 2633 | نصيبٌ 0.0337
    ٌ U+064C | 2519 | نصيبٌ 0.0322

— الأسئلةُ المتاحة: 57 (قيمُها مجموعةٌ من المجمَّد)

— د٠ بلا سؤال: ملحَقة 2.6106 | محجوزة 2.6109 | كتلةٌ 1
— د1 «آخرُ السطر»: ملحَقة 2.5536 | محجوزة 2.5540 | ربحٌ ملحَقٌ +0.0570 | ربحٌ محجوزٌ +0.0569 | كتلٌ 2
— د2 «حالُ السابق = ٌ U+064C»: ملحَقة 2.5348 | محجوزة 2.5355 | ربحٌ ملحَقٌ +0.0188 | ربحٌ محجوزٌ +0.0185 | كتلٌ 4
— د3 «حرفُ خاتمةِ السابق = ا U+0627»: ملحَقة 2.5183 | محجوزة 2.5192 | ربحٌ ملحَقٌ +0.0165 | ربحٌ محجوزٌ +0.0162 | كتلٌ 6
— د4 «حالُ السابق = ·»: ملحَقة 2.4927 | محجوزة 2.4945 | ربحٌ ملحَقٌ +0.0256 | ربحٌ محجوزٌ +0.0248 | كتلٌ 10
— د5 «حرفُ خاتمةِ السابق = ن U+0646»: ملحَقة 2.4790 | محجوزة 2.4818 | ربحٌ ملحَقٌ +0.0137 | ربحٌ محجوزٌ +0.0126 | كتلٌ 16
— د6 «حالُ السابق = ْ U+0652»: ملحَقة 2.4610 | محجوزة 2.4644 | ربحٌ ملحَقٌ +0.0180 | ربحٌ محجوزٌ +0.0174 | كتلٌ 20
— د7 «حالُ السابق = ٍ U+064D»: ملحَقة 2.4481 | محجوزة 2.4521 | ربحٌ ملحَقٌ +0.0130 | ربحٌ محجوزٌ +0.0123 | كتلٌ 24
— د8 «حالُ ما قبله = ⊢»: ملحَقة 2.4326 | محجوزة 2.4397 | ربحٌ ملحَقٌ +0.0155 | ربحٌ محجوزٌ +0.0125 | كتلٌ 44
— د9 «حالُ السابق = ِ U+0650»: ملحَقة 2.4189 | محجوزة 2.4271 | ربحٌ ملحَقٌ +0.0137 | ربحٌ محجوزٌ +0.0125 | كتلٌ 52
— د10 «حرفُ خاتمةِ السابق = ه U+0647»: ملحَقة 2.4053 | محجوزة 2.4155 | ربحٌ ملحَقٌ +0.0136 | ربحٌ محجوزٌ +0.0117 | كتلٌ 65
— د11 «حرفُ خاتمةِ السابق = م U+0645»: ملحَقة 2.3912 | محجوزة 2.4050 | ربحٌ ملحَقٌ +0.0142 | ربحٌ محجوزٌ +0.0105 | كتلٌ 88
— د12 «حرفُ خاتمةِ السابق = و U+0648»: ملحَقة 2.3831 | محجوزة 2.3989 | ربحٌ ملحَقٌ +0.0081 | ربحٌ محجوزٌ +0.0061 | كتلٌ 105
— د13 «حالُ السابق = َ U+064E»: ملحَقة 2.3761 | محجوزة 2.3942 | ربحٌ ملحَقٌ +0.0070 | ربحٌ محجوزٌ +0.0047 | كتلٌ 120
— د14 «حالُ ما قبله = َ U+064E»: ملحَقة 2.3622 | محجوزة 2.3882 | ربحٌ ملحَقٌ +0.0139 | ربحٌ محجوزٌ +0.0060 | كتلٌ 184
— د15 «حرفُ خاتمةِ السابق = ل U+0644»: ملحَقة 2.3528 | محجوزة 2.3836 | ربحٌ ملحَقٌ +0.0094 | ربحٌ محجوزٌ +0.0045 | كتلٌ 220
— د16 «حرفُ خاتمةِ السابق = ت U+062A»: ملحَقة 2.3460 | محجوزة 2.3806 | ربحٌ ملحَقٌ +0.0068 | ربحٌ محجوزٌ +0.0031 | كتلٌ 254
— د17 «حالُ السابق = ُ U+064F»: ملحَقة 2.3424 | محجوزة 2.3777 | ربحٌ ملحَقٌ +0.0036 | ربحٌ محجوزٌ +0.0029 | كتلٌ 260
— د18 «حرفُ خاتمةِ السابق = ء U+0621»: ملحَقة 2.3370 | محجوزة 2.3754 | ربحٌ ملحَقٌ +0.0054 | ربحٌ محجوزٌ +0.0023 | كتلٌ 290
— د19 «حرفُ خاتمةِ السابق = د U+062F»: ملحَقة 2.3323 | محجوزة 2.3739 | ربحٌ ملحَقٌ +0.0047 | ربحٌ محجوزٌ +0.0016 | كتلٌ 321
— د20 «حرفُ خاتمةِ السابق = ك U+0643»: ملحَقة 2.3288 | محجوزة 2.3734 | ربحٌ ملحَقٌ +0.0035 | ربحٌ محجوزٌ +0.0005 | كتلٌ 345
— د21 «حالُ ما قبله = ِ U+0650»: ملحَقة 2.3144 | محجوزة 2.3726 | ربحٌ ملحَقٌ +0.0144 | ربحٌ محجوزٌ +0.0008 | كتلٌ 462
— د22 «حرفُ خاتمةِ السابق = ض U+0636»: ملحَقة 2.3110 | محجوزة 2.3720 | ربحٌ ملحَقٌ +0.0034 | ربحٌ محجوزٌ +0.0006 | كتلٌ 490
— د23 «حرفُ خاتمةِ السابق = ذ U+0630»: ملحَقة 2.3081 | محجوزة 2.3717 | ربحٌ ملحَقٌ +0.0029 | ربحٌ محجوزٌ +0.0003 | كتلٌ 519
— د24 «حرفُ خاتمةِ السابق = ز U+0632»: ملحَقة 2.3060 | محجوزة 2.3715 | ربحٌ ملحَقٌ +0.0021 | ربحٌ محجوزٌ +0.0002 | كتلٌ 544
— د25 «حرفُ خاتمةِ السابق = غ U+063A»: ملحَقة 2.3048 | محجوزة 2.3713 | ربحٌ ملحَقٌ +0.0012 | ربحٌ محجوزٌ +0.0002 | كتلٌ 559
— د26 «حرفُ خاتمةِ السابق = ى U+0649»: ملحَقة 2.3033 | محجوزة 2.3712 | ربحٌ ملحَقٌ +0.0015 | ربحٌ محجوزٌ +0.0001 | كتلٌ 567
  الوقوف: لا سؤالَ يربح محجوزًا عند الدرجة 27

— الدرجاتُ المبلوغة: 26
  مجموعُ الكسب المحجوز: +0.239608
  مجموعُ الكسب الملحَق: +0.307338
  نصيبُ الدرجة الأولى من الكسب المحجوز: 0.2374
  أدنى ربحٍ ملحَق: +0.001240
  أدنى (محجوزة − ملحَقة): +0.000258
  كتلُ آخر درجة: 567
  أقصى (log₂ التباديل − N·H) بعد ألف = -29.785261
  أسئلةُ «آخرُ السطر»: 1
  أسئلةُ «حالُ السابق»: 7
  أسئلةُ «حالُ ما قبله»: 3
  أسئلةُ «حرفُ خاتمةِ السابق»: 15

— ما لا يدخل هذا السجلّ
  لا اسمَ بابٍ ولا اسمَ علامةٍ ولا اسمَ يونيكود — شريحةٌ ونقطةُ ترميز
  ولا قائمةَ مُودَعةٌ ولا صورةٌ منقولةٌ عن نصٍّ خارجيّ
  والجشعُ غيرُ مبرهَن: ما بُلِغ حدٌّ أدنى، ولا يُقال «لا يُبلَغ»

═══ الحكم ═══

— مقابلةُ الأولى بالسجلّ المُودَع (أوّلُ 12 درجة)
  درجاتٌ في السجلّ: 12 | وههنا: 26
  درجاتٌ خالفت: 0

— الدرجاتُ المبلوغة: 26
  وسطرُ الوقوف عند الدرجة 27 — **فالوقوفُ بالمادّة**
  أدنى إنتروبيا محجوزة: 2.3712
  مجموعُ الكسب المحجوز (من سطر السلّم): +0.239608
  مجموعُ الكسب الملحَق (من سطر السلّم): +0.307338
  نصيبُ الدرجة الأولى من المحجوز (من سطر السلّم): 0.2374
  وبجمع المطبوعِ بأربع منازل: +0.239800 و+0.307500
  فالفرقُ تدويرٌ: 0.000192 و0.000162
  ربحُ الدرجة الأخيرة محجوزًا: +0.000100
  درجاتٌ ربحُها المحجوزُ ≤ صفر: 0
  درجاتٌ ربحُها الملحَقُ ≤ صفر: 0
  كتلُ آخر درجة: 567

— ما زاده الرفعُ على السقف المكتوب
  درجاتٌ زائدة: 14
  كسبٌ محجوزٌ زائد: +0.027800
  كسبٌ ملحَقٌ زائد: +0.079800
  ونصيبُ الزائد من المحجوز: 0.1160

— ما لا يُدَّعى
  بلوغُ السقف لا يستنفد السياق: العائلاتُ خمسٌ على هذه القسمة،
  وعائلةٌ سادسةٌ (طولُ اللفظ، موقعُه، جارُه التالي) لم تُقَس ههنا.
