— الأسطر: 6236
— حدُّ اللفظ: فيه حرفٌ عربيّ (المُصحَّح من 494465d1…)
— السياقُ: ما مضى وحدَه؛ ولا شيءَ من بايتات الموضع المسؤولِ عنه
— الألفاظ: 78245 | وعبرَ العدّادات 78245
— خاناتُ الحال: 8 | H = 2.6106
    · | 24319 | نصيبٌ 0.3108
    َ U+064E | 18778 | نصيبٌ 0.2400
    ِ U+0650 | 9231 | نصيبٌ 0.1180
    ْ U+0652 | 8843 | نصيبٌ 0.1130
    ُ U+064F | 8273 | نصيبٌ 0.1057
    ً U+064B | 3649 | نصيبٌ 0.0466
    ٍ U+064D | 2633 | نصيبٌ 0.0337
    ٌ U+064C | 2519 | نصيبٌ 0.0322

— الأسئلةُ المتاحة: 57 (قيمُها مجموعةٌ من المجمَّد)

— د٠ بلا سؤال: ملحَقة 2.6106 | محجوزة 2.6109 | كتلةٌ 1
— د1 «آخرُ السطر»: ملحَقة 2.5536 | محجوزة 2.5540 | ربحٌ ملحَقٌ +0.0570 | ربحٌ محجوزٌ +0.0569 | كتلٌ 2
— د2 «حالُ السابق = ٌ U+064C»: ملحَقة 2.5348 | محجوزة 2.5355 | ربحٌ ملحَقٌ +0.0188 | ربحٌ محجوزٌ +0.0185 | كتلٌ 4
— د3 «حرفُ خاتمةِ السابق = ا U+0627»: ملحَقة 2.5183 | محجوزة 2.5192 | ربحٌ ملحَقٌ +0.0165 | ربحٌ محجوزٌ +0.0162 | كتلٌ 6
— د4 «حالُ السابق = ·»: ملحَقة 2.4927 | محجوزة 2.4945 | ربحٌ ملحَقٌ +0.0256 | ربحٌ محجوزٌ +0.0248 | كتلٌ 10
— د5 «حرفُ خاتمةِ السابق = ن U+0646»: ملحَقة 2.4790 | محجوزة 2.4818 | ربحٌ ملحَقٌ +0.0137 | ربحٌ محجوزٌ +0.0126 | كتلٌ 16
— د6 «حالُ السابق = ْ U+0652»: ملحَقة 2.4610 | محجوزة 2.4644 | ربحٌ ملحَقٌ +0.0180 | ربحٌ محجوزٌ +0.0174 | كتلٌ 20
— د7 «حالُ السابق = ٍ U+064D»: ملحَقة 2.4481 | محجوزة 2.4521 | ربحٌ ملحَقٌ +0.0130 | ربحٌ محجوزٌ +0.0123 | كتلٌ 24
— د8 «حالُ ما قبله = ⊢»: ملحَقة 2.4326 | محجوزة 2.4397 | ربحٌ ملحَقٌ +0.0155 | ربحٌ محجوزٌ +0.0125 | كتلٌ 44
— د9 «حالُ السابق = ِ U+0650»: ملحَقة 2.4189 | محجوزة 2.4271 | ربحٌ ملحَقٌ +0.0137 | ربحٌ محجوزٌ +0.0125 | كتلٌ 52
— د10 «حرفُ خاتمةِ السابق = ه U+0647»: ملحَقة 2.4053 | محجوزة 2.4155 | ربحٌ ملحَقٌ +0.0136 | ربحٌ محجوزٌ +0.0117 | كتلٌ 65
— د11 «حرفُ خاتمةِ السابق = م U+0645»: ملحَقة 2.3912 | محجوزة 2.4050 | ربحٌ ملحَقٌ +0.0142 | ربحٌ محجوزٌ +0.0105 | كتلٌ 88
— د12 «حرفُ خاتمةِ السابق = و U+0648»: ملحَقة 2.3831 | محجوزة 2.3989 | ربحٌ ملحَقٌ +0.0081 | ربحٌ محجوزٌ +0.0061 | كتلٌ 105

— الدرجاتُ المبلوغة: 12
  مجموعُ الكسب المحجوز: +0.211963
  مجموعُ الكسب الملحَق: +0.227508
  نصيبُ الدرجة الأولى من الكسب المحجوز: 0.2684
  أدنى ربحٍ ملحَق: +0.008087
  أدنى (محجوزة − ملحَقة): +0.000258
  كتلُ آخر درجة: 105
  أقصى (log₂ التباديل − N·H) بعد ألف = -29.785261
  أسئلةُ «آخرُ السطر»: 1
  أسئلةُ «حالُ السابق»: 5
  أسئلةُ «حالُ ما قبله»: 1
  أسئلةُ «حرفُ خاتمةِ السابق»: 5

— ما لا يدخل هذا السجلّ
  لا اسمَ بابٍ ولا اسمَ علامةٍ ولا اسمَ يونيكود — شريحةٌ ونقطةُ ترميز
  ولا قائمةَ مُودَعةٌ ولا صورةٌ منقولةٌ عن نصٍّ خارجيّ
  والجشعُ غيرُ مبرهَن: ما بُلِغ حدٌّ أدنى، ولا يُقال «لا يُبلَغ»
