L₀: 364747 وحدةً | أبجديّة 112 | آيات 6236
نقطةُ الصفر: الجملة 2036153 | معجم 0 | بيان 2036153
  بعد 500: الجملة 1583996 | معجم 13067 | بيان 1570929 | رموز 185705 | أبجديّة 611 | ملحَقة 1582650 | فرق +1346 ↓
  بعد 1000: الجملة 1497763 | معجم 28383 | بيان 1469380 | رموز 160485 | أبجديّة 1109 | ملحَقة 1495336 | فرق +2426 ↓
  بعد 1500: الجملة 1450328 | معجم 44922 | بيان 1405406 | رموز 146185 | أبجديّة 1601 | ملحَقة 1446814 | فرق +3514 ↓
  بعد 2000: الجملة 1424444 | معجم 62927 | بيان 1361517 | رموز 136553 | أبجديّة 2099 | ملحَقة 1419838 | فرق +4606 ↓
  بعد 2500: الجملة 1406885 | معجم 81466 | بيان 1325419 | رموز 129370 | أبجديّة 2595 | ملحَقة 1401208 | فرق +5677 ↓
  بعد 3000: الجملة 1397581 | معجم 102094 | بيان 1295487 | رموز 123526 | أبجديّة 3083 | ملحَقة 1391099 | فرق +6482 ↓
  بعد 3500: الجملة 1391465 | معجم 121324 | بيان 1270140 | رموز 118730 | أبجديّة 3566 | ملحَقة 1384023 | فرق +7442 ↓
  بعد 4000: الجملة 1389468 | معجم 142873 | بيان 1246595 | رموز 114577 | أبجديّة 4053 | ملحَقة 1381140 | فرق +8328 ↓
  بعد 4500: الجملة 1389448 | معجم 163822 | بيان 1225627 | رموز 110994 | أبجديّة 4538 | ملحَقة 1380404 | فرق +9044 ↓
  بعد 5000: الجملة 1391891 | معجم 185923 | بيان 1205968 | رموز 107841 | أبجديّة 5009 | ملحَقة 1382101 | فرق +9789 ↑

نقطةُ الوقوف: 5000 دمجةً | أفضلُ تكلفةٍ عند 4500
  الجملة 1389448 | النسبةُ إلى L₀ 0.6824
  لا يعبر حدَّ الكلمة: 93005 من 110994 = 0.8379

  المجموعةُ المولَّدةُ مقسومةً بالعَرض (وحداتُ ١١٢ في الرمز):
    عَرضُ 1: رموزٌ 112 | وقوعاتٌ 22569 | نصيبٌ 0.2033
    عَرضُ 2: رموزٌ 848 | وقوعاتٌ 28563 | نصيبٌ 0.2573
    عَرضُ 3: رموزٌ 1161 | وقوعاتٌ 25294 | نصيبٌ 0.2279
    عَرضُ 4: رموزٌ 706 | وقوعاتٌ 11794 | نصيبٌ 0.1063
    عَرضُ 5: رموزٌ 592 | وقوعاتٌ 9002 | نصيبٌ 0.0811
    عَرضُ 6: رموزٌ 394 | وقوعاتٌ 5308 | نصيبٌ 0.0478
    عَرضُ 7: رموزٌ 195 | وقوعاتٌ 2479 | نصيبٌ 0.0223
    عَرضُ 8: رموزٌ 150 | وقوعاتٌ 1803 | نصيبٌ 0.0162
    عَرضُ 9: رموزٌ 83 | وقوعاتٌ 872 | نصيبٌ 0.0079
    عَرضُ 10: رموزٌ 66 | وقوعاتٌ 749 | نصيبٌ 0.0067
    عَرضُ 11: رموزٌ 59 | وقوعاتٌ 745 | نصيبٌ 0.0067
    عَرضُ 12: رموزٌ 39 | وقوعاتٌ 373 | نصيبٌ 0.0034
    عَرضُ 13: رموزٌ 27 | وقوعاتٌ 287 | نصيبٌ 0.0026
    عَرضُ 14: رموزٌ 22 | وقوعاتٌ 204 | نصيبٌ 0.0018
    عَرضُ 15: رموزٌ 18 | وقوعاتٌ 197 | نصيبٌ 0.0018
    عَرضُ 16: رموزٌ 12 | وقوعاتٌ 80 | نصيبٌ 0.0007
    عَرضُ 17: رموزٌ 9 | وقوعاتٌ 93 | نصيبٌ 0.0008
    عَرضُ 18: رموزٌ 5 | وقوعاتٌ 85 | نصيبٌ 0.0008
    عَرضُ 19: رموزٌ 8 | وقوعاتٌ 64 | نصيبٌ 0.0006
    عَرضُ 20: رموزٌ 6 | وقوعاتٌ 62 | نصيبٌ 0.0006
    عَرضُ 21: رموزٌ 4 | وقوعاتٌ 45 | نصيبٌ 0.0004
    عَرضُ 22: رموزٌ 3 | وقوعاتٌ 126 | نصيبٌ 0.0011
    عَرضُ 23: رموزٌ 4 | وقوعاتٌ 50 | نصيبٌ 0.0005
    عَرضُ 24: رموزٌ 5 | وقوعاتٌ 40 | نصيبٌ 0.0004
    عَرضُ 25: رموزٌ 2 | وقوعاتٌ 16 | نصيبٌ 0.0001
    عَرضُ 26: رموزٌ 1 | وقوعاتٌ 29 | نصيبٌ 0.0003
    عَرضُ 27: رموزٌ 1 | وقوعاتٌ 11 | نصيبٌ 0.0001
    عَرضُ 28: رموزٌ 1 | وقوعاتٌ 10 | نصيبٌ 0.0001
    عَرضُ 29: رموزٌ 2 | وقوعاتٌ 17 | نصيبٌ 0.0002
    عَرضُ 32: رموزٌ 1 | وقوعاتٌ 8 | نصيبٌ 0.0001
    عَرضُ 34: رموزٌ 1 | وقوعاتٌ 11 | نصيبٌ 0.0001
    عَرضُ 35: رموزٌ 1 | وقوعاتٌ 8 | نصيبٌ 0.0001
    الجملة: رموزٌ 4538 | وقوعاتٌ 110994

  أكثرُ الرموز وقوعًا (ببايتاتها من المصحف):
    ال  (552) وحداتُه 2
    هَا  (518) وحداتُه 2
    هُمْ  (504) وحداتُه 2
    مَا  (491) وحداتُه 2
    نَا  (472) وحداتُه 2
    مِن  (465) وحداتُه 2
    كُمْ  (430) وحداتُه 2
    وَا  (378) وحداتُه 2
    اللَّهُ  (340) وحداتُه 5
    عَلَى  (329) وحداتُه 3
    وَالْ  (329) وحداتُه 3
    إِلَّا  (317) وحداتُه 4
    فِي  (317) وحداتُه 2
    وَمَا  (295) وحداتُه 3
