— الأسطر: 6236 | الحالات: 332837 | الأبجديّة: 15
— انتقالاتٌ مشهودةٌ متمايزة: 135 من 225 ممكنة

— الحارسُ مكتشَفٌ بعَدٍّ تامٍّ على كلّ الطوائف
  محجورةٌ (لا انتقالَ بين أيّ اثنين منها): 6
  والمحجورةُ بعينها: ً · ٌ · ٍ · ًّ · ٌّ · ٍّ
  وحرّةٌ: 9
  فالمتتالية: x² = 9x + 54
  وجذرُها الأكبر ρ = 13.116844 | log₂ ρ = 3.7133

— الطيُّ والفكُّ سطرًا سطرًا، والمقابلةُ حالةً بحالة
  أسطرٌ طُوِيت: 6236 | واسترجعت تامّةً: 6236
  وأطولُ سطرٍ: 551 حالة | وأكبرُ دليلٍ: 2043 بتّة
  ومخالفاتٌ: 0 — **الاسترجاعُ تامٌّ أو يسقط التشغيل**

— ثمنُ الطيّ، أعدادًا صحيحةً لا تقديرًا
  بالحارس: 1239809 بتّة | ⌈log₂ T(n)⌉ مجموعةً على الأسطر
  بلا حارس: 1303478 بتّة | أي أبجديّةً مطلقةً من 15
  فوفَّر الحارسُ: 63669 بتّة
  وللحالة الواحدة: 3.7250 بتّة بالحارس
  وبلا حارس: 3.9163 بتّة

— وما يلزم عن هذا
  الثمنُ أعلاه **مكتوبٌ ومقروء**: يُطوى المجرى إلى أعدادٍ ويُفَكّ
  فيرجع حالةً بحالة. **ولا يُقابَل بإنتروبيا**: تلك حدٌّ أدنى
  لمتوسّطِ شفرةٍ، وهذا **طولُ شفرةٍ قائمةٍ بعينها** على هذه القسمة.
  والمبرهنةُ في src/algebra/folding.py، ومستوفاةٌ على كلّ الجائزات
  حتّى الطول السادس في tests/algebra/test_folding.py.
  ولا يُسمّى المحجورُ سكونًا ولا الحرُّ حركةً — صنفان بالانتقالات.
