— الأسطر: 6236 | الألفاظ: 78245 | الحالات: 332837
— أبجديّةُ الحالات: 15
— محجورةٌ داخلَ اللفظ: 6 | وحرّةٌ: 9
  والمحجورةُ بعينها: ً · ٌ · ٍ · ًّ · ٌّ · ٍّ
  فالمتتالية: x² = 9x + 54

═══ المستوى ١: اللفظُ عددًا واحدًا — والطولُ من العدد لا من خارج ═══
  ألفاظٌ طُوِيت واسترجعت تامّةً: 78245 من 78245
  أطولُ لفظٍ: 11 حالة
  فسعةُ أبجديّةِ الألفاظ A(L) = 2374656395020
  وعرضُها: 42 بتّة

═══ المستوى ٢: السطرُ عددًا واحدًا — على أبجديّةِ الألفاظ ═══
  أسطرٌ طُوِيت واسترجعت تامّةً **إلى الحالات**: 6236
  أطولُ سطرٍ: 129 لفظًا
  وأكبرُ دليلِ سطرٍ: 5268 بتّة
  ومخالفاتٌ: 0 — **الاسترجاعُ تامٌّ أو يسقط التشغيل**

═══ ثمنُ كلّ مستوًى — وما يُسمّى شفرةً وما لا يُسمّى ═══
— شفراتٌ تُفَكّ بلا استعارة (عرضٌ ثابتٌ أو عددٌ واحد)
  اللفظُ بعرضٍ ثابتٍ 42 بتّة × 78245: 3286290 بتّة
  والسطرُ عددًا واحدًا فوق الألفاظ: 3039508 بتّة
  والسطرُ عددًا واحدًا على الحالات مباشرةً: 1225277 بتّة

— فثمنُ حملِ حدودِ الألفاظ، عددًا
  3039508 − 1225277 = 1814231 بتّة
  وللفظِ الواحد: 23.1865 بتّة

— ومجموعُ أطوالِ الأعداد — **وليس طولَ شفرةٍ لمجرًى**
  أطوالُ أدلّةِ الألفاظ مجموعةً: 1100923 بتّة
  ولا يُفَكّ تلاصقُها بلا فاصل، **فلا تُقرَأ شفرةً**؛ وتُطبَع
  كي يُرى الفرقُ بينها وبين العرض الثابت، لا لتُقارَن به.

— وما يلزم عن هذا
  **الحدودُ ثمنٌ**: طيُّ السطر فوق الألفاظ أغلى من طيّه على
  الحالات مباشرةً بالعدد المطبوع أعلاه — **وذلك ثمنُ التقطيع**،
  يُدفَع بتًّا ولا يُوهَب. فمن قسَّم مجرًى إلى ألفاظٍ **زاد**
  ما يُكتَب، ولم يُنقِصه؛ والزيادةُ هي حدودُ الألفاظ نفسُها.
  **والصعودُ يتركّب**: السطرُ عددٌ واحدٌ يُفَكّ فيرجع ألفاظًا ثمّ
  حالاتٍ، **ولا يُمرَّر طولٌ في مستوًى من المستويات** (المبرهنة ٤).
  ولا يُسمّى المحجورُ سكونًا ولا الحرُّ حركةً — صنفان بالانتقالات
  المشهودة **داخلَ اللفظ**، والجوارُ لا يعبر الفاصلَ البنيويّ.
  **ولا يقول الطيُّ إنّ البنيةَ مفهومة** — يقول إنّها مُستَرجَعة.
