— الأسطر: 6236
— الوحدةُ: حرفٌ مع علامته، والمشدَّدُ يُفَكّ شطرين
— والشطرُ الأوّلُ ساكنٌ بحكم البناء، ويتبعه الثاني في اللفظ نفسِه

— الساكنُ U+0645
    جملةً: 9440 | آخرَ لفظه: 5444
    النسبةُ كما تُعَدّ: 0.5767
    شطرُ شدّةٍ: 3244
    ومنها آخرَ لفظه: 0
    مكتوبٌ في المدوّنة: 6196
    النسبةُ بلا المشدَّد: 0.8786
    **السقفُ الأعلى الممكن**: 0.6564

— الساكنُ U+062A
    جملةً: 1499 | آخرَ لفظه: 405
    النسبةُ كما تُعَدّ: 0.2702
    شطرُ شدّةٍ: 817
    ومنها آخرَ لفظه: 0
    مكتوبٌ في المدوّنة: 682
    النسبةُ بلا المشدَّد: 0.5938
    **السقفُ الأعلى الممكن**: 0.4550

— ما لا يدخل هذا السجلّ
  لا اسمَ بابٍ ولا اسمَ علامةٍ ولا اسمَ يونيكود — نقطةُ ترميزٍ ووحدة
  والسقفُ حدٌّ مبرهَنٌ بالبناء لا مقيسٌ: شطرُ الشدّة لا يكون آخرًا
  وهذا يَحُدُّ شرطًا ولا يقلب حكمَه — والقلبُ يحتاج ختمًا جديدًا
