L₀: 364747 وحدةً | أبجديّة 112 | آيات 6236
نقطةُ الصفر: الجملة 2044660 | معجم 0 | بيان 2044660 | ملحَقة 2044336 | انحرافُ الآلتين 0.000000000
  أوّلُ رفضٍ عند الاقتراح 18 (بعد 17 التزامًا) | عَرضُ المرفوض 2 | استبدالاتُه 1397 | الصعودُ لو التُزِم +342.05
  بعد 500: الجملة 1586646 | معجم 13142 | بيان 1573504 | رموز 186914 | أبجديّة 611 | ملحَقة 1585471 | مرتدّ 0.0000 | نسبةٌ 0.7760 | مرفوضاتٌ 23
  بعد 1000: الجملة 1498020 | معجم 28750 | بيان 1469270 | رموز 162349 | أبجديّة 1106 | ملحَقة 1495655 | مرتدّ 0.0001 | نسبةٌ 0.7326 | مرفوضاتٌ 100
  بعد 1500: الجملة 1449565 | معجم 45819 | بيان 1403746 | رموز 148825 | أبجديّة 1592 | ملحَقة 1446114 | مرتدّ 0.0003 | نسبةٌ 0.7090 | مرفوضاتٌ 262
  بعد 2000: الجملة 1420323 | معجم 64514 | بيان 1355809 | رموز 140169 | أبجديّة 2082 | ملحَقة 1415782 | مرتدّ 0.0007 | نسبةٌ 0.6946 | مرفوضاتٌ 576
  بعد 2500: الجملة 1403376 | معجم 83364 | بيان 1320012 | رموز 134375 | أبجديّة 2549 | ملحَقة 1397941 | مرتدّ 0.0012 | نسبةٌ 0.6864 | مرفوضاتٌ 1931

الوقوف: توالى 500 رفضًا
  اقتراحاتٌ 8729 | التزاماتٌ 2662 | مرفوضاتٌ 6067 | أوّلُ رفضٍ بعد 17 التزامًا
  التزاماتٌ بفرقٍ غيرِ سالب: 0
  التزاماتٌ بعد أوّل رفض: 2645
  أقصى انحرافٍ بين الآلتين عند نقاط الفحص: 0.000000000
  الجملة 1400392 | النسبةُ إلى L₀ 0.6849 | الملحَقة 1394894 | فرقٌ +5497
  الرجعة: مواضعُ الخلاف بين بسطِ الرموز ومجرى L₀ = 0
  لا يعبر الفراغَ: 118823 من 133230 = 0.8919

  المجموعةُ المولَّدةُ مقسومةً بالعَرض:
    عَرضُ 1: رموزٌ 112 | وقوعاتٌ 43593 | نصيبٌ 0.3272
    عَرضُ 2: رموزٌ 518 | وقوعاتٌ 33324 | نصيبٌ 0.2501
    عَرضُ 3: رموزٌ 715 | وقوعاتٌ 25776 | نصيبٌ 0.1935
    عَرضُ 4: رموزٌ 404 | وقوعاتٌ 10680 | نصيبٌ 0.0802
    عَرضُ 5: رموزٌ 349 | وقوعاتٌ 8574 | نصيبٌ 0.0644
    عَرضُ 6: رموزٌ 243 | وقوعاتٌ 4855 | نصيبٌ 0.0364
    عَرضُ 7: رموزٌ 110 | وقوعاتٌ 1987 | نصيبٌ 0.0149
    عَرضُ 8: رموزٌ 74 | وقوعاتٌ 1449 | نصيبٌ 0.0109
    عَرضُ 9: رموزٌ 43 | وقوعاتٌ 706 | نصيبٌ 0.0053
    عَرضُ 10: رموزٌ 26 | وقوعاتٌ 483 | نصيبٌ 0.0036
    عَرضُ 11: رموزٌ 29 | وقوعاتٌ 645 | نصيبٌ 0.0048
    عَرضُ 12: رموزٌ 13 | وقوعاتٌ 188 | نصيبٌ 0.0014
    عَرضُ 13: رموزٌ 19 | وقوعاتٌ 285 | نصيبٌ 0.0021
    عَرضُ 14: رموزٌ 7 | وقوعاتٌ 71 | نصيبٌ 0.0005
    عَرضُ 15: رموزٌ 7 | وقوعاتٌ 141 | نصيبٌ 0.0011
    عَرضُ 16: رموزٌ 3 | وقوعاتٌ 40 | نصيبٌ 0.0003
    عَرضُ 17: رموزٌ 3 | وقوعاتٌ 55 | نصيبٌ 0.0004
    عَرضُ 18: رموزٌ 2 | وقوعاتٌ 107 | نصيبٌ 0.0008
    عَرضُ 19: رموزٌ 1 | وقوعاتٌ 7 | نصيبٌ 0.0001
    عَرضُ 20: رموزٌ 2 | وقوعاتٌ 24 | نصيبٌ 0.0002
    عَرضُ 21: رموزٌ 1 | وقوعاتٌ 28 | نصيبٌ 0.0002
    عَرضُ 22: رموزٌ 2 | وقوعاتٌ 141 | نصيبٌ 0.0011
    عَرضُ 24: رموزٌ 1 | وقوعاتٌ 21 | نصيبٌ 0.0002
    عَرضُ 26: رموزٌ 1 | وقوعاتٌ 50 | نصيبٌ 0.0004
    الجملة: رموزٌ 2685 | وقوعاتٌ 133230

  المرفوضاتُ مقسومةً بالعَرض:
    عَرضُ 2: مرفوضاتٌ 1027
    عَرضُ 3: مرفوضاتٌ 1409
    عَرضُ 4: مرفوضاتٌ 1136
    عَرضُ 5: مرفوضاتٌ 793
    عَرضُ 6: مرفوضاتٌ 504
    عَرضُ 7: مرفوضاتٌ 331
    عَرضُ 8: مرفوضاتٌ 251
    عَرضُ 9: مرفوضاتٌ 167
    عَرضُ 10: مرفوضاتٌ 122
    عَرضُ 11: مرفوضاتٌ 71
    عَرضُ 12: مرفوضاتٌ 74
    عَرضُ 13: مرفوضاتٌ 35
    عَرضُ 14: مرفوضاتٌ 36
    عَرضُ 15: مرفوضاتٌ 24
    عَرضُ 16: مرفوضاتٌ 20
    عَرضُ 17: مرفوضاتٌ 8
    عَرضُ 18: مرفوضاتٌ 11
    عَرضُ 19: مرفوضاتٌ 14
    عَرضُ 20: مرفوضاتٌ 4
    عَرضُ 21: مرفوضاتٌ 5
    عَرضُ 22: مرفوضاتٌ 4
    عَرضُ 23: مرفوضاتٌ 7
    عَرضُ 24: مرفوضاتٌ 3
    عَرضُ 25: مرفوضاتٌ 3
    عَرضُ 27: مرفوضاتٌ 3
    عَرضُ 29: مرفوضاتٌ 4
    عَرضُ 34: مرفوضاتٌ 1
    استبدالاتُ المرفوض: أدنى 5 | وسيطٌ 7 | أعلى 1397

  أكثرُ الرموز وقوعًا (ببايتاتها من المصحف):
    ال  (1148) وحداتُه 2
    نَا  (1014) وحداتُه 2
    هُمْ  (1001) وحداتُه 2
    مَا  (977) وحداتُه 2
    مِن  (858) وحداتُه 2
    كُمْ  (856) وحداتُه 2
    هَا  (656) وحداتُه 2
    اللَّهُ  (631) وحداتُه 5
    لَا  (520) وحداتُه 2
    إِلَّا  (518) وحداتُه 4
    فِي  (504) وحداتُه 2
    أَن  (487) وحداتُه 2
    وَمَا  (479) وحداتُه 3
    هُوَ  (455) وحداتُه 2
