— تشخيصُ أوّل رفضٍ: أُعيد بالآلة المنشورة على الآيات لا بالعدّادات

— الرفضُ عند الاقتراح 18: الزوجُ (30, 3) | عَرضٌ 2
  استبدالاتُه شفعًا 673 ووترًا 724
  بايتاتُ طرفيه: وَ + ا

  قبلُ من العدّادات: 1930983.3165 | 284.5376 | 1930698.7789 | 303881.0000 | 129.0000 | 1930893.5376 | 0.0000
  بعدُ من العدّادات: 1931325.3673 | 300.4742 | 1931024.8931 | 302484.0000 | 130.0000 | 1931236.4742 | 0.0000

  قبلُ من الآيات:   1930983.3165 | 284.5376 | 1930698.7789 | 303881.0000 | 129.0000 | 1930893.5376 | 0.0000
  بعدُ من الآيات:   1931325.3673 | 300.4742 | 1931024.8931 | 302484.0000 | 130.0000 | 1931236.4742 | 0.0000

  الفرقُ من العدّادات +342.0509
  الفرقُ من الآيات   +342.0509
  انحرافُ الآلتين قبلُ 0.000000000 وبعدُ 0.000000000

  المعجم 284.5 ⟶ 300.5 (+15.9)
  البيان 1930698.8 ⟶ 1931024.9 (+326.1)
  العدد  303881 ⟶ 302484 (-1397)
  طولُ الرمز 6.3535 ⟶ 6.3839 (+0.0304)
  المرتدّ 0.000000 ⟶ 0.000000

— وهل يلتزمه الصعودُ الكتليّ؟

الدمجاتُ السبعَ عشرةَ الأولى: الآلتان تقترحان الزوجَ نفسَه في كلٍّ
الدمجةُ الثامنةَ عشرةَ التي يلتزمها الكتليُّ: (30, 3) بوقوعٍ خامٍ 1397
وهي الزوجُ الذي رفضه الترخيص: True

— أطوالُ الشفرة: أين ذهب البتّ فعلًا

قبلُ: وقوعُ الأوّل 11951 بشفرةٍ 5 بتًّا
      وقوعُ الثاني 15670 بشفرةٍ 4 بتًّا
      فثمنُ الزوج معًا 9 بتًّا للوقوع الواحد
بعدُ: وقوعُ المولود 1397 بشفرةٍ 8 بتًّا
      وقوعُ الأوّل 10554 بشفرةٍ 5 بتًّا
      وقوعُ الثاني 14273 بشفرةٍ 4 بتًّا

الاستبدالاتُ 1397
  ما كانت تكلّفه: 1397 × 9 = 12573 بتًّا
  وما صارت تكلّفه: 1397 × 8 = 11176 بتًّا
  فالفرقُ على الاستبدالات وحدَها -1397

  سائرُ الرموز: 1808174 ⟶ 1809898 (+1724)
  الطرفان فيما لم يُستبدَل: 109862 ⟶ 109862 (+0)

  جملةُ البتّات داخلَ العيّنة: 1930609 ⟶ 1930936
  عددُ الرموز 303881 ⟶ 302484
