L₀: 364747 وحدةً | أبجديّة 112 | آيات 6236

— ١) التكلفةُ لوغاريتمُ التباديل المتمايزة
  log₂ من تباديل متعدّد المجموعة: 2035215.1787 بتًّا
  N·H بالإنتروبيا:                2035933.4546 بتًّا
  الفرقُ للرمز الواحد:            +0.001969
  N·L بشفرة هوفمان:               2044336.0000 بتًّا
  L − H للرمز:                    +0.023037

— ٢) ماركوف: ما تحمله السلسلةُ ويُغفِله اللاسياق
  H(Xₜ₊₁) = 5.579176 | H(Xₜ₊₁|Xₜ) = 4.275577
  I(Xₜ;Xₜ₊₁) = 1.303600 بتًّا للموضع
  Σ p·PMI    = 1.303600
  |I − Σ p·PMI| = 0.000000000000
  مواضعُ الجوار 358511 | السقفُ من الرتبة الأولى 467355 بتًّا

— ٣) 200 زوجًا: الربحُ المشتَقّ مقابلَ الربح المقيس
  أزواجٌ مقيسة: 200
  ρ(الوقوع، الربحِ المقيس)   = +0.1805
  ρ(المشتَقّ، الربحِ المقيس)  = +0.9759
  ρ(التقريبِ، الربحِ المقيس) = +0.9655
  ρ(PMI، الربحِ المقيس)      = +0.9221
  ρ(الوقوع، PMI)             = +0.1872
  توافقُ الإشارة: 187 من 200 = 0.9350
  عتبةُ PMI > log₂e (1.4427): توافقٌ 190 من 200 = 0.9500
  |المشتَقّ − المقيس| ÷ |المقيس| على ما |ربحُه| ≥ ١ بتًّا (200 زوجًا): وسيطٌ 0.1997 | أدنى 0.0038 | المئينُ ٩٠ 1.0788 | أعلى 43.7226

— ٤) السقفُ الماركوفيُّ من الرتبة الأولى
  بيانُ نقطة الصفر داخلَ العيّنة: 2044336
  بيانُ أفضلِ نقطةٍ كتليّةٍ داخلَ العيّنة: 1219718
  فالمُوفَّرُ: 824618 بتًّا
  والسقفُ من الرتبة الأولى: 467355 بتًّا
  النسبةُ المُوفَّر ÷ السقف: 1.7644
  فإن جاوزت الواحدَ فالصعودُ يبلغ ما فوق الرتبة الأولى، وإن لم تجاوزه فما بلغه يسعه اقترانُ الجارين وحدَه

— ٥) استقراءٌ على الدمجات: أتُصان الهويّةُ صعودًا؟
  بعد 500: أبجديّة 611 | N 185705 | تباديلُ 1566502 | N·H 1569583 | للرمز +0.016588 | L−H +0.026048
  بعد 1000: أبجديّة 1109 | N 160485 | تباديلُ 1462016 | N·H 1466954 | للرمز +0.030770 | L−H +0.027673
  بعد 1500: أبجديّة 1601 | N 146185 | تباديلُ 1395306 | N·H 1401892 | للرمز +0.045056 | L−H +0.027636
  بعد 2000: أبجديّة 2099 | N 136553 | تباديلُ 1348789 | N·H 1356912 | للرمز +0.059482 | L−H +0.030437
  أقصى فرقٍ للرمز بين التباديل وN·H على النقاط: +0.059482
