— لا قياسَ جديدًا: إعادةُ حسابٍ من أعدادٍ معروضةٍ في أنبوبٍ آخر
— المقام: 662 موضعًا
— خاناتُ «حالة التالي» المنشورة: 3 | «النفي السابق»: 2

— أيُّ عددٍ للاستثناء يُغلِق الحساب؟
    استثناء=105: خانتا «النفي» تحملان 105 على 662 موضعًا | أيُغلِق؟ True
    استثناء=102: خانتا «النفي» تحملان 105 على 662 موضعًا | أيُغلِق؟ False
  ⇒ العددُ الذي يُغلِق وحدَه: 105
  والعددُ الآخرُ المعروضُ في الإيداع لا يُغلِق — ويُسمّى ولا يُخمَّن

— H(الوظيفة) = 0.630974 بت

— إعادةُ اشتقاق المعلومات: خامًا وبتصحيح ميلر–مادو
    م١: خاناتٌ 2 | خامًا 0.009000 | مُصحَّحًا 0.007910 | المنشور 0.0079 | فرقٌ 0.000010
    م٢: خاناتٌ 4 | خامًا 0.041109 | مُصحَّحًا 0.037840 | المنشور 0.0378 | فرقٌ 0.000040
  ⇒ والتصحيحُ المستعمَلُ ميلر–مادو، يُشتَقّ ولا يُنقَل

— induction ON: التنقيحُ لا يُنقِص المعلومات — مبرهنةٌ مُصانة
  أقصى (معلوماتُ قسمةٍ خشنةٍ − معلوماتُ التامّة): +0.000000
  فما من تكتيلٍ يزيد على التفصيل — والحدُّ الأدنى للمنشور محفوظ

— التصعيدُ بتّةً بتّة على «حالة التالي»
  د1 «أمن NOM؟»: H = 0.595274 | ربحٌ +0.035701 | كتلٌ 2
  د2 «أمن بقيّة؟»: H = 0.591636 | ربحٌ +0.003638 | كتلٌ 3
  د3 «أمن ACC؟»: H = 0.589866 | ربحٌ +0.001770 | كتلٌ 4
  عددُ البتّات المصروفة: 3 | والسقفُ الخام ⌈log₂4⌉ = 2
  نصيبُ البتّة الأولى من الكسب الخام: 0.868450
  أأسرف الجشعُ بتّةً؟ True — صرف 3 حيث تكفي 2
— ما تبقّى من الحيرة بعد أقوى ملمح
  H بعد أقوى ملمحٍ مُصحَّحًا: 0.593135 من 0.630974 = 94.0030% باقيةٌ بلا مساس

— induction FOR: ما أعلنه الأنبوبُ عن المحجوز
    بايز           270/341 = 79.1789% | ويلسن ٩٥٪ [74.5561% , 83.1516%]
    الأغلبُ الأعمى 269/341 = 78.8856% | ويلسن ٩٥٪ [74.2443% , 82.8834%]
  أيتداخل المجالان؟ True
  واستردادُ الاستثناء: 1 من 72 = 1.3889%
  فالزيادةُ موضعٌ واحدٌ من 341: 0.2933%

— ما لا يُعاد اشتقاقُه
  م٣ وم٤ وم٥ بلا تفصيلٍ منشور — فلا تُعاد، ولا تُصدَّق ولا تُكذَّب
  وجداءُ الملامح غيرُ منشور — فلا يُبنى سلّمٌ عبر ملمحين

— ما لا يُدَّعى
  لا تشجيرَ في هذه الشجرة: لا يُعاد القياسُ، ويُعاد الحسابُ وحدَه
  ولا تُوقَّع قراءةُ الكتاب في «إنّما» ولا حكمُ المُشجِّر في «إلّا»
  والمقامُ 662 موضعًا: لا حكمٌ على العربيّة
