L₀: 364747 وحدةً | أبجديّة 112
نقطةُ الصفر: الجملة 2044660 | بيانٌ هوفمانيّ 2044660 | H 5.5818 | الفرقُ للرمز +0.0239 | ملحَقة 2044336
  بعد 500: الجملة 1588592 | معجم 13067 | بيان 1575525 | رموز 185705 | أبجديّة 611 | H 8.4520 | L−H +0.0320 | مرتدّ 0.0000 | ملحَقة 1587487 | فرق +1105 ↓
  بعد 1000: الجملة 1502211 | معجم 28383 | بيان 1473829 | رموز 160485 | أبجديّة 1109 | H 9.1408 | L−H +0.0428 | مرتدّ 0.0001 | ملحَقة 1499778 | فرق +2434 ↓
  بعد 1500: الجملة 1454398 | معجم 44922 | بيان 1409476 | رموز 146185 | أبجديّة 1601 | H 9.5898 | L−H +0.0519 | مرتدّ 0.0002 | ملحَقة 1450854 | فرق +3544 ↓
  بعد 2000: الجملة 1429607 | معجم 62927 | بيان 1366680 | رموز 136553 | أبجديّة 2099 | H 9.9369 | L−H +0.0715 | مرتدّ 0.0004 | ملحَقة 1423995 | فرق +5612 ↓
  بعد 2500: الجملة 1411295 | معجم 81466 | بيان 1329829 | رموز 129370 | أبجديّة 2595 | H 10.2013 | L−H +0.0780 | مرتدّ 0.0008 | ملحَقة 1405157 | فرق +6138 ↓
  بعد 3000: الجملة 1402375 | معجم 102094 | بيان 1300281 | رموز 123526 | أبجديّة 3083 | H 10.4351 | L−H +0.0913 | مرتدّ 0.0013 | ملحَقة 1394893 | فرق +7482 ↓
  بعد 3500: الجملة 1396608 | معجم 121324 | بيان 1275284 | رموز 118730 | أبجديّة 3566 | H 10.6350 | L−H +0.1060 | مرتدّ 0.0020 | ملحَقة 1387568 | فرق +9040 ↓
  بعد 4000: الجملة 1395046 | معجم 142873 | بيان 1252173 | رموز 114577 | أبجديّة 4053 | H 10.8073 | L−H +0.1214 | مرتدّ 0.0029 | ملحَقة 1384507 | فرق +10539 ↓
  بعد 4500: الجملة 1394638 | معجم 163822 | بيان 1230816 | رموز 110994 | أبجديّة 4538 | H 10.9608 | L−H +0.1282 | مرتدّ 0.0044 | ملحَقة 1383540 | فرق +11098 ↓
  بعد 5000: الجملة 1398008 | معجم 185923 | بيان 1212085 | رموز 107841 | أبجديّة 5009 | H 11.0921 | L−H +0.1475 | مرتدّ 0.0060 | ملحَقة 1385058 | فرق +12950 ↑

نقطةُ الوقوف: 5000 | أفضلُ تكلفةٍ عند 4500
  الجملة 1394638 | النسبةُ إلى L₀ 0.6821
  لا يعبر الفراغَ: 93005 من 110994 = 0.8379

  العبورُ مقسومًا بالعَرض (نصيبٌ من الجملة | معدّلٌ داخلَ المجموعة):
    عَرضُ 1: عابرٌ 0 من 22569 | نصيبٌ 0.0000 | معدّلٌ 0.0000
    عَرضُ 2: عابرٌ 1168 من 28563 | نصيبٌ 0.0649 | معدّلٌ 0.0409
    عَرضُ 3: عابرٌ 3435 من 25294 | نصيبٌ 0.1910 | معدّلٌ 0.1358
    عَرضُ 4: عابرٌ 2555 من 11794 | نصيبٌ 0.1420 | معدّلٌ 0.2166
    عَرضُ 5: عابرٌ 2006 من 9002 | نصيبٌ 0.1115 | معدّلٌ 0.2228
    عَرضُ 6: عابرٌ 1814 من 5308 | نصيبٌ 0.1008 | معدّلٌ 0.3417
    عَرضُ 7: عابرٌ 1534 من 2479 | نصيبٌ 0.0853 | معدّلٌ 0.6188
    عَرضُ 8: عابرٌ 1425 من 1803 | نصيبٌ 0.0792 | معدّلٌ 0.7903
    عَرضُ 9: عابرٌ 742 من 872 | نصيبٌ 0.0412 | معدّلٌ 0.8509
    عَرضُ 10: عابرٌ 749 من 749 | نصيبٌ 0.0416 | معدّلٌ 1.0000
    عَرضُ 11: عابرٌ 745 من 745 | نصيبٌ 0.0414 | معدّلٌ 1.0000
    عَرضُ 12: عابرٌ 373 من 373 | نصيبٌ 0.0207 | معدّلٌ 1.0000
    عَرضُ 13: عابرٌ 287 من 287 | نصيبٌ 0.0160 | معدّلٌ 1.0000
    عَرضُ 14: عابرٌ 204 من 204 | نصيبٌ 0.0113 | معدّلٌ 1.0000
    عَرضُ 15: عابرٌ 197 من 197 | نصيبٌ 0.0110 | معدّلٌ 1.0000
    عَرضُ 16: عابرٌ 80 من 80 | نصيبٌ 0.0044 | معدّلٌ 1.0000
    عَرضُ 17: عابرٌ 93 من 93 | نصيبٌ 0.0052 | معدّلٌ 1.0000
    عَرضُ 18: عابرٌ 85 من 85 | نصيبٌ 0.0047 | معدّلٌ 1.0000
    عَرضُ 19: عابرٌ 64 من 64 | نصيبٌ 0.0036 | معدّلٌ 1.0000
    عَرضُ 20: عابرٌ 62 من 62 | نصيبٌ 0.0034 | معدّلٌ 1.0000
    عَرضُ 21: عابرٌ 45 من 45 | نصيبٌ 0.0025 | معدّلٌ 1.0000
    عَرضُ 22: عابرٌ 126 من 126 | نصيبٌ 0.0070 | معدّلٌ 1.0000
    عَرضُ 23: عابرٌ 50 من 50 | نصيبٌ 0.0028 | معدّلٌ 1.0000
    عَرضُ 24: عابرٌ 40 من 40 | نصيبٌ 0.0022 | معدّلٌ 1.0000
    عَرضُ 25: عابرٌ 16 من 16 | نصيبٌ 0.0009 | معدّلٌ 1.0000
    عَرضُ 26: عابرٌ 29 من 29 | نصيبٌ 0.0016 | معدّلٌ 1.0000
    عَرضُ 27: عابرٌ 11 من 11 | نصيبٌ 0.0006 | معدّلٌ 1.0000
    عَرضُ 28: عابرٌ 10 من 10 | نصيبٌ 0.0006 | معدّلٌ 1.0000
    عَرضُ 29: عابرٌ 17 من 17 | نصيبٌ 0.0009 | معدّلٌ 1.0000
    عَرضُ 32: عابرٌ 8 من 8 | نصيبٌ 0.0004 | معدّلٌ 1.0000
    عَرضُ 34: عابرٌ 11 من 11 | نصيبٌ 0.0006 | معدّلٌ 1.0000
    عَرضُ 35: عابرٌ 8 من 8 | نصيبٌ 0.0004 | معدّلٌ 1.0000
    جملةُ العابرات: 17989

  المجموعةُ المولَّدةُ مقسومةً بالعَرض:
    عَرضُ 1: رموزٌ 112 | وقوعاتٌ 22569 | نصيبٌ 0.2033
    عَرضُ 2: رموزٌ 848 | وقوعاتٌ 28563 | نصيبٌ 0.2573
    عَرضُ 3: رموزٌ 1161 | وقوعاتٌ 25294 | نصيبٌ 0.2279
    عَرضُ 4: رموزٌ 706 | وقوعاتٌ 11794 | نصيبٌ 0.1063
    عَرضُ 5: رموزٌ 592 | وقوعاتٌ 9002 | نصيبٌ 0.0811
    عَرضُ 6: رموزٌ 394 | وقوعاتٌ 5308 | نصيبٌ 0.0478
    عَرضُ 7: رموزٌ 195 | وقوعاتٌ 2479 | نصيبٌ 0.0223
    عَرضُ 8: رموزٌ 150 | وقوعاتٌ 1803 | نصيبٌ 0.0162
    عَرضُ 9: رموزٌ 83 | وقوعاتٌ 872 | نصيبٌ 0.0079
    عَرضُ 10: رموزٌ 66 | وقوعاتٌ 749 | نصيبٌ 0.0067
    عَرضُ 11: رموزٌ 59 | وقوعاتٌ 745 | نصيبٌ 0.0067
    عَرضُ 12: رموزٌ 39 | وقوعاتٌ 373 | نصيبٌ 0.0034
    عَرضُ 13: رموزٌ 27 | وقوعاتٌ 287 | نصيبٌ 0.0026
    عَرضُ 14: رموزٌ 22 | وقوعاتٌ 204 | نصيبٌ 0.0018
    عَرضُ 15: رموزٌ 18 | وقوعاتٌ 197 | نصيبٌ 0.0018
    عَرضُ 16: رموزٌ 12 | وقوعاتٌ 80 | نصيبٌ 0.0007
    عَرضُ 17: رموزٌ 9 | وقوعاتٌ 93 | نصيبٌ 0.0008
    عَرضُ 18: رموزٌ 5 | وقوعاتٌ 85 | نصيبٌ 0.0008
    عَرضُ 19: رموزٌ 8 | وقوعاتٌ 64 | نصيبٌ 0.0006
    عَرضُ 20: رموزٌ 6 | وقوعاتٌ 62 | نصيبٌ 0.0006
    عَرضُ 21: رموزٌ 4 | وقوعاتٌ 45 | نصيبٌ 0.0004
    عَرضُ 22: رموزٌ 3 | وقوعاتٌ 126 | نصيبٌ 0.0011
    عَرضُ 23: رموزٌ 4 | وقوعاتٌ 50 | نصيبٌ 0.0005
    عَرضُ 24: رموزٌ 5 | وقوعاتٌ 40 | نصيبٌ 0.0004
    عَرضُ 25: رموزٌ 2 | وقوعاتٌ 16 | نصيبٌ 0.0001
    عَرضُ 26: رموزٌ 1 | وقوعاتٌ 29 | نصيبٌ 0.0003
    عَرضُ 27: رموزٌ 1 | وقوعاتٌ 11 | نصيبٌ 0.0001
    عَرضُ 28: رموزٌ 1 | وقوعاتٌ 10 | نصيبٌ 0.0001
    عَرضُ 29: رموزٌ 2 | وقوعاتٌ 17 | نصيبٌ 0.0002
    عَرضُ 32: رموزٌ 1 | وقوعاتٌ 8 | نصيبٌ 0.0001
    عَرضُ 34: رموزٌ 1 | وقوعاتٌ 11 | نصيبٌ 0.0001
    عَرضُ 35: رموزٌ 1 | وقوعاتٌ 8 | نصيبٌ 0.0001
    الجملة: رموزٌ 4538 | وقوعاتٌ 110994

  أكثرُ الرموز وقوعًا (ببايتاتها):
    ال  (552) وحداتُه 2
    هَا  (518) وحداتُه 2
    هُمْ  (504) وحداتُه 2
    مَا  (491) وحداتُه 2
    نَا  (472) وحداتُه 2
    مِن  (465) وحداتُه 2
    كُمْ  (430) وحداتُه 2
    وَا  (378) وحداتُه 2
    اللَّهُ  (340) وحداتُه 5
    عَلَى  (329) وحداتُه 3
    وَالْ  (329) وحداتُه 3
    إِلَّا  (317) وحداتُه 4
    فِي  (317) وحداتُه 2
    وَمَا  (295) وحداتُه 3
