L₀: 364747 وحدةً | أبجديّة 112
العمقُ 24 للذراعين، ولا يفترقان إلّا في بتّةٍ واحدة

— الذراعُ كما هو
  البتّةُ المرفوعةُ — أوّلُ حالٍ يختلف فيه الحكمان:
    عند الالتزام 2 | رتبتُها الخام 2
    طرفاها ببايتاتهما: «مدًى صفرٌ في البايتات» + لَّ
    وقوعُ الطرفين 8261 و17463 | استبدالاتُها 4863
    عَرضُها 2
    PMI +3.5700 | PMI − log₂e +2.1273
    الربحُ المشتَقُّ بالتباديل +14046.85
    الربحُ المقيس +15331.93
    وما كان «أوّلُ رابح» يأخذه: رتبةٌ 1 بربحٍ +8587.83
    بعد 500: الجملة 1595966 | أبجديّة 600 | نسبةٌ 0.7806 | اختلافاتٌ 488
    بعد 1000: الجملة 1508450 | أبجديّة 1058 | نسبةٌ 0.7378 | اختلافاتٌ 983
    بعد 1500: الجملة 1473051 | أبجديّة 1478 | نسبةٌ 0.7204 | اختلافاتٌ 1480
    الوقوف: التزاماتٌ 1530 | اقتراحاتٌ 36744 | مرفوضاتٌ 4754 | اختلافاتٌ 1502
    الجملة 1472223 | النسبةُ إلى L₀ 0.7200 | رموزٌ 1501
    بلا نزولٍ 0 | رجعةٌ 0 | انحرافٌ 0.000000000 | لا يعبر الفراغَ 0.9449

— الذراعُ وقد رُفِعت البتّة
    بعد 500: الجملة 1592981 | أبجديّة 600 | نسبةٌ 0.7791 | اختلافاتٌ 487
    بعد 1000: الجملة 1497489 | أبجديّة 1058 | نسبةٌ 0.7324 | اختلافاتٌ 977
    بعد 1500: الجملة 1463610 | أبجديّة 1490 | نسبةٌ 0.7158 | اختلافاتٌ 1471
    الوقوف: التزاماتٌ 1590 | اقتراحاتٌ 38184 | مرفوضاتٌ 4869 | اختلافاتٌ 1557
    الجملة 1461028 | النسبةُ إلى L₀ 0.7146 | رموزٌ 1556
    بلا نزولٍ 0 | رجعةٌ 0 | انحرافٌ 0.000000000 | لا يعبر الفراغَ 0.9438

— أثرُ البتّة الواحدة معزولًا
  الجملةُ كما هي 1472223 | وقد رُفِعت 1461028
  الفرقُ (مرفوعةً − كما هي) -11194 بتًّا
  النسبةُ إلى الجملة 0.007604
  التزاماتٌ 1530 ⟶ 1590 (+60)
  رموزٌ 1501 ⟶ 1556 (+55)
  رجعةُ الذراعين 0 و0
  بلا نزولٍ في الذراعين 0 و0
  أقصى انحرافٍ في الذراعين 0.000000000
