— لا مدوّنةَ ههنا: عدّاداتٌ ببذرةٍ 7
— وحداتٌ 8 | خاناتٌ 4 | سقفُ العدّاد 40
— مجموعُ الوقوعات: 602
— الثابتُ Σ w·H(P_u): 992.578985

— الهويّةُ على 200 قسمةٍ عشوائيّة
— أقصى انحرافٍ بين الصيغتين: 2.700062e-13
— وضجيجُ الآلة على هذا المقدار نحو: 1.336709e-13
— أتُغلِق؟ نعم

— البرمجةُ الديناميكيّةُ مقابَلةً بالتعداد التامّ
  وحداتٌ | كتلٌ | قسماتٌ عُدَّت | أمثلُ التعداد | أمثلُ البرمجة | فرقٌ
  6 | 1 | 1 | 722.645796 | 722.645796 | 0.000e+00
  6 | 2 | 31 | 690.931985 | 690.931985 | 0.000e+00
  6 | 3 | 90 | 679.939513 | 679.939513 | 0.000e+00
  6 | 4 | 65 | 675.221095 | 675.221095 | 0.000e+00
  6 | 5 | 15 | 673.364563 | 673.364563 | 1.137e-13
  6 | 6 | 1 | 672.526941 | 672.526941 | 1.137e-13
  7 | 1 | 1 | 1073.606824 | 1073.606824 | 0.000e+00
  7 | 2 | 63 | 1040.342063 | 1040.342063 | 0.000e+00
  7 | 3 | 301 | 1024.479374 | 1024.479374 | 0.000e+00
  7 | 4 | 350 | 1013.330932 | 1013.330932 | 0.000e+00
  7 | 5 | 140 | 1005.957382 | 1005.957382 | 1.137e-13
  7 | 6 | 21 | 1001.667711 | 1001.667711 | 1.137e-13
  7 | 7 | 1 | 999.425114 | 999.425114 | 0.000e+00
— مقاماتٌ خالفت: 0

— الحاجزُ: 3ⁿ دون B(n) — والفرقُ يُعَدّ لا يُوصَف
  n | 3ⁿ | B(n) | B(n)/3ⁿ
  8 | 6561 | 4140 | 0.63
  9 | 19683 | 21147 | 1.07
  10 | 59049 | 115975 | 1.96
  11 | 177147 | 678570 | 3.83
  12 | 531441 | 4213597 | 7.93
  13 | 1594323 | 27644437 | 17.34
  14 | 4782969 | 190899322 | 39.91
— وعند n = 112: log₁₀(3ⁿ) = 53.4376
— فيبقى ممتنعًا، والامتناعُ يُقال عددًا لا ظنًّا

— الجشعُ مقابَلًا بالأمثل اليقينيّ على المُدخَل نفسِه
  كتلٌ | أمثلُ يقينيّ | جشعٌ | زيادةٌ مئويّة
  2 | 1078.450021 | 1078.450021 | 0.0000
  3 | 1044.268678 | 1044.268678 | 0.0000
  4 | 1012.087442 | 1012.087442 | 0.0000
  5 | 1004.954217 | 1004.954217 | 0.0000
  6 | 998.565103 | 998.565103 | 0.0000
  7 | 994.410306 | 994.410306 | 0.0000
— مقاماتٌ طابق فيها الجشعُ الأمثلَ: 6 من 6
— أقصى زيادةٍ مئويّة: 0.0000
— والجشعُ غيرُ مبرهَن: ما بُلِغ حدٌّ أعلى للخسارة، لا ضمانٌ

— وشاهدُ سقوطِ الجشع — **مطلوبٌ لا مفترَض**
  فمُدخَلٌ يطابق فيه الجشعُ الأمثلَ لا يُثبِت أنّه يطابقه دائمًا،
  **فيُطلَب مُدخَلٌ يسقط فيه** ويُعرَض ببذرته كي يُعاد.
— بذرةٌ 339 | وحداتٌ 7 | خاناتٌ 3
  كتلٌ | أمثلُ يقينيّ | جشعٌ | زيادةٌ مئويّة
  2 | 143.553936 | 147.140355 | 2.4983
  3 | 138.341217 | 138.341217 | 0.0000
  4 | 134.958410 | 134.958410 | 0.0000
  5 | 133.071017 | 133.071017 | 0.0000
  6 | 132.730409 | 132.730409 | 0.0000
— أقصى زيادةٍ: 2.4983 عند كتلٍ 2
— وأقصاها عند أصغرِ عددِ كتل — وذلك مقامُ n الكبيرة بـk صغيرة

— دعوى الضمان بـsubmodular — تُنقَض عددًا
— أدنى f(S+a)+f(S+b) − f(S+ab) − f(S): -2.748369e+01
— عند |S| = 1 وعنصرين 5 و6
— ومقياسُ المقادير: 157.356973 | وضجيجُ الآلة عليه: 3.494027e-14
— نسبةُ النقض إلى الضجيج: 7.865908e+14
— أنقضٌ حقيقيٌّ فوق الضجيج؟ نعم

— ما لا يدخل هذا السجلّ
  لا مدوّنةَ ولا لغةَ ولا اسمَ بابٍ — عدّاداتٌ ببذرةٍ مُعلَنة
  والحاجزُ 3ⁿ لا B(n)، وذلك تصحيحُ وصفٍ سابقٍ لا نتيجةٌ جديدة
  والنقضُ يقطع طريقَ ضمانٍ واحدًا ولا يُثبِت أنّ الجشعَ سيّئ
  و3ⁿ لا تفوق B(n) إلّا من n = 9؛ وعند 8 التعدادُ أرخص
