L₀: 364747 وحدةً | أبجديّة 112 | آيات 6236
الذراعان يختلفان في الوسم وحدَه، والعمقُ 24 لكليهما

— ذراعُ الوسم الـأبديّ (عمقٌ 24)
    بعد 500: الجملة 1586646 | أبجديّة 611 | ملحَقة 1585471 | نسبةٌ 0.7760 | مرفوضاتٌ 23 | وسومٌ مرفوعة 0
    بعد 1000: الجملة 1498020 | أبجديّة 1106 | ملحَقة 1495655 | نسبةٌ 0.7326 | مرفوضاتٌ 100 | وسومٌ مرفوعة 0
    بعد 1500: الجملة 1449565 | أبجديّة 1592 | ملحَقة 1446114 | نسبةٌ 0.7090 | مرفوضاتٌ 262 | وسومٌ مرفوعة 0
    بعد 2000: الجملة 1420323 | أبجديّة 2082 | ملحَقة 1415782 | نسبةٌ 0.6946 | مرفوضاتٌ 576 | وسومٌ مرفوعة 0
    الوقوف: التزاماتٌ 2308 | اقتراحاتٌ 3424 | مرفوضاتٌ 1116 | وسومٌ رُفِعت ثمّ التُزِمت 0
    الجملة 1408581 | النسبةُ إلى L₀ 0.6889 | الملحَقة 1403292 | رموزٌ 2377
    بلا نزولٍ 0 | رجعةٌ 0 | انحرافٌ 0.000000000 | لا يعبر الفراغَ 0.8964

— ذراعُ الوسم الـمؤقّت (عمقٌ 24)
    بعد 500: الجملة 1587964 | أبجديّة 611 | ملحَقة 1586813 | نسبةٌ 0.7766 | مرفوضاتٌ 555 | وسومٌ مرفوعة 18
    بعد 1000: الجملة 1500703 | أبجديّة 1109 | ملحَقة 1498518 | نسبةٌ 0.7340 | مرفوضاتٌ 1146 | وسومٌ مرفوعة 62
    بعد 1500: الجملة 1454074 | أبجديّة 1601 | ملحَقة 1450582 | نسبةٌ 0.7112 | مرفوضاتٌ 1526 | وسومٌ مرفوعة 135
    بعد 2000: الجملة 1428509 | أبجديّة 2099 | ملحَقة 1423154 | نسبةٌ 0.6987 | مرفوضاتٌ 4095 | وسومٌ مرفوعة 285
    الوقوف: التزاماتٌ 2284 | اقتراحاتٌ 8254 | مرفوضاتٌ 5970 | وسومٌ رُفِعت ثمّ التُزِمت 414
    الجملة 1416789 | النسبةُ إلى L₀ 0.6929 | الملحَقة 1411219 | رموزٌ 2382
    بلا نزولٍ 0 | رجعةٌ 0 | انحرافٌ 0.000000000 | لا يعبر الفراغَ 0.8900

— المقابلةُ عند عمقٍ واحد
  جملةُ الأبديّ 1408581 | جملةُ المؤقّت 1416789
  المؤقّتُ − الأبديّ = +8209 بتًّا
  التزاماتُ الأبديّ 2308 | التزاماتُ المؤقّت 2284
  أدنى الذراعين 1408581
  أقصى انحرافٍ في الذراعين 0.000000000
  رجعةُ الذراعين 0 و0
  بلا نزولٍ في الذراعين 0 و0
