— الأسطر: 6236 | مواضعُ الرسم: 332837
— أبجديّةُ الحالات: 15 | وحالُ البدء زائدةٌ في السياق فقط
  والحالاتُ:  · ً · ٌ · ٍ · َ · ُ · ِ · ّ · ًّ · ٌّ · ٍّ · َّ · ُّ · ِّ · ْ
— لا أرضيّةَ ولا استبعاد: كلُّ موضعٍ في المقام، وغيرُ المشهود بلابلاس

الرتبة | سياقاتٌ | ملحَقة | تصحيح | محجوزٌ للموضع | غيرُ مشهودٍ | ربحٌ محجوز
   0   |       1 | 2.6283 | 0.0000 |        2.6283 |     0.0000 | +0.0000
   1   |      16 | 2.4395 | 0.0003 |        2.4407 |     0.0000 | +0.1876
   2   |     143 | 2.3014 | 0.0018 |        2.3116 |     0.0000 | +0.1291
   3   |     949 | 2.1838 | 0.0075 |        2.2376 |     0.0007 | +0.0741
   4   |    4389 | 2.0420 | 0.0233 |        2.2327 |     0.0056 | +0.0049
   5   |   15002 | 1.8477 | 0.0523 |        2.3520 |     0.0248 | -0.1194
   6   |   38841 | 1.5792 | 0.0865 |        2.5956 |     0.0797 | -0.2435

— الحكمُ على الرتبة
  رتباتٌ ارتفعت فيها الملحَقةُ: 0
  أوّلُ رتبةٍ ارتفع فيها المحجوز: 5
  أدنى محجوزٍ: 2.2327 عند الرتبة 4
  ربحُ الرتبة الأولى محجوزًا: +0.1876
  ربحُ الرتبة الثالثة محجوزًا: +0.0741
  غيرُ المشهود عند السادسة: 0.0797
  ومجموعُ الربح المحجوز إلى أدناه: +0.3956

— النمطُ: فجوةُ الانتحال، ونسبُ الضمور
الرتبة | فجوةٌ (محجوز − ملحَقة) | نسبةُ الفجوة إلى سابقتها | نسبةُ الربح
   0   |               0.0000 |                     nan |         nan
   1   |               0.0013 |                   64.06 |         nan
   2   |               0.0102 |                    8.08 |       0.688
   3   |               0.0538 |                    5.25 |       0.574
   4   |               0.1906 |                    3.54 |       0.066
   5   |               0.5043 |                    2.65 |     -24.270
   6   |               1.0163 |                    2.02 |       2.040

— حاجزُ ستيرلنغ فوق الرتبة: فضاءٌ وتكتيلات
الرتبة | فضاءُ السياق k^n | ⌊log₂ Bell(k^n)⌋ | تكتيلاتٌ > مواضع | O(k·3^m) دون 2^50
   0   |                1 |                0 |               لا |              نعم
   1   |               15 |               30 |              نعم |              نعم
   2   |              225 |        فوق العدّ |              نعم |               لا
   3   |             3375 |        فوق العدّ |              نعم |               لا
   4   |            50625 |        فوق العدّ |              نعم |               لا
   5   |           759375 |        فوق العدّ |              نعم |               لا
   6   |         11390625 |        فوق العدّ |              نعم |               لا

  أصغرُ رتبةٍ تفوق تكتيلاتُها المواضعَ: 1
  أكبرُ رتبةٍ فضاءُ تكتيلها دون 2^50: 1

— ما لا يُدَّعى
  الأرضيّةُ مرفوعةٌ ههنا، فلا يُقابَل رقمُ هذا السجلّ برقم سلّم
  الضبط المُؤرَّض: ذاك ملحَقٌ على نصيبٍ من المواضع، وهذا محجوزٌ على الكلّ.
  وحاجزُ ستيرلنغ حدٌّ على ما تُرجِّحه المادّةُ لا على ما تحسبه الآلة:
  فعددُ التكتيلات إذا فاق المواضعَ لم يبقَ في المادّة ما يختار.
  والقناةُ حالُ موضع الرسم — لا اللفظ ولا الجملة؛ ورتبةُ الانقلاب
  رتبةُ هذه القناة في هذا المجمَّد بهذه القسمة، لا حدًّا للعربيّة.
