L₀: 364747 وحدةً | أبجديّة 112 | أسطر 6236

— بناءُ م١: الرمزُ المُرخَّصُ بقيدِ الفاصل
  التزاماتٌ 3056 | رموزٌ 135603

— السلّم: كلُّ مستوًى بثمنه
  المستوى | N | أبجديّة | H | L ملحقًا | L محجوزًا | مرتدّ | I | للوحدة ملحقًا | للوحدة محجوزًا | L−H | N·H − تباديل
  م٠ الوحدة | 364747 | 112 | 5.5818 | 5.6048 | 5.6059 | 0.0000 | 1.2874 | 5.6048 | 5.6059 | +0.0230 | +718.3
  م١ الرمزُ المُرخَّص | 135603 | 2952 | 9.6963 | 9.7250 | 9.8311 | 0.0020 | 4.3798 | 3.6155 | 3.6549 | +0.0287 | +9997.1
  م٢ اللفظُ المفرد | 78245 | 17909 | 11.5923 | 11.6195 | 19.6339 | 0.1972 | 8.1255 | 2.4926 | 4.2118 | +0.0272 | +32137.3
  م٣ السطر | 6236 | 6057 | 12.5214 | 12.6005 | 405.7416 | 0.9699 | 12.4475 | 0.2154 | 6.9369 | +0.0791 | +8785.2

— الحكمُ على السلّم
  أقصى ارتفاعٍ للملحَق صعودًا: -1.122888
  أقصى ارتفاعٍ للمحجوز صعودًا: +2.725039
  المحجوزُ في القمّة − في القاع: +1.3310
  أدنى L−H +0.023037 | أقصى L−H +0.079139
  أدنى (N·H − تباديل): +718.3
  I في القمّة − في القاع: +11.1601

— مستوياتٌ لا تُرخّصها البايتات
  الكلمةُ المفردة: UNCLASSIFIED — حدُّها فصلُ ملتصقٍ عن أصلٍ — قاعدةٌ لا تُشتَقّ من البايتات
  التركيبُ الإسناديّ: UNCLASSIFIED — يحتاج إسنادًا موقَّعًا بين لفظين، ولا أثرَ له في الرسم
  التركيبُ المزجيّ: UNCLASSIFIED — يحتاج جردًا مُودَعًا لما مُزِج، ولا يميّزه فاصلٌ
  الجملة: UNCLASSIFIED — حدُّها ليس السطرَ ولا الفاصلَ، ويحتاج وقفًا مُودَعًا
  جملتُها: 4
