سقفُ ي٥ — مُشتَقٌّ من السجلّ المُودَع، ولا تشغيلَ جديد
المصدر: deposits/markov_ladder_run.log
هجاءُ المرتدّ: log₂ 112 = 6.807355 بتًّا للوحدة

المستوى | N | أبجديّة | أطولُ ابتدائيًّا | سقفُ الثمن | أطولُ منقولًا | سقفُه
  م٠ الوحدة | 364747 | 112 | 111 | 118.807355 | 25 | 32.807355
  م١ الرمزُ المُرخَّص | 135603 | 2952 | 2951 | 2958.807355 | 23 | 30.807355
  م٢ اللفظُ المفرد | 78245 | 17909 | 17908 | 17915.807355 | 21 | 28.807355
  م٣ السطر | 6236 | 6057 | 6056 | 6063.807355 | 16 | 23.807355

— الثمنُ للوحدة محجوزًا، مقروءًا من السجلّ
  م٠ الوحدة: 5.6059
  م١ الرمزُ المُرخَّص: 3.6549
  م٢ اللفظُ المفرد: 4.2118
  م٣ السطر: 6.9369

— الحكم
  السقفُ الابتدائيُّ (المُصرَّحُ به): 17915.807355
  والسقفُ بالمبرهنة المنقولة: 32.807355 — **لا يُبنى عليه**
  والمقيسُ المختوم: 2.725039
  فالمقيسُ دون السقف بمعامل: 6574.5×
  ودون المنقول بمعامل: 12.0×
  وحدُّ ي٥ المختوم: 0.001 — ودونه بمعامل 17915807.4×

— ما لا يُدَّعى
  السقفُ سليمٌ **غيرُ محكَم**: بُعدُه مطبوعٌ أعلاه ولا يُقرَأ قياسًا.
  ولم يُحسَب أطولُ شفرةٍ فعلًا — ذلك يحتاج إعادةَ بناء المستويات،
  **وهو دَينٌ مسمًّى لا سكوت**: يُسدّ بتشغيلٍ لا باشتقاق.
