— تشخيصٌ: أيَّ رتبةٍ خامٍ يختار «أكبرُ ربحًا»؟

حالاتٌ مقيسة: 300 (من أوائل التشغيل)

رتبةُ ما يختاره «أكبرُ ربحًا» في الترتيب الخام:
  رتبةُ  1:    8 حالًا (0.0267)
  رتبةُ  2:   12 حالًا (0.0400)
  رتبةُ  3:    5 حالًا (0.0167)
  رتبةُ  4:    7 حالًا (0.0233)
  رتبةُ  5:    9 حالًا (0.0300)
  رتبةُ  6:    9 حالًا (0.0300)
  رتبةُ  7:    3 حالًا (0.0100)
  رتبةُ  8:    7 حالًا (0.0233)
  رتبةُ  9:    6 حالًا (0.0200)
  رتبةُ 10:    4 حالًا (0.0133)
  رتبةُ 11:    4 حالًا (0.0133)
  رتبةُ 12:    9 حالًا (0.0300)
  رتبةُ 13:    9 حالًا (0.0300)
  رتبةُ 14:    4 حالًا (0.0133)
  رتبةُ 15:    9 حالًا (0.0300)
  رتبةُ 16:    4 حالًا (0.0133)
  رتبةُ 17:    8 حالًا (0.0267)
  رتبةُ 18:    3 حالًا (0.0100)
  رتبةُ 19:    8 حالًا (0.0267)
  رتبةُ 20:   10 حالًا (0.0333)
  رتبةُ 21:   11 حالًا (0.0367)
  رتبةُ 22:   16 حالًا (0.0533)
  رتبةُ 23:   49 حالًا (0.1633)
  رتبةُ 24:   86 حالًا (0.2867)
  وسيطُ الرتبة: 22

رتبةُ ما يختاره «أوّلُ رابح»:
  رتبةُ  1:  299 حالًا (0.9967)
  رتبةُ  2:    1 حالًا (0.0033)

وقوعُ ما يختاره «أكبرُ ربحًا»:  وسيطٌ 236 | أدنى 108 | أعلى 12427
وقوعُ ما يختاره «أوّلُ رابح»:  وسيطٌ 405 | أدنى 330 | أعلى 12427
