L₀: 364747 وحدةً | أبجديّة 112 | آيات 6236
القاعدة: يُلتزَم **أكبرُ ربحٍ** من أعلى 24 مقترَحٍ متاح
نقطةُ الصفر: الجملة 2044660 | ملحَقة 2044336 | H 5.5818 | L 5.6048 | L−H +0.0230
  بعد 500: الجملة 1595966 | أبجديّة 600 | ملحَقة 1594717 | نسبةٌ 0.7806 | H 7.6875 | L 7.7112 | L−H +0.0237 | انحرافٌ 0.000000000 | رتبةٌ 12/500 | قرارٌ 12/500
  بعد 1000: الجملة 1508450 | أبجديّة 1058 | ملحَقة 1506270 | نسبةٌ 0.7378 | H 7.9680 | L 7.9911 | L−H +0.0231 | انحرافٌ 0.000000000 | رتبةٌ 17/1000 | قرارٌ 17/1000
  بعد 1500: الجملة 1473051 | أبجديّة 1478 | ملحَقة 1470518 | نسبةٌ 0.7204 | H 8.0411 | L 8.0632 | L−H +0.0222 | انحرافٌ 0.000000000 | رتبةٌ 20/1500 | قرارٌ 20/1500

الوقوف: حالٌ لا يربح فيها أعلى 24 مقترَحٍ
  اقتراحاتٌ 36744 | التزاماتٌ 1530 | مرفوضاتٌ 4754 | حالاتٌ 1530
  التزاماتٌ بفرقٍ غيرِ سالب: 0
  توافقُ الرتبة الأولى: 27 من 1530 = 0.0176
  توافقُ القرار: 28 من 1530 = 0.0183
  أدنى L−H +0.0222 | أقصى L−H +0.0237
  الجملة 1472223 | النسبةُ إلى L₀ 0.7200 | الملحَقة 1469700 | فرقٌ +2522
  الرجعة: مواضعُ الخلاف بين بسطِ الرموز ومجرى L₀ = 0
  لا يعبر الفراغَ: 166384 من 176082 = 0.9449

  المجموعةُ المولَّدةُ مقسومةً بالعَرض:
    عَرضُ 1: رموزٌ 112 | وقوعاتٌ 101946 | نصيبٌ 0.5790
    عَرضُ 2: رموزٌ 239 | وقوعاتٌ 29424 | نصيبٌ 0.1671
    عَرضُ 3: رموزٌ 356 | وقوعاتٌ 19505 | نصيبٌ 0.1108
    عَرضُ 4: رموزٌ 252 | وقوعاتٌ 8651 | نصيبٌ 0.0491
    عَرضُ 5: رموزٌ 191 | وقوعاتٌ 7390 | نصيبٌ 0.0420
    عَرضُ 6: رموزٌ 152 | وقوعاتٌ 4132 | نصيبٌ 0.0235
    عَرضُ 7: رموزٌ 69 | وقوعاتٌ 1658 | نصيبٌ 0.0094
    عَرضُ 8: رموزٌ 31 | وقوعاتٌ 1025 | نصيبٌ 0.0058
    عَرضُ 9: رموزٌ 29 | وقوعاتٌ 561 | نصيبٌ 0.0032
    عَرضُ 10: رموزٌ 20 | وقوعاتٌ 443 | نصيبٌ 0.0025
    عَرضُ 11: رموزٌ 18 | وقوعاتٌ 490 | نصيبٌ 0.0028
    عَرضُ 12: رموزٌ 5 | وقوعاتٌ 108 | نصيبٌ 0.0006
    عَرضُ 13: رموزٌ 8 | وقوعاتٌ 169 | نصيبٌ 0.0010
    عَرضُ 14: رموزٌ 6 | وقوعاتٌ 56 | نصيبٌ 0.0003
    عَرضُ 15: رموزٌ 3 | وقوعاتٌ 160 | نصيبٌ 0.0009
    عَرضُ 16: رموزٌ 1 | وقوعاتٌ 20 | نصيبٌ 0.0001
    عَرضُ 18: رموزٌ 2 | وقوعاتٌ 102 | نصيبٌ 0.0006
    عَرضُ 19: رموزٌ 1 | وقوعاتٌ 2 | نصيبٌ 0.0000
    عَرضُ 21: رموزٌ 1 | وقوعاتٌ 2 | نصيبٌ 0.0000
    عَرضُ 22: رموزٌ 2 | وقوعاتٌ 141 | نصيبٌ 0.0008
    عَرضُ 23: رموزٌ 1 | وقوعاتٌ 26 | نصيبٌ 0.0001
    عَرضُ 24: رموزٌ 1 | وقوعاتٌ 21 | نصيبٌ 0.0001
    عَرضُ 26: رموزٌ 1 | وقوعاتٌ 50 | نصيبٌ 0.0003
    الجملة: رموزٌ 1501 | وقوعاتٌ 176082

  أكثرُ الرموز وقوعًا (ببايتاتها من المصحف):
    الْ  (2548) وحداتُه 2
    أَنْ  (1612) وحداتُه 2
    مَا  (1542) وحداتُه 2
    هُمْ  (1415) وحداتُه 2
    كُمْ  (1277) وحداتُه 2
    مِن  (1133) وحداتُه 2
    اللَّهُ  (862) وحداتُه 5
    هَا  (812) وحداتُه 2
    فِي  (800) وحداتُه 2
    لَّ  (747) وحداتُه 2
    إِنَّ  (704) وحداتُه 3
    نَّ  (659) وحداتُه 2
    وَمَا  (640) وحداتُه 3
    إِن  (631) وحداتُه 2
