— الأسطر: 6236
— حدُّ اللفظ: فيه حرفٌ عربيّ (المُصحَّح من 494465d1…)
— الألفاظ: 78245 | والمسندُ واحدٌ في كلّ مقدار
— خاناتُ الحال: 8 | H = 2.6106
— صورُ (ه) منقوصةَ العلامة: 16244
— صورُ (ج) مجرَّدةً: 14871
— قيمُ (ر) حالِ السابق: 9
— أقصى (log₂ التباديل − N·H) بعد ألف = -29.710188

— الإنتروبيا الشرطيّةُ لكلّ متغيّر — والمسندُ واحد
  المتغيّر | قيمُه | ملحَقةٌ (منتفخة) | محجوزة
  لا شيء | 1 | 2.610594 | 2.610852
  (ه) الصورةُ منقوصةً | 16244 | 0.373772 | 1.395600
  (ج) الهيكلُ مجرَّدًا | 14871 | 0.438672 | 1.397259
  (ر) حالُ السابق | 9 | 2.539957 | 2.541330
  (ه، ر) معًا | 24067 | 0.270110 | 1.685649

— المعلوماتُ المتبادلة = ناقصُ الشرطيّة عن المجرّدة
  المتغيّر | ملحَقةٌ (منتفخة) | محجوزة
  (ه) الصورةُ منقوصةً | +2.236823 | +1.215252
  (ج) الهيكلُ مجرَّدًا | +2.171923 | +1.213593
  (ر) حالُ السابق | +0.070638 | +0.069522
  (ه، ر) معًا | +2.340484 | +0.925203

— I(الحال؛ه) محجوزةً: +1.215252
— I(الحال؛ج) محجوزةً: +1.213593
— I(الحال؛ر) محجوزةً: +0.069522
— I(الحال؛ه) − I(الحال؛ر) محجوزتين: +1.145730
— I(الحال؛ر | ه) محجوزةً: -0.290049
— وما بقي للجار بعد الصورة نسبةً إلى وحده: -4.172046
— وكسبُ السلّم كلِّه محجوزًا (مقروءًا من سجلّه): +0.211963
— أتفوق الصورةُ السلّمَ؟ نعم
— نصيبُ (ه) من الحقل محجوزًا: 0.4655
— نصيبُ (ج) من الحقل محجوزًا: 0.4649
— نصيبُ (ر) من الحقل محجوزًا: 0.0266
— وسقفُ ما يزيده الجارُ بعد الصورة ملحَقًا: +0.103662
— ونصيبُ السقفِ من الحقل: 0.0397
— محارفُ العلامة الأخيرة الداخلةُ في متغيّر: 0

— تشقيقُ خانة «·» بحرف خاتمتها — بايتاتٌ لا تفسير
— ألفاظُ الخانة: 24319 | نصيبُها من الكلّ 0.3108
    ا U+0627 | 13959 | نصيبٌ 0.5740
    ن U+0646 | 3282 | نصيبٌ 0.1350
    ي U+064A | 2861 | نصيبٌ 0.1176
    ى U+0649 | 2592 | نصيبٌ 0.1066
    م U+0645 | 1346 | نصيبٌ 0.0553
    ل U+0644 | 110 | نصيبٌ 0.0045
    و U+0648 | 109 | نصيبٌ 0.0045
    ت U+062A | 17 | نصيبٌ 0.0007
— أقسامُها: 20
— نصيبُ حروف المدّ الثلاثة منها: 0.696122

— ما لا يدخل هذا السجلّ
  لا اسمَ بابٍ ولا اسمَ علامةٍ ولا اسمَ يونيكود — شريحةٌ ونقطةُ ترميز
  والملحَقةُ منتفخةٌ بسَعة الفضاء، والحكمُ على المحجوز وحدَه
  وهذا يقيس سقفَ القراءة التركيبيّة ولا يُسمّي بابًا ولا حكمًا
