— الأسطر: 6236 | الألفاظ: 78245
— الشكلُ المقصود: 0625 0650 0646 0651 064E
— الهيكلُ المشترك: 0625 0646

— أشكالُ الهيكل المشترك، وعددُ وقوعِ كلٍّ
  0625 0650 0646: 253
  0625 0650 0646 0650: 13
  0625 0650 0646 0651 064E: 609 ← المقصود
  0625 0650 0646 0652: 91
  أشكالٌ فيها 0651 وليست المقصودَ: 0

— وقوعاتُ الشكل: 609
  منها بلا تالٍ في سطرها: 0
  ولها تالٍ: 609

— حالُ الوحدة الأخيرة من التالي، نقطةً نقطة
  064E: 444 | نصيبٌ 0.7291
  ·: 127 | نصيبٌ 0.2085
  0650: 14 | نصيبٌ 0.0230
  0652: 12 | نصيبٌ 0.0197
  064F: 9 | نصيبٌ 0.0148
  064B: 3 | نصيبٌ 0.0049

— النِّصَبُ الثلاثة
  حاملٌ للأثر {064E, 064B}: 447 | نصيبٌ 0.7340
  حالٌ Mn غيرُهما: 35 | نصيبٌ 0.0575
  عارٍ ·: 127 | نصيبٌ 0.2085
  ومجموعُ النصيب: 1.000000

— مقابلةُ العُري بعامّة المدوّنة
  عُريُ المدوّنة كلِّها (من context_ladder_run.log): 0.3108
  وعُريُ التالي ههنا: 0.2085
  فالفرقُ: -0.1023

— تفكيكُ كلّ نِصبٍ بهياكله، أكثرُها ورودًا خمسًا
  حامل (447):
    0627 0644 0644 0647: 205
    0627 0644 0630 064A 0646: 84
    0631 0628 0643: 28
    0630 0644 0643: 9
    0648 0639 062F: 8
    ونصيبُ أكثرِ اثنين من هذا النِّصب: 0.6465
  أخرى (35):
    0647 0624 0644 0627 0621: 7
    0631 0628 0643 0645: 3
    0644 0644 0647: 3
    0647 0630 0647: 3
    0630 0644 0643 0645: 2
    ونصيبُ أكثرِ اثنين من هذا النِّصب: 0.2857
  عارٍ (127):
    0641 064A: 56
    0647 0630 0627: 21
    0631 0628 064A: 13
    0639 0644 064A 0646 0627: 4
    0647 062F 0649: 2
    ونصيبُ أكثرِ اثنين من هذا النِّصب: 0.6063

— هياكلُ التالي المتمايزة: 131
  وأكثرُها ورودًا خمسًا (هيكلًا بنقاطه):
    0627 0644 0644 0647: 205
    0627 0644 0630 064A 0646: 84
    0641 064A: 56
    0631 0628 0643: 28
    0647 0630 0627: 21

— ما لا يُدَّعى
  العُريُ خليطٌ UNCLASSIFIED: 127 موضعًا يُعَدّ ولا يُفرَز —
  فيه ما لا تتبدّل خاتمتُه، وما علامتُه مقدَّرة، وما كُتِب
  تنوينُه على الألف الذي بعده. وفرزُه يحتاج جردًا مُودَعًا.
  وتعيينُ الدور فوق هذا القياس: المقيسُ الجارُ التالي لا التركيب،
  فما قدَّمه الترتيبُ يقع في النِّصَب ويُعَدّ فيها ولا يُفرَز.
  وشكلٌ واحدٌ لا يُعمَّم: هذا ما تحمله الوحدةُ بعد هذا الشكل
  في هذا المجمَّد، ولا يُقال «هكذا الإعراب».
