— لا قياسَ جديدًا: إعادةُ اشتقاقٍ من أعدادٍ معروضةٍ في أنبوبٍ آخر
— المواضعُ ذاتُ الحافّة: 35 | المطابقُ للقاعدة: 32
    ٣–١٠     مواضعُ 20 | مطابقٌ 17 | H = 0.6098
    ١١–١٩    مواضعُ  6 | مطابقٌ  6 | H = 0.0000
    عقود     مواضعُ  6 | مطابقٌ  6 | H = 0.0000
    مئة/ألف  مواضعُ  3 | مطابقٌ  3 | H = 0.0000

— مخرجاتُ المعدود المُشتَقّة: 3
    مجرور-جمع    17 | نصيبٌ 0.485714
    منصوب-مفرد   12 | نصيبٌ 0.342857
    مجرور-مفرد    6 | نصيبٌ 0.171429
  H(المعدود) بلا شرط = 1.4717
  H(المعدود | صنفِ العدد) = 0.3485
  الكسب = +1.1232 = 76.3209% من الحيرة

— induction ON: تعدادٌ تامٌّ، والمبرهنةُ مُصانةٌ عند كلّ قسمة
  أقصى (H مشروطةً − H بلا شرط) على كلّ قسمةٍ ثنائيّة: +0.000000
  والشرطُ لا يرفع الإنتروبيا — مبرهنةٌ، وقد صِينت في القسمات كلِّها

— التصعيدُ بتّةً بتّة: سؤالٌ ثنائيٌّ واحدٌ في كلّ درجة
  د٠ بلا سؤال: H = 1.471677 | كتلةٌ 1
  د1 «أمن مئة/ألف و٣–١٠؟»: H = 0.544151 | ربحٌ +0.927527 | كتلٌ 2
  د2 «أمن ٣–١٠؟»: H = 0.348480 | ربحٌ +0.195671 | كتلٌ 3
  الوقوف: لا سؤالَ يربح عند الدرجة 3
  بلغ التصعيدُ الشرطَ التامَّ: True
  عددُ البتّات المصروفة: 2 | والسقفُ الخام ⌈log₂4⌉ = 2

— induction FOR: ما أعلنه الأنبوبُ عن المحجوز
    القاعدة        12/15 = 80.0000% | ويلسن ٩٥٪ [54.8146% , 92.9525%]
    الأغلبُ الأعمى 8/15 = 53.3333% | ويلسن ٩٥٪ [30.1170% , 75.1905%]
  أيتداخل المجالان؟ True
  فالعيّنةُ أصغرُ من أن تحمل دعوى تنبّؤ — وهو إعلانُ الأنبوب نفسِه

— ما لا يُدَّعى
  لا تشجيرَ في هذه الشجرة: لا يُعاد القياسُ، ويُعاد الحسابُ وحدَه
  ولا تُوقَّع القاعدةُ المنقولة ولا تعليلُ المخالفات الثلاث
  والمقامُ 35 موضعًا: تعدادٌ تامٌّ عليه، لا حكمٌ على العربيّة
  ومخرجاتُ المعدود قراءةٌ لي تُعيد 1.4717 بلا بقيّة — لا نصُّ الأنبوب
