— حروفُ الرسم: 332837 | نقاطٌ متمايزة: 36
— النون U+0646: 27382

═══ ما تحمله كلُّ نونٍ — والعُريُ صنفٌ مُسمًّى ═══
  حركة     15609
  عُري     5602
  شدّة     4098
  سكون     1716
  تنوين    357

═══ التوزيعُ التكامليّ — الموسومةُ بالسكون ⟷ العاطلة ═══
  نونٌ بـ«سكون»: إظهار 1590 · إدغام 126
  نونٌ بـ«عُري»: إخفاء 3781 · إدغام 1362 · إقلاب 270 · حاملٌ لا صنفَ له U+0627 189
  تقاطعُ الموسومة مع (إخفاء·إقلاب): 0
  وتقاطعُ العاطلة مع (إظهار): 0
  **فالعلامةُ وغيابُها يقسمان الأحكامَ قسمةً لا تتداخل** إن كانا صفرين

═══ الأحكامُ الأربعةُ مجموعةً — نونًا وتنوينًا ═══
  إدغام                  6080
  إخفاء                  5749
  إظهار                  3386
  إقلاب                  609
  حاملٌ لا صنفَ له U+0627 295
  حاملٌ لا صنفَ له U+0649 93
  المجموع                16212

    تنوين        ⟶ إدغام                  4592
    نونٌ ساكنة   ⟶ إخفاء                  3781
    تنوين        ⟶ إخفاء                  1968
    تنوين        ⟶ إظهار                  1796
    نونٌ ساكنة   ⟶ إظهار                  1590
    نونٌ ساكنة   ⟶ إدغام                  1488
    تنوين        ⟶ إقلاب                  339
    نونٌ ساكنة   ⟶ إقلاب                  270
    نونٌ ساكنة   ⟶ حاملٌ لا صنفَ له U+0627 189
    تنوين        ⟶ حاملٌ لا صنفَ له U+0627 106
    تنوين        ⟶ حاملٌ لا صنفَ له U+0649 93

═══ القلقلة — دالّةٌ تامّةٌ في الرسم ═══
  حرفٌ من الخمسةِ يليه U+0652: 3415
  (هُويّةُ الحرفِ وعلامةُ السكون، ولا شيءَ ثالث)

═══ ما يلزم عن هذا ═══
  **أربعةٌ ممّا حُجِز مقيسٌ من الرسم وحدَه** — الإظهارُ والإخفاءُ
  والإقلابُ والقلقلة. فـ«لا مولِّدَ في شجرتنا» صادقٌ عن شجرةٍ،
  **ولا يلزم منه أنّ الرسمَ لا يحمل الحكم**.
  والحكمُ يُقرَأ من العلامة **وغيابِها**، فالغيابُ بصمةٌ إن كان
  توزيعُه تكامليًّا مشهودًا — وهو مطبوعٌ أعلاه لا مُدَّعًى.
  **وما يبقى محجوزًا بحقّ**: الإمالةُ والرومُ والإشمام، ومعها
  المقاديرُ والمراتب — فتلك لا يكتبها هذا الرسم.
  ولا يقول هذا إنّ الحكمَ **مسموع**: يقول إنّه **مُشتَقّ**.
