— الأسطر: 6236
— حدُّ اللفظ: فيه حرفٌ عربيّ (المُصحَّح من 494465d1…)
— الأسئلةُ مقروءةٌ من السجلّ بترتيبها: 12 — ولا اختيارَ جشع
— المجال (أ) كلُّ المواضع: 78245
— المجال (ب) ما ليس آخرَ سطره: 72009
— الخارجُ عن (ب): 6236

— خاناتُ الحال في المجال (أ): H = 2.6106
    · | 24319 | نصيبٌ 0.3108
    َ U+064E | 18778 | نصيبٌ 0.2400
    ِ U+0650 | 9231 | نصيبٌ 0.1180
    ْ U+0652 | 8843 | نصيبٌ 0.1130
    ُ U+064F | 8273 | نصيبٌ 0.1057
    ً U+064B | 3649 | نصيبٌ 0.0466
    ٍ U+064D | 2633 | نصيبٌ 0.0337
    ٌ U+064C | 2519 | نصيبٌ 0.0322

— خاناتُ الحال في المجال (ب): H = 2.5658
    · | 23986 | نصيبٌ 0.3331
    َ U+064E | 15928 | نصيبٌ 0.2212
    ْ U+0652 | 8748 | نصيبٌ 0.1215
    ِ U+0650 | 8630 | نصيبٌ 0.1198
    ُ U+064F | 7917 | نصيبٌ 0.1099
    ً U+064B | 2736 | نصيبٌ 0.0380
    ٍ U+064D | 2164 | نصيبٌ 0.0301
    ٌ U+064C | 1900 | نصيبٌ 0.0264

— أقصى (log₂ التباديل − N·H) بعد ألف في (أ) = -29.710188

— أقصى (log₂ التباديل − N·H) بعد ألف في (ب) = -29.718051

— مقامُ أ: ألفاظٌ 78245
— د٠ بلا سؤال: ملحَقة 2.6106 | محجوزة 2.6109
— د1 «آخرُ السطر»: ملحَقة 2.5536 | محجوزة 2.5540 | ربحٌ ملحَقٌ +0.057025 | ربحٌ محجوزٌ +0.056883 | كتلٌ 2
— د2 «حالُ السابق = ٌ U+064C»: ملحَقة 2.5348 | محجوزة 2.5355 | ربحٌ ملحَقٌ +0.018800 | ربحٌ محجوزٌ +0.018519 | كتلٌ 4
— د3 «حرفُ خاتمةِ السابق = ا U+0627»: ملحَقة 2.5183 | محجوزة 2.5192 | ربحٌ ملحَقٌ +0.016475 | ربحٌ محجوزٌ +0.016228 | كتلٌ 6
— د4 «حالُ السابق = ·»: ملحَقة 2.4927 | محجوزة 2.4945 | ربحٌ ملحَقٌ +0.025643 | ربحٌ محجوزٌ +0.024761 | كتلٌ 10
— د5 «حرفُ خاتمةِ السابق = ن U+0646»: ملحَقة 2.4790 | محجوزة 2.4818 | ربحٌ ملحَقٌ +0.013657 | ربحٌ محجوزٌ +0.012620 | كتلٌ 16
— د6 «حالُ السابق = ْ U+0652»: ملحَقة 2.4610 | محجوزة 2.4644 | ربحٌ ملحَقٌ +0.017956 | ربحٌ محجوزٌ +0.017412 | كتلٌ 20
— د7 «حالُ السابق = ٍ U+064D»: ملحَقة 2.4481 | محجوزة 2.4521 | ربحٌ ملحَقٌ +0.012976 | ربحٌ محجوزٌ +0.012290 | كتلٌ 24
— د8 «حالُ ما قبله = ⊢»: ملحَقة 2.4326 | محجوزة 2.4397 | ربحٌ ملحَقٌ +0.015478 | ربحٌ محجوزٌ +0.012470 | كتلٌ 44
— د9 «حالُ السابق = ِ U+0650»: ملحَقة 2.4189 | محجوزة 2.4271 | ربحٌ ملحَقٌ +0.013709 | ربحٌ محجوزٌ +0.012540 | كتلٌ 52
— د10 «حرفُ خاتمةِ السابق = ه U+0647»: ملحَقة 2.4053 | محجوزة 2.4155 | ربحٌ ملحَقٌ +0.013552 | ربحٌ محجوزٌ +0.011667 | كتلٌ 65
— د11 «حرفُ خاتمةِ السابق = م U+0645»: ملحَقة 2.3912 | محجوزة 2.4050 | ربحٌ ملحَقٌ +0.014150 | ربحٌ محجوزٌ +0.010512 | كتلٌ 88
— د12 «حرفُ خاتمةِ السابق = و U+0648»: ملحَقة 2.3831 | محجوزة 2.3989 | ربحٌ ملحَقٌ +0.008087 | ربحٌ محجوزٌ +0.006061 | كتلٌ 105

— مقامُ ب: ألفاظٌ 72009
— د٠ بلا سؤال: ملحَقة 2.5658 | محجوزة 2.5661
— د1 «آخرُ السطر»: ملحَقة 2.5658 | محجوزة 2.5661 | ربحٌ ملحَقٌ +0.000000 | ربحٌ محجوزٌ +0.000000 | كتلٌ 1
— د2 «حالُ السابق = ٌ U+064C»: ملحَقة 2.5620 | محجوزة 2.5624 | ربحٌ ملحَقٌ +0.003774 | ربحٌ محجوزٌ +0.003663 | كتلٌ 2
— د3 «حرفُ خاتمةِ السابق = ا U+0627»: ملحَقة 2.5487 | محجوزة 2.5493 | ربحٌ ملحَقٌ +0.013296 | ربحٌ محجوزٌ +0.013114 | كتلٌ 3
— د4 «حالُ السابق = ·»: ملحَقة 2.5286 | محجوزة 2.5297 | ربحٌ ملحَقٌ +0.020162 | ربحٌ محجوزٌ +0.019615 | كتلٌ 5
— د5 «حرفُ خاتمةِ السابق = ن U+0646»: ملحَقة 2.5163 | محجوزة 2.5182 | ربحٌ ملحَقٌ +0.012262 | ربحٌ محجوزٌ +0.011557 | كتلٌ 8
— د6 «حالُ السابق = ْ U+0652»: ملحَقة 2.5032 | محجوزة 2.5052 | ربحٌ ملحَقٌ +0.013129 | ربحٌ محجوزٌ +0.012910 | كتلٌ 10
— د7 «حالُ السابق = ٍ U+064D»: ملحَقة 2.4994 | محجوزة 2.5019 | ربحٌ ملحَقٌ +0.003789 | ربحٌ محجوزٌ +0.003315 | كتلٌ 12
— د8 «حالُ ما قبله = ⊢»: ملحَقة 2.4837 | محجوزة 2.4885 | ربحٌ ملحَقٌ +0.015659 | ربحٌ محجوزٌ +0.013412 | كتلٌ 24
— د9 «حالُ السابق = ِ U+0650»: ملحَقة 2.4715 | محجوزة 2.4771 | ربحٌ ملحَقٌ +0.012237 | ربحٌ محجوزٌ +0.011412 | كتلٌ 28
— د10 «حرفُ خاتمةِ السابق = ه U+0647»: ملحَقة 2.4595 | محجوزة 2.4666 | ربحٌ ملحَقٌ +0.011966 | ربحٌ محجوزٌ +0.010520 | كتلٌ 36
— د11 «حرفُ خاتمةِ السابق = م U+0645»: ملحَقة 2.4489 | محجوزة 2.4584 | ربحٌ ملحَقٌ +0.010658 | ربحٌ محجوزٌ +0.008166 | كتلٌ 48
— د12 «حرفُ خاتمةِ السابق = و U+0648»: ملحَقة 2.4411 | محجوزة 2.4521 | ربحٌ ملحَقٌ +0.007757 | ربحٌ محجوزٌ +0.006309 | كتلٌ 58

— المقابلةُ بتّةً بتّة: كسبٌ محجوزٌ في كلّ مقامٍ على مسنده
  البتّة | في (أ) | في (ب) | أعاشت؟
  د1 «آخرُ السطر» | +0.056883 | +0.000000 | لا
  د2 «حالُ السابق = ٌ U+064C» | +0.018519 | +0.003663 | نعم
  د3 «حرفُ خاتمةِ السابق = ا U+0627» | +0.016228 | +0.013114 | نعم
  د4 «حالُ السابق = ·» | +0.024761 | +0.019615 | نعم
  د5 «حرفُ خاتمةِ السابق = ن U+0646» | +0.012620 | +0.011557 | نعم
  د6 «حالُ السابق = ْ U+0652» | +0.017412 | +0.012910 | نعم
  د7 «حالُ السابق = ٍ U+064D» | +0.012290 | +0.003315 | نعم
  د8 «حالُ ما قبله = ⊢» | +0.012470 | +0.013412 | نعم
  د9 «حالُ السابق = ِ U+0650» | +0.012540 | +0.011412 | نعم
  د10 «حرفُ خاتمةِ السابق = ه U+0647» | +0.011667 | +0.010520 | نعم
  د11 «حرفُ خاتمةِ السابق = م U+0645» | +0.010512 | +0.008166 | نعم
  د12 «حرفُ خاتمةِ السابق = و U+0648» | +0.006061 | +0.006309 | نعم

— كسبُ «آخرُ السطر» في (ب): +0.000000
— مجموعُ الإحدى عشرة في (أ): +0.155080
— مجموعُ الإحدى عشرة في (ب): +0.113993
— بتّاتٌ ماتت في (ب): 0
— أكبرُ بتّةٍ في (ب): «حالُ السابق = ·» بـ+0.019615
— أهي عن حال السابق؟ نعم
— بايتاتُ الموضع المسؤولِ عنه الداخلةُ في سؤال: 0

— ما لا يدخل هذا السجلّ
  لا اسمَ بابٍ ولا اسمَ علامةٍ ولا اسمَ يونيكود — شريحةٌ ونقطةُ ترميز
  ولا يُطرَح مقدارٌ من مقدارٍ عبرَ المقامين — كلُّ كسبٍ على مسنده
  وهذا يفصل الوقفَ عن غيره ولا يُثبِت أنّ غيرَه إعراب
