— المقامُ (ج) أواخرُ الأسطر — مقيسًا من المدوّنة لا مطروحًا
— ألفاظُه: 6236 | وأسطرُ المجمَّد: 6236
— H(ج) = 2.4124
    َ U+064E | 2850 | نصيبٌ 0.4570
    ً U+064B | 913 | نصيبٌ 0.1464
    ٌ U+064C | 619 | نصيبٌ 0.0993
    ِ U+0650 | 601 | نصيبٌ 0.0964
    ٍ U+064D | 469 | نصيبٌ 0.0752
    ُ U+064F | 356 | نصيبٌ 0.0571
    · | 333 | نصيبٌ 0.0534
    ْ U+0652 | 95 | نصيبٌ 0.0152

— المقابلةُ بالطرح: (أ) − (ب) على المقام (ج)
    َ U+064E | مقيسٌ 2850 | مطروحٌ 2850 | مطابق
    ً U+064B | مقيسٌ 913 | مطروحٌ 913 | مطابق
    ٌ U+064C | مقيسٌ 619 | مطروحٌ 619 | مطابق
    ِ U+0650 | مقيسٌ 601 | مطروحٌ 601 | مطابق
    ٍ U+064D | مقيسٌ 469 | مطروحٌ 469 | مطابق
    ُ U+064F | مقيسٌ 356 | مطروحٌ 356 | مطابق
    · | مقيسٌ 333 | مطروحٌ 333 | مطابق
    ْ U+0652 | مقيسٌ 95 | مطروحٌ 95 | مطابق
— خاناتٌ خالفت: 0
— وألفاظُ (ب) مقيسةً: 72009 | ومُودَعةً: 72009

— الهويّةُ: H(أ) − Σ وزنٌ·H = I(الحال؛ أآخرُ السطر)
— H(أ) = 2.610594 | Σ وزنٌ·H = 2.553569
— I المُشتَقّ = 0.057025 | والربحُ الملحَقُ المُودَع = 0.057025
— أقصى انحرافٍ عن الهويّة: 2.677e-07
— أتُغلِق؟ نعم

— ما لا يدخل هذا السجلّ
  لا اسمَ بابٍ ولا اسمَ علامةٍ ولا اسمَ يونيكود — شريحةٌ ونقطةُ ترميز
  والمقامُ (ج) مسندٌ مُصرَّحٌ به: 6236 موضعًا، واحدٌ من كلّ سطر
  وهذا يقيس أواخرَ الأسطر ولا يُثبِت أنّها مواضعُ وقف
