— الأسطر: 6236
— حدُّ اللفظ: فيه حرفٌ عربيّ (المُصحَّح من 494465d1…)
— صفوفٌ لا تحمل مصدرًا فأُسقِطت: 1
— الصورُ المُودَعة: 20 (مقروءةً من الإيداع)
— الألفاظ: 78245

— الصورُ الموجودة: 17 | الغائبة: 3
    وقوعاتٌ    15 | شرائحُها: وَبِئْسَ
    وقوعاتٌ    11 | شرائحُها: سَاءَ
    وقوعاتٌ     9 | شرائحُها: نَعَمْ · نِعْمَ · نِّعْمَ
    وقوعاتٌ     5 | شرائحُها: لَبِئْسَ
    وقوعاتٌ     5 | شرائحُها: بِئْسَ
    وقوعاتٌ     5 | شرائحُها: فَنِعْمَ
    وقوعاتٌ     4 | شرائحُها: وَلَبِئْسَ
    وقوعاتٌ     4 | شرائحُها: وَنِعْمَ
    وقوعاتٌ     4 | شرائحُها: وَسَاءَتْ
    وقوعاتٌ     3 | شرائحُها: بِئْسَمَا
    وقوعاتٌ     1 | شرائحُها: فَنِعِمَّا
    وقوعاتٌ     1 | شرائحُها: نِعِمَّا
    وقوعاتٌ     1 | شرائحُها: فَلَبِئْسَ
    وقوعاتٌ     1 | شرائحُها: وَلَنِعْمَ
    وقوعاتٌ     1 | شرائحُها: وَحَسُنَتْ
    وقوعاتٌ     1 | شرائحُها: سَاءَتْ
    وقوعاتٌ     1 | شرائحُها: حَسُنَتْ
    غائبةٌ باسمها: حبذا
    غائبةٌ باسمها: لاحبذا
    غائبةٌ باسمها: لنعم
  وفي صدر السطر: 2 من 72

— حقلُ الحال العامّ: H = 2.6106
— الموضعُ التالي للصورة: مواضعُ 72 | H = 1.8638
    ُ 31 | نصيبٌ 0.4306
    · 25 | نصيبٌ 0.3472
    ً 8 | نصيبٌ 0.1111
    َ 5 | نصيبٌ 0.0694
    ْ 3 | نصيبٌ 0.0417
— الموضعُ الثالث: مواضعُ 46 | H = 2.4048
    َ 18 | نصيبٌ 0.3913
    · 9 | نصيبٌ 0.1957
    ُ 6 | نصيبٌ 0.1304
    ِ 5 | نصيبٌ 0.1087
    ً 4 | نصيبٌ 0.0870
    ْ 3 | نصيبٌ 0.0652
    ٌ 1 | نصيبٌ 0.0217

— التصعيد بتّةً بتّة
    د٠ بلا شرط: ملحَقة 2.6106 | محجوزة 2.6109 | ربحٌ ملحَقٌ +0.0000 | ربحٌ محجوزٌ +0.0000
    د١ بتّةُ الجوار: ملحَقة 2.6100 | محجوزة 2.6105 | ربحٌ ملحَقٌ +0.0006 | ربحٌ محجوزٌ +0.0004
    د٢ هويّةُ الصورة: ملحَقة 2.6084 | محجوزة 2.6102 | ربحٌ ملحَقٌ +0.0016 | ربحٌ محجوزٌ +0.0003
    د٣ الصورةُ والموضع: ملحَقة 2.6078 | محجوزة 2.6103 | ربحٌ ملحَقٌ +0.0006 | ربحٌ محجوزٌ -0.0001
    د٤ ومعهما حالُ السابق: ملحَقة 2.5370 | محجوزة 2.5410 | ربحٌ ملحَقٌ +0.0708 | ربحٌ محجوزٌ +0.0693
  أدنى ربحٍ ملحَق: +0.000572
  درجاتٌ ينزل فيها المحجوز: 3 من 4
  أدنى (المحجوزة − الملحَقة): +0.000258
  I(الحال ؛ بتّةُ الجوار) = 0.000572
  أقصى (log₂ التباديل − N·H) بعد ألف = -29.785261

— ما لا يفصل فيه هذا القياس
  الأعاريبُ الأربعةُ للمخصوص المتأخّر: الحروفُ واحدةٌ والعلاماتُ واحدة — لا ترجيحَ في البتّات
  والمسوّدةُ غيرُ موقَّعة: مُدخَلٌ يُختبَر لا حكمٌ يُبنى عليه
