تحقيقُ نقلٍ عن حاويةٍ مختومةٍ خارجَ الشجرة

المرساة (بصمةٌ مقصوصة): 360f7653df4e3396d18153d0
فقرات: 1129   ·   غيرُ فارغة: 1089
استخراج: سطرٌ لكلّ <w:p>، ونصُّه من <w:t> — والترقيمُ ناتجُ هذا

المسبار — يُطلَب النصُّ لا الرقم:

  [وُجد] علم آدم الأسماء
           سطر 394   (النصُّ المؤسِّسُ المزعوم)
  [وُجد] الأسماء كلها
           سطر 394   (تمامُ الاقتباس)
  [وُجد] حقائق الأشياء وخواصها
           سطر 394   (تفسيرُ المسمّيات)
  [وُجد] معلومات سابقة
           سطر 201, 392, 394   (طبقةُ المعلوماتِ قبلَ الحكم)
  [وُجد] الإحساس بالواقع
           سطر 394   (أنّ الإحساسَ وحدَه لا يكفي)
  [وُجد] مسميات الأشياء لا اللغات
           سطر 394   (**الفصلُ الذي ينقض المقابلة**)
  [وُجد] عرف الأشياء ولم يعرف اللغات
           سطر 394   (**الفصلُ نفسُه بعبارةٍ ثانية**)
  [وُجد] الألفاظ ليست دلالة على الحقائق
           سطر 392   (**نفيُ أنّ اللفظَ يدلُّ على الحقيقة**)
  [وُجد] المعاني الذهنية دون الخارجية
           سطر 392   (موضوعُ الوضعِ ذهنيٌّ لا خارجيّ)
  [وُجد] تخصيص لفظ بمعنى
           سطر 392   (تعريفُ الوضع)
  [وُجد] النسب الإسنادية
           سطر 392   (طبقةُ النِّسَبِ بنصِّها)
  [وُجد] النسب والمعاني المركبة
           سطر 415   (غرضُ المركَّب)
  [وُجد] بعد علمه بأوضاع المفردات
           سطر 415   (ترتيبُ الطبقتين)
  [وُجد] دلالة المطابقة
           سطر 400, 550, 664   (الدلالةُ الأولى)
  [وُجد] دلالة التضمن
           سطر 400, 550, 664   (الثانية)
  [وُجد] دلالة الالتزام
           سطر 400, 550, 556, 560, 562   (الثالثة)
  [وُجد] مجموع الكلام من حيث هو
           سطر 413, 543   (تعريفُ المهمَل — **صنفُ الباقي**)
  [وُجد] وإن دل كل جزء منه على معنى
           سطر 413, 543   (تمامُ تعريفِ المهمَل)
  [وُجد] تابع لأصله وهو المصدر
           سطر 445   (تبعيّةُ المشتقِّ للمصدر)
  [وُجد] الأصل في الكلام هو الحقيقة
           سطر 447   (قاعدةُ الأصلِ والفرع)
  [وُجد] يفتقر إلى شيء يفسره
           سطر 406   (وصفُ الضميرِ الذي ذُكِر شاهدًا)

أنواعُ العلاقةِ المرقَّمةُ في المتن: 10
والحاديَ عشرَ (تعلّقُ المصدرِ واسمَي الفاعلِ والمفعول): وُجد
فالمجموعُ المعدود: 11

ما لم يوجد: لا شيء

الحدّ: هذا يُثبت أنّ المنقولَ في المصدر. ولا يُثبت أنّ ما بُنِي
عليه لازمٌ عنه — فسهمُ المقابلةِ استدلالٌ يُبرهَن وحدَه.
