— القاعدةُ كما قُرئت من المواصفة
  مقدّماتُ الرتبة 1: و · ف
  مقدّماتُ الرتبة 2: ب · ك · ل · س
  مقدّماتُ الرتبة 3: ال
  اللواحق: هما · كما · هم · هن · كم · كن · نا · ها · ه · ك · ي
  غيرُ موقَّعة: True

— الألفاظ: 78245 | وحداتٌ 364747
  ألفاظٌ فُصِلت: 46523 (0.5946)
  الكلماتُ الناتجة: 137834 | أنواعٌ 12668
  قسمةُ القطع: [(1, 31722), (2, 34497), (3, 10988), (4, 1036), (5, 2)]
  الرجعة: ألفاظٌ لا تُستعاد = 0 | أطوالٌ مخالفة = 0

— ثمنُ المستوى المفصول
  N 137834 | أبجديّة 12668 | H 8.7567 | L ملحقًا 8.7879 | L محجوزًا 11.3821 | مرتدّ 0.0744 | I 4.2423
  للوحدة ملحقًا 3.3209 | للوحدة محجوزًا 4.3012
  L−H +0.0312 | N·H − تباديل +24070.8

— الحكمُ بالمحجوز
  مقابلَ اللفظ (4.2118): +0.0894
  مقابلَ الرمز المُرخَّص (3.6549): +0.6463
  المرتدُّ مقابلَ اللفظ (0.1972): -0.1228
  الأنواعُ مقابلَ اللفظ (17909): -5241

— وحالُ مستوى الكلمة المفردة يبقى UNCLASSIFIED: المواصفةُ غيرُ موقَّعة، والقياسُ لا يُرقّي مستوًى
