— الأسطر: 6236
— حدُّ اللفظ: كلُّ متتاليةٍ بلا فراغ
— الألفاظ: عبرَ العدّادات 82532 | عبرَ الأسطر 82532
  |فرقٌ| = 0
  بسم = 115 | منها في صدر السطر 113
    سطرُ 1514 | موضعُ 3 | بِسْمِ
    سطرُ 3189 | موضعُ 4 | بِسْمِ
  ألفاظُ الترقيم (لا حرفَ عربيًّا فيها): 4287
    <sel> | وقوعاتٌ 4287
  هياكلُ متمايزة: 14872

— حالُ الخاتمة
    · (بلا علامة) 28606 | نصيبٌ 0.3466
    َ (ARABIC FATHA) 18778 | نصيبٌ 0.2275
    ِ (ARABIC KASRA) 9231 | نصيبٌ 0.1118
    ْ (ARABIC SUKUN) 8843 | نصيبٌ 0.1071
    ُ (ARABIC DAMMA) 8273 | نصيبٌ 0.1002
    ً (ARABIC FATHATAN) 3649 | نصيبٌ 0.0442
    ٍ (ARABIC KASRATAN) 2633 | نصيبٌ 0.0319
    ٌ (ARABIC DAMMATAN) 2519 | نصيبٌ 0.0305
  نصيبُ الثلاث: 36282 من 82532 = 0.4396
  H(الحال) = 2.5583

— induction on: الشرطُ لا يرفع الإنتروبيا، والتباديلُ دون N·H
  أدنى (H(التالي) − H(التالي|السابق)) = -0.00000000000000000e+00
  أقصى (log₂ التباديل − N·H) = +0.00000000000000000e+00
  والطرفان يقعان عند أوّل الحلقة حيث الحدُّ واحدٌ — فيُعادان بعد ألفِ لفظ:
    أدنى فرقٍ بعد ألف = +0.059691
    أقصى فسحةٍ بعد ألف = -29.650392
    وعند الختام: فرقٌ +0.068304 | فسحةٌ -52.510073

— ماركوف داخلَ السطر
  أزواجٌ 76296
  H(التالي) 2.5751 | H(التالي|السابق) 2.5068
  I = 0.0683
  ملحَقة 0.0688 | محجوزة 0.0670 | فرقٌ -0.0019

— I(الحال؛ حرفُ الخاتمة) = 1.0608
  حروفُ خاتمةٍ متمايزة: 37
  حروفٌ (٥ وقوعاتٍ فأكثر) لا تحمل حالًا ألبتّة: 2
    > | وقوعاتٌ 4287
    ى | وقوعاتٌ 2592

— ثباتُ الحال (بقيد 5 وقوعاتٍ فأكثر)
  هياكلُ بالقيد: 2121 | ثابتةٌ 1224 | متبدّلةٌ 897
  نصيبُ الثابت من الهياكل: 0.5771
  كتلةُ الثابت 32715 | كتلةُ المتبدّل 30775
  نصيبُ كتلة الثابت من الألفاظ: 0.3964
  ثابتُ الزوجيّ 607 | باقٍ ثابتًا في الفرديّ 550 | نصيبٌ 0.9061

— ما لا يُشتَقّ
  الأصليّةُ والفرعيّة: لا جدولَ أبوابٍ مُودَعٌ — خلوٌّ مُصنَّفٌ «فحصُها مُعيَّنٌ ولم يُجرَ»
  المبنيُّ والمعرب: المقيسُ ثباتُ علامةٍ لا حكمُ باب — قابليّةٌ للقراءة لا قراءة
