— لا قياسَ جديدًا على المصحف: المقيسُ أثرُ المعيار على الجشع
— مجموعُ المقامين: 697

═══ مقامُ الحصر: 662 موضعًا | خاناتٌ 4 | أصنافٌ 2
    ACC        حجمٌ  200 | أصنافُه (34, 166)
    NOM        حجمٌ  123 | أصنافُه (2, 121)
    GEN        حجمٌ   42 | أصنافُه (4, 38)
    بقيّة      حجمٌ  297 | أصنافُه (65, 232)

  — بمعيار إنتروبيا: بتّاتٌ 3 | مجموعُ الكسب +27.213960
      د1 «أمن NOM؟»: ربحٌ +23.633954 | كتلٌ 2
      د2 «أمن بقيّة؟»: ربحٌ +2.408160 | كتلٌ 3
      د3 «أمن ACC؟»: ربحٌ +1.171846 | كتلٌ 4

  — بمعيار تباديل: بتّاتٌ 3 | مجموعُ الكسب +34.711373
      د1 «أمن NOM؟»: ربحٌ +25.465301 | كتلٌ 2
      د2 «أمن بقيّة؟»: ربحٌ +5.881396 | كتلٌ 3
      د3 «أمن ACC؟»: ربحٌ +3.364676 | كتلٌ 4

  قسماتُ 4 خاناتٍ (بِلّ ناقصَ الواحدة): 14 | وزارها الجشعُ 3
      إلى 2 كتلًا: S(4,2) = 7
      إلى 3 كتلًا: S(4,3) = 6
      إلى 4 كتلًا: S(4,4) = 1
  أيتّفق المعياران على السؤال الأوّل؟ True
  الهويّة: فرقُ الكسبين − (Σ فجوات − فجوةُ الجذر) = -4.974e-14

═══ مقامُ العدد: 35 موضعًا | خاناتٌ 4 | أصنافٌ 3
    ٣–١٠       حجمٌ   20 | أصنافُه (17, 0, 3)
    ١١–١٩      حجمٌ    6 | أصنافُه (0, 6, 0)
    عقود       حجمٌ    6 | أصنافُه (0, 6, 0)
    مئة/ألف    حجمٌ    3 | أصنافُه (0, 0, 3)

  — بمعيار إنتروبيا: بتّاتٌ 2 | مجموعُ الكسب +39.311906
      د1 «أمن ٣–١٠ ومئة/ألف؟»: ربحٌ +32.463431 | كتلٌ 2
      د2 «أمن ٣–١٠؟»: ربحٌ +6.848476 | كتلٌ 3

  — بمعيار تباديل: بتّاتٌ 2 | مجموعُ الكسب +36.104674
      د1 «أمن ٣–١٠ ومئة/ألف؟»: ربحٌ +29.636253 | كتلٌ 2
      د2 «أمن ٣–١٠؟»: ربحٌ +6.468420 | كتلٌ 3

  قسماتُ 4 خاناتٍ (بِلّ ناقصَ الواحدة): 14 | وزارها الجشعُ 3
      إلى 2 كتلًا: S(4,2) = 7
      إلى 3 كتلًا: S(4,3) = 6
      إلى 4 كتلًا: S(4,4) = 1
  أيتّفق المعياران على السؤال الأوّل؟ True
  الهويّة: فرقُ الكسبين − (Σ فجوات − فجوةُ الجذر) = +3.553e-15

═══ الحكم
  الحصر بمعيار إنتروبيا: بتّاتٌ 3 | أوّلُ سؤالٍ أصغرُ كتلةٍ فيه 1
  الحصر بمعيار تباديل: بتّاتٌ 3 | أوّلُ سؤالٍ أصغرُ كتلةٍ فيه 1
  العدد بمعيار إنتروبيا: بتّاتٌ 2 | أوّلُ سؤالٍ أصغرُ كتلةٍ فيه 2
  العدد بمعيار تباديل: بتّاتٌ 2 | أوّلُ سؤالٍ أصغرُ كتلةٍ فيه 2
  أقصى (log₂ التباديل − n·H): +0.000000
  أدنى فجوةِ ستيرلنغ على الكتل: +0.000000
  وأدناها على كتلةٍ غيرِ نقيّة: +1.873581
  والطرفُ الأوّلُ يقع عند كتلةٍ نقيّةٍ صنفُها واحد — وثمناها
  صفران، فالشرطُ يمرُّ بطرفٍ تافهٍ ويُقال ذلك
  أقصى انحرافٍ عن الهويّة: 4.974e-14
  درجاتٌ يفترق فيها السؤالُ الأوّل: 0
  مجموعُ الكسب في الحصر: تباديلُ +34.711373 | إنتروبيا +27.213960 | فرقٌ +7.497413

— ما لا يُدَّعى
  الجشعُ بالتباديل غيرُ مبرهَنٍ أيضًا: أفضلُ سؤالٍ عند درجةٍ ليس
  أفضلَ سلّمٍ في النهاية بأيّ معيار — وما يُبلَغ حدٌّ أدنى
  ولا قياسَ على المصحف ههنا، ولا يُوقَّع تأويلُ أنبوبٍ خارجيّ
