— الأسطر: 6236
— العلامة: 4 كلماتٍ بهياكلها، مقروءةً من run_basmala_lifted.HEAD
— رؤوسُ الكتل: 113
  منها قائمةٌ بنفسها: 1 | وملحَقةٌ: 112
  وأسطرٌ تحمل العلامةَ غيرَ مبتدأةٍ بها: 1
  ومواضعُها (أرقامُ أسطرٍ من واحد): 3189
  وموضعُ القائمةِ بنفسها: 1

— الكتل
  عددُها: 113
  مجموعُ أطوالها: 6236 | وأسطرٌ خارجَ كتلةٍ: 0
  أقصرُها: 3 | أطولُها: 286
  كتلٌ طولُها صفرٌ: 0
  كتلٌ طولُها ≤ ٥: 9
  كتلٌ طولُها ٣ بالضبط: 3

— أطوالُ الكتل بترتيبها (أوّلُ سطرٍ من واحد ← طولٌ)
  1 ← 7
  8 ← 286
  294 ← 200
  494 ← 176
  670 ← 120
  790 ← 165
  955 ← 206
  1161 ← 204
  1365 ← 109
  1474 ← 123
  1597 ← 111
  1708 ← 43
  1751 ← 52
  1803 ← 99
  1902 ← 128
  2030 ← 111
  2141 ← 110
  2251 ← 98
  2349 ← 135
  2484 ← 112
  2596 ← 78
  2674 ← 118
  2792 ← 64
  2856 ← 77
  2933 ← 227
  3160 ← 93
  3253 ← 88
  3341 ← 69
  3410 ← 60
  3470 ← 34
  3504 ← 30
  3534 ← 73
  3607 ← 54
  3661 ← 45
  3706 ← 83
  3789 ← 182
  3971 ← 88
  4059 ← 75
  4134 ← 85
  4219 ← 54
  4273 ← 53
  4326 ← 89
  4415 ← 59
  4474 ← 37
  4511 ← 35
  4546 ← 38
  4584 ← 29
  4613 ← 18
  4631 ← 45
  4676 ← 60
  4736 ← 49
  4785 ← 62
  4847 ← 55
  4902 ← 78
  4980 ← 96
  5076 ← 29
  5105 ← 22
  5127 ← 24
  5151 ← 13
  5164 ← 14
  5178 ← 11
  5189 ← 11
  5200 ← 18
  5218 ← 12
  5230 ← 12
  5242 ← 30
  5272 ← 52
  5324 ← 52
  5376 ← 44
  5420 ← 28
  5448 ← 28
  5476 ← 20
  5496 ← 56
  5552 ← 40
  5592 ← 31
  5623 ← 50
  5673 ← 40
  5713 ← 46
  5759 ← 42
  5801 ← 29
  5830 ← 19
  5849 ← 36
  5885 ← 25
  5910 ← 22
  5932 ← 17
  5949 ← 19
  5968 ← 26
  5994 ← 30
  6024 ← 20
  6044 ← 15
  6059 ← 21
  6080 ← 11
  6091 ← 8
  6099 ← 8
  6107 ← 19
  6126 ← 5
  6131 ← 8
  6139 ← 8
  6147 ← 11
  6158 ← 11
  6169 ← 8
  6177 ← 3
  6180 ← 9
  6189 ← 5
  6194 ← 4
  6198 ← 7
  6205 ← 3
  6208 ← 6
  6214 ← 3
  6217 ← 5
  6222 ← 4
  6226 ← 5
  6231 ← 6

— الأطولُ خمسًا، والأقصرُ خمسًا
  أطول: سطر 8 ← 286
  أطول: سطر 2933 ← 227
  أطول: سطر 955 ← 206
  أطول: سطر 1161 ← 204
  أطول: سطر 294 ← 200
  أقصر: سطر 6194 ← 4
  أقصر: سطر 6222 ← 4
  أقصر: سطر 6177 ← 3
  أقصر: سطر 6205 ← 3
  أقصر: سطر 6214 ← 3

— توزيعُ الأطوال (طولٌ: كم كتلة)، للأطوال التي تكرّرت
  3: 3
  4: 2
  5: 4
  6: 2
  7: 2
  8: 5
  11: 5
  12: 2
  18: 2
  19: 3
  20: 2
  22: 2
  28: 2
  29: 3
  30: 3
  40: 2
  45: 2
  52: 3
  54: 2
  60: 2
  78: 2
  88: 2
  111: 2

— ما لا يحلُّه البايت
  السورُ معلومةً من خارج: 114 — **لا مقيسةً ههنا**
  وحدودٌ حلَّها البايت: 113
  فحدودٌ لا علامةَ لها في البايتات: 1 — UNATTESTED
  وحكمُها انعدامُ دليلٍ لا امتناعُ بلوغ: لا يُخترَع لها موضعٌ ولا تُصفَّر
  ولا يُرقَّم رأسٌ برقم سورة؛ والترقيمُ يحتاج جردًا مُودَعًا
