— الأسطر: 6236
— حدُّ اللفظ: فيه حرفٌ عربيّ (المُصحَّح من 494465d1…)
— الألفاظ: 78245
— هياكلُ متمايزة: 14871 | وشرطُ القسمة: 5 وقوعاتٍ فأكثر
— هياكلُ ثابتة: 1223 | هياكلُ متبدّلة: 897
— المسندُ (ثابتة): 28428
— المسندُ (متبدّلة): 30775
— خارجُ القسمة (دون الشرط): 19042
— مجموعُها: 78245

— خاناتُ الحال على المسند (ثابتة): H = 2.0225
    · | 14082 | نصيبٌ 0.4954
    َ U+064E | 7798 | نصيبٌ 0.2743
    ِ U+0650 | 2048 | نصيبٌ 0.0720
    ً U+064B | 1626 | نصيبٌ 0.0572
    ُ U+064F | 1585 | نصيبٌ 0.0558
    ْ U+0652 | 701 | نصيبٌ 0.0247
    ٍ U+064D | 379 | نصيبٌ 0.0133
    ٌ U+064C | 209 | نصيبٌ 0.0074

— خاناتُ الحال على المسند (متبدّلة): H = 2.6943
    َ U+064E | 6424 | نصيبٌ 0.2087
    ْ U+0652 | 5971 | نصيبٌ 0.1940
    · | 5747 | نصيبٌ 0.1867
    ِ U+0650 | 5289 | نصيبٌ 0.1719
    ُ U+064F | 4142 | نصيبٌ 0.1346
    ٌ U+064C | 1502 | نصيبٌ 0.0488
    ٍ U+064D | 1327 | نصيبٌ 0.0431
    ً U+064B | 373 | نصيبٌ 0.0121

— أقصى (log₂ التباديل − N·H) بعد ألفٍ في (ثابتة) = -26.970198
— أقصى (log₂ التباديل − N·H) بعد ألفٍ في (متبدّلة) = -29.741564

— الإنتروبيا الشرطيّةُ في كلّ مسندٍ على نفسه
  المسند | المتغيّر | ملحَقة | محجوزة
  ثابتة | لا شيء | 2.022502 | 2.022889
  ثابتة | الهيكل | 0.000000 | 0.520919
  ثابتة | (ه) الصورةُ منقوصةً | 0.000000 | 0.570783
  ثابتة | (ر) حالُ السابق | 1.986728 | 1.990287
  متبدّلة | لا شيء | 2.694308 | 2.694802
  متبدّلة | الهيكل | 1.046798 | 1.388794
  متبدّلة | (ه) الصورةُ منقوصةً | 0.898170 | 1.326055
  متبدّلة | (ر) حالُ السابق | 2.562941 | 2.566593

— لوازمُ الجدول، مقيسةً
— H(الحال|الهيكل) على الثابتة ملحَقةً: 0.000000
— I(الحال؛ر) محجوزةً على (ثابتة): +0.032602
— I(الحال؛ه) محجوزةً على (ثابتة): +1.452106
— الفرقُ (ر − ه) على (ثابتة): -1.419504
— I(الحال؛ر) محجوزةً على (متبدّلة): +0.128209
— I(الحال؛ه) محجوزةً على (متبدّلة): +1.368747
— الفرقُ (ر − ه) على (متبدّلة): -1.240539

— نصيبُ التنوين: ثابتة 0.077881 | متبدّلة 0.104045
— وفرقُه (متبدّلة − ثابتة): +0.026165
— نصيبُ السكون: ثابتة 0.024659 | متبدّلة 0.194021
— وفرقُه (ثابتة − متبدّلة): -0.169362
— نصيبُ الحركات الثلاث في المتبدّلة: 0.515191
— نصيبُ («بلا علامة» + السكون) في الثابتة: 0.520015
— وهامشُ الحركات الثلاث فوق النصف: +0.015191
— وهامشُ («بلا علامة» + السكون) فوق النصف: +0.020015
— محارفُ الحال الداخلةُ في متغيّر: 0

— ما لا يدخل هذا السجلّ
  لا اسمَ بابٍ ولا اسمَ علامةٍ ولا اسمَ يونيكود — شريحةٌ ونقطةُ ترميز
  والقسمةُ بالبايتات: ثابتٌ ومتبدّلٌ، لا حكمَ بابٍ يُسمّى
  وكلُّ مقدارٍ على مسنده، ولا يُطرَح عبرَ المسندين
  وسقوطُ لازمٍ سقوطُ فرضٍ مُودَعٍ لا سقوطُ لغة
