═══ ثوابتُ المدخل — مقيسةً لا مفترَضة ═══
  مطبَّعةٌ NFC؟ False   (والمطلوب: لا)
  شدّةٌ ثمّ تنوين: 249 | تنوينٌ ثمّ شدّة: 0
  (ccc الشدّة 33 والتنوين 27..29 — فالتطبيعُ يقلبها كلَّها)
  مصائدُ المدخل: 0 — لا شيء

═══ مساحةُ التصحيف ═══
  ألفاظٌ بالفراغ        : 78245
  ألفاظٌ متمايزة        : 18200
  هياكلُ متمايزة        : 12960
  هياكلُ تحمل أكثرَ من لفظ: 2989
  وألفاظٌ داخلَ الزمر    : 8229
  وأكبرُ زمرة           : 18

  أوسعُ خمسِ زمر:
    بببب (18): بَنِينَ · بَيِّنَتٍ · بَيْتِيَ · بَيْنِي · بِبَنِي · تَبَيَّنَ
    ببب (16): بَثِّي · بَنِي · بَنِيَّ · بَيَّتَ · بَيِّنٍ · بَيْتٌ
    مب (16): مَن · مَنِ · مَنَّ · مَنْ · مِتُّ · مِن
    اب (13): آنٍ · أَن · أَنِ · أَنَّ · أَنْ · أَيَّ
    ابب (12): آتَتْ · آتِي · أَبَتِ · أَبِي · أَتَتْ · أَنتَ

═══ ما يلزم عن هذا ═══
  **الزمرةُ موضعُ اشتباهٍ لا خطأ**: اجتماعُ لفظين في هيكلٍ واحدٍ
  يقول إنّ فقدَ النقط يُلبِس بينهما، ولا يقول إنّ أحدَهما مصحَّف.
  **وثباتُ ترتيب العلامتين شرطٌ لكلّ ما بُنِي على الجوار**:
  نقطةُ تطبيعٍ واحدةٌ تقلبها، فيعود العدُّ صفرًا بلا شكوى.
  **وصفرُ المصائد مقيسٌ اليوم** — ولا يُفترَض غدًا.
