L₀: 364747 وحدةً | أبجديّة 112 | آيات 6236
نقطةُ الصفر: الجملة 2044660 | ملحَقة 2044336 | انحرافُ الآلتين 0.000000000 | عمقُ البحث 24
  وسمٌ يُرفَع عند الالتزام 21: عَرضُه 2 | ربحُه 169.47
  الزوجُ المرصود التُزِم عند 21
  وسمٌ يُرفَع عند الالتزام 257: عَرضُه 2 | ربحُه 36.92
  وسمٌ يُرفَع عند الالتزام 258: عَرضُه 3 | ربحُه 47.85
  وسمٌ يُرفَع عند الالتزام 265: عَرضُه 3 | ربحُه 81.36
  وسمٌ يُرفَع عند الالتزام 285: عَرضُه 2 | ربحُه 31.38
  وسمٌ يُرفَع عند الالتزام 296: عَرضُه 3 | ربحُه 21.19
  وسمٌ يُرفَع عند الالتزام 303: عَرضُه 2 | ربحُه 11.61
  وسمٌ يُرفَع عند الالتزام 310: عَرضُه 3 | ربحُه 0.19
  وسمٌ يُرفَع عند الالتزام 318: عَرضُه 2 | ربحُه 58.15
  وسمٌ يُرفَع عند الالتزام 329: عَرضُه 2 | ربحُه 19.15
  وسمٌ يُرفَع عند الالتزام 330: عَرضُه 2 | ربحُه 84.37
  وسمٌ يُرفَع عند الالتزام 335: عَرضُه 2 | ربحُه 32.88
  وسمٌ يُرفَع عند الالتزام 372: عَرضُه 2 | ربحُه 10.40
  وسمٌ يُرفَع عند الالتزام 389: عَرضُه 2 | ربحُه 28.30
  وسمٌ يُرفَع عند الالتزام 446: عَرضُه 4 | ربحُه 35.80
  وسمٌ يُرفَع عند الالتزام 469: عَرضُه 2 | ربحُه 3.12
  وسمٌ يُرفَع عند الالتزام 475: عَرضُه 2 | ربحُه 27.70
  وسمٌ يُرفَع عند الالتزام 499: عَرضُه 2 | ربحُه 95.91
  بعد 500: الجملة 1587964 | معجم 13020 | رموز 185637 | أبجديّة 611 | ملحَقة 1586813 | نسبةٌ 0.7766 | مرفوضاتٌ 555 | وسومٌ مرفوعة 18
  وسمٌ يُرفَع عند الالتزام 526: عَرضُه 2 | ربحُه 0.94
  وسمٌ يُرفَع عند الالتزام 546: عَرضُه 2 | ربحُه 23.50
  وسمٌ يُرفَع عند الالتزام 552: عَرضُه 2 | ربحُه 2.25
  وسمٌ يُرفَع عند الالتزام 554: عَرضُه 3 | ربحُه 8.78
  وسمٌ يُرفَع عند الالتزام 568: عَرضُه 4 | ربحُه 22.61
  وسمٌ يُرفَع عند الالتزام 573: عَرضُه 2 | ربحُه 61.41
  وسمٌ يُرفَع عند الالتزام 599: عَرضُه 2 | ربحُه 67.75
  وسمٌ يُرفَع عند الالتزام 600: عَرضُه 3 | ربحُه 50.62
  وسمٌ يُرفَع عند الالتزام 614: عَرضُه 3 | ربحُه 11.38
  وسمٌ يُرفَع عند الالتزام 616: عَرضُه 4 | ربحُه 21.10
  وسمٌ يُرفَع عند الالتزام 620: عَرضُه 3 | ربحُه 19.86
  وسمٌ يُرفَع عند الالتزام 624: عَرضُه 2 | ربحُه 46.80
  وسمٌ يُرفَع عند الالتزام 666: عَرضُه 3 | ربحُه 21.89
  وسمٌ يُرفَع عند الالتزام 674: عَرضُه 3 | ربحُه 39.20
  وسمٌ يُرفَع عند الالتزام 697: عَرضُه 2 | ربحُه 20.01
  وسمٌ يُرفَع عند الالتزام 700: عَرضُه 2 | ربحُه 12.89
  وسمٌ يُرفَع عند الالتزام 703: عَرضُه 2 | ربحُه 11.96
  وسمٌ يُرفَع عند الالتزام 715: عَرضُه 2 | ربحُه 16.87
  وسمٌ يُرفَع عند الالتزام 717: عَرضُه 2 | ربحُه 0.30
  وسمٌ يُرفَع عند الالتزام 737: عَرضُه 3 | ربحُه 15.13
  وسمٌ يُرفَع عند الالتزام 745: عَرضُه 3 | ربحُه 14.75
  وسمٌ يُرفَع عند الالتزام 766: عَرضُه 2 | ربحُه 55.28
  وسمٌ يُرفَع عند الالتزام 770: عَرضُه 3 | ربحُه 25.35
  وسمٌ يُرفَع عند الالتزام 780: عَرضُه 2 | ربحُه 34.65
  وسمٌ يُرفَع عند الالتزام 787: عَرضُه 2 | ربحُه 22.88
  وسمٌ يُرفَع عند الالتزام 805: عَرضُه 3 | ربحُه 26.40
  وسمٌ يُرفَع عند الالتزام 811: عَرضُه 3 | ربحُه 24.46
  وسمٌ يُرفَع عند الالتزام 821: عَرضُه 2 | ربحُه 17.58
  وسمٌ يُرفَع عند الالتزام 823: عَرضُه 2 | ربحُه 13.97
  وسمٌ يُرفَع عند الالتزام 838: عَرضُه 2 | ربحُه 5.96
  وسمٌ يُرفَع عند الالتزام 839: عَرضُه 3 | ربحُه 15.70
  وسمٌ يُرفَع عند الالتزام 856: عَرضُه 3 | ربحُه 1.61
  وسمٌ يُرفَع عند الالتزام 864: عَرضُه 4 | ربحُه 26.14
  وسمٌ يُرفَع عند الالتزام 867: عَرضُه 3 | ربحُه 56.08
  وسمٌ يُرفَع عند الالتزام 891: عَرضُه 4 | ربحُه 66.05
  وسمٌ يُرفَع عند الالتزام 904: عَرضُه 2 | ربحُه 48.07
  وسمٌ يُرفَع عند الالتزام 905: عَرضُه 3 | ربحُه 59.96
  وسمٌ يُرفَع عند الالتزام 932: عَرضُه 2 | ربحُه 15.70
  وسمٌ يُرفَع عند الالتزام 950: عَرضُه 4 | ربحُه 5.20
  وسمٌ يُرفَع عند الالتزام 952: عَرضُه 2 | ربحُه 7.54
  وسمٌ يُرفَع عند الالتزام 953: عَرضُه 3 | ربحُه 8.74
  وسمٌ يُرفَع عند الالتزام 959: عَرضُه 3 | ربحُه 9.73
  وسمٌ يُرفَع عند الالتزام 969: عَرضُه 3 | ربحُه 54.60
  وسمٌ يُرفَع عند الالتزام 986: عَرضُه 2 | ربحُه 2.45
  بعد 1000: الجملة 1500703 | معجم 28444 | رموز 160427 | أبجديّة 1109 | ملحَقة 1498518 | نسبةٌ 0.7340 | مرفوضاتٌ 1146 | وسومٌ مرفوعة 62
  وسمٌ يُرفَع عند الالتزام 1028: عَرضُه 4 | ربحُه 71.97
  وسمٌ يُرفَع عند الالتزام 1030: عَرضُه 3 | ربحُه 21.93
  وسمٌ يُرفَع عند الالتزام 1042: عَرضُه 2 | ربحُه 47.63
  وسمٌ يُرفَع عند الالتزام 1047: عَرضُه 3 | ربحُه 22.30
  وسمٌ يُرفَع عند الالتزام 1049: عَرضُه 3 | ربحُه 50.62
  وسمٌ يُرفَع عند الالتزام 1074: عَرضُه 2 | ربحُه 2.45
  وسمٌ يُرفَع عند الالتزام 1075: عَرضُه 2 | ربحُه 5.89
  وسمٌ يُرفَع عند الالتزام 1076: عَرضُه 4 | ربحُه 2.66
  وسمٌ يُرفَع عند الالتزام 1081: عَرضُه 2 | ربحُه 25.31
  وسمٌ يُرفَع عند الالتزام 1083: عَرضُه 6 | ربحُه 4.04
  وسمٌ يُرفَع عند الالتزام 1090: عَرضُه 2 | ربحُه 15.92
  وسمٌ يُرفَع عند الالتزام 1091: عَرضُه 3 | ربحُه 0.06
  وسمٌ يُرفَع عند الالتزام 1096: عَرضُه 2 | ربحُه 60.11
  وسمٌ يُرفَع عند الالتزام 1098: عَرضُه 3 | ربحُه 10.08
  وسمٌ يُرفَع عند الالتزام 1107: عَرضُه 3 | ربحُه 21.37
  وسمٌ يُرفَع عند الالتزام 1109: عَرضُه 2 | ربحُه 6.15
  وسمٌ يُرفَع عند الالتزام 1131: عَرضُه 3 | ربحُه 16.67
  وسمٌ يُرفَع عند الالتزام 1133: عَرضُه 2 | ربحُه 21.83
  وسمٌ يُرفَع عند الالتزام 1137: عَرضُه 4 | ربحُه 56.27
  وسمٌ يُرفَع عند الالتزام 1143: عَرضُه 2 | ربحُه 1.12
  وسمٌ يُرفَع عند الالتزام 1146: عَرضُه 2 | ربحُه 14.71
  وسمٌ يُرفَع عند الالتزام 1148: عَرضُه 2 | ربحُه 2.64
  وسمٌ يُرفَع عند الالتزام 1151: عَرضُه 5 | ربحُه 35.37
  وسمٌ يُرفَع عند الالتزام 1157: عَرضُه 2 | ربحُه 3.83
  وسمٌ يُرفَع عند الالتزام 1158: عَرضُه 3 | ربحُه 2.20
  وسمٌ يُرفَع عند الالتزام 1180: عَرضُه 3 | ربحُه 37.82
  وسمٌ يُرفَع عند الالتزام 1196: عَرضُه 3 | ربحُه 41.77
  وسمٌ يُرفَع عند الالتزام 1220: عَرضُه 2 | ربحُه 36.12
  وسمٌ يُرفَع عند الالتزام 1224: عَرضُه 2 | ربحُه 4.10
  وسمٌ يُرفَع عند الالتزام 1237: عَرضُه 5 | ربحُه 43.43
  وسمٌ يُرفَع عند الالتزام 1238: عَرضُه 2 | ربحُه 32.00
  وسمٌ يُرفَع عند الالتزام 1239: عَرضُه 4 | ربحُه 25.58
  وسمٌ يُرفَع عند الالتزام 1241: عَرضُه 2 | ربحُه 6.30
  وسمٌ يُرفَع عند الالتزام 1249: عَرضُه 3 | ربحُه 17.09
  وسمٌ يُرفَع عند الالتزام 1274: عَرضُه 6 | ربحُه 2.02
  وسمٌ يُرفَع عند الالتزام 1283: عَرضُه 6 | ربحُه 10.57
  وسمٌ يُرفَع عند الالتزام 1285: عَرضُه 2 | ربحُه 1.52
  وسمٌ يُرفَع عند الالتزام 1286: عَرضُه 4 | ربحُه 34.21
  وسمٌ يُرفَع عند الالتزام 1293: عَرضُه 3 | ربحُه 45.23
  وسمٌ يُرفَع عند الالتزام 1296: عَرضُه 3 | ربحُه 17.05
  وسمٌ يُرفَع عند الالتزام 1299: عَرضُه 3 | ربحُه 9.56
  وسمٌ يُرفَع عند الالتزام 1322: عَرضُه 7 | ربحُه 29.89
  وسمٌ يُرفَع عند الالتزام 1326: عَرضُه 2 | ربحُه 59.68
  وسمٌ يُرفَع عند الالتزام 1330: عَرضُه 4 | ربحُه 2.43
  وسمٌ يُرفَع عند الالتزام 1332: عَرضُه 2 | ربحُه 4.59
  وسمٌ يُرفَع عند الالتزام 1335: عَرضُه 2 | ربحُه 17.93
  وسمٌ يُرفَع عند الالتزام 1340: عَرضُه 6 | ربحُه 47.20
  وسمٌ يُرفَع عند الالتزام 1342: عَرضُه 2 | ربحُه 7.19
  وسمٌ يُرفَع عند الالتزام 1348: عَرضُه 5 | ربحُه 0.40
  وسمٌ يُرفَع عند الالتزام 1360: عَرضُه 3 | ربحُه 79.49
  وسمٌ يُرفَع عند الالتزام 1387: عَرضُه 2 | ربحُه 107.51
  وسمٌ يُرفَع عند الالتزام 1395: عَرضُه 2 | ربحُه 20.81
  وسمٌ يُرفَع عند الالتزام 1396: عَرضُه 4 | ربحُه 18.58
  وسمٌ يُرفَع عند الالتزام 1397: عَرضُه 2 | ربحُه 54.57
  وسمٌ يُرفَع عند الالتزام 1399: عَرضُه 2 | ربحُه 29.52
  وسمٌ يُرفَع عند الالتزام 1400: عَرضُه 3 | ربحُه 51.20
  وسمٌ يُرفَع عند الالتزام 1401: عَرضُه 3 | ربحُه 49.07
  وسمٌ يُرفَع عند الالتزام 1404: عَرضُه 5 | ربحُه 5.10
  وسمٌ يُرفَع عند الالتزام 1432: عَرضُه 3 | ربحُه 17.53
  وسمٌ يُرفَع عند الالتزام 1437: عَرضُه 2 | ربحُه 2.73
  وسمٌ يُرفَع عند الالتزام 1439: عَرضُه 4 | ربحُه 2.13
  وسمٌ يُرفَع عند الالتزام 1451: عَرضُه 2 | ربحُه 10.74
  وسمٌ يُرفَع عند الالتزام 1453: عَرضُه 6 | ربحُه 12.46
  وسمٌ يُرفَع عند الالتزام 1460: عَرضُه 3 | ربحُه 3.36
  وسمٌ يُرفَع عند الالتزام 1466: عَرضُه 3 | ربحُه 28.25
  وسمٌ يُرفَع عند الالتزام 1467: عَرضُه 3 | ربحُه 0.40
  وسمٌ يُرفَع عند الالتزام 1468: عَرضُه 2 | ربحُه 29.26
  وسمٌ يُرفَع عند الالتزام 1470: عَرضُه 3 | ربحُه 5.80
  وسمٌ يُرفَع عند الالتزام 1490: عَرضُه 3 | ربحُه 28.85
  وسمٌ يُرفَع عند الالتزام 1491: عَرضُه 4 | ربحُه 19.11
  وسمٌ يُرفَع عند الالتزام 1496: عَرضُه 2 | ربحُه 10.90
  وسمٌ يُرفَع عند الالتزام 1497: عَرضُه 2 | ربحُه 35.44
  وسمٌ يُرفَع عند الالتزام 1499: عَرضُه 7 | ربحُه 24.11
  بعد 1500: الجملة 1454074 | معجم 44922 | رموز 146172 | أبجديّة 1601 | ملحَقة 1450582 | نسبةٌ 0.7112 | مرفوضاتٌ 1526 | وسومٌ مرفوعة 135
  وسمٌ يُرفَع عند الالتزام 1509: عَرضُه 11 | ربحُه 28.59
  وسمٌ يُرفَع عند الالتزام 1513: عَرضُه 2 | ربحُه 30.56
  وسمٌ يُرفَع عند الالتزام 1521: عَرضُه 2 | ربحُه 9.82
  وسمٌ يُرفَع عند الالتزام 1524: عَرضُه 3 | ربحُه 20.52
  وسمٌ يُرفَع عند الالتزام 1527: عَرضُه 2 | ربحُه 4.44
  وسمٌ يُرفَع عند الالتزام 1528: عَرضُه 2 | ربحُه 11.13
  وسمٌ يُرفَع عند الالتزام 1534: عَرضُه 5 | ربحُه 31.79
  وسمٌ يُرفَع عند الالتزام 1535: عَرضُه 3 | ربحُه 26.64
  وسمٌ يُرفَع عند الالتزام 1539: عَرضُه 4 | ربحُه 15.19
  وسمٌ يُرفَع عند الالتزام 1540: عَرضُه 4 | ربحُه 55.81
  وسمٌ يُرفَع عند الالتزام 1541: عَرضُه 3 | ربحُه 3.15
  وسمٌ يُرفَع عند الالتزام 1544: عَرضُه 3 | ربحُه 99.44
  وسمٌ يُرفَع عند الالتزام 1545: عَرضُه 8 | ربحُه 57.28
  وسمٌ يُرفَع عند الالتزام 1546: عَرضُه 2 | ربحُه 12.85
  وسمٌ يُرفَع عند الالتزام 1549: عَرضُه 2 | ربحُه 28.47
  وسمٌ يُرفَع عند الالتزام 1550: عَرضُه 2 | ربحُه 1.71
  وسمٌ يُرفَع عند الالتزام 1551: عَرضُه 2 | ربحُه 12.26
  وسمٌ يُرفَع عند الالتزام 1552: عَرضُه 3 | ربحُه 42.39
  وسمٌ يُرفَع عند الالتزام 1553: عَرضُه 3 | ربحُه 56.67
  وسمٌ يُرفَع عند الالتزام 1554: عَرضُه 3 | ربحُه 0.17
  وسمٌ يُرفَع عند الالتزام 1555: عَرضُه 3 | ربحُه 53.58
  وسمٌ يُرفَع عند الالتزام 1558: عَرضُه 6 | ربحُه 23.41
  وسمٌ يُرفَع عند الالتزام 1560: عَرضُه 6 | ربحُه 41.17
  وسمٌ يُرفَع عند الالتزام 1567: عَرضُه 6 | ربحُه 33.62
  وسمٌ يُرفَع عند الالتزام 1579: عَرضُه 7 | ربحُه 3.52
  وسمٌ يُرفَع عند الالتزام 1581: عَرضُه 2 | ربحُه 22.29
  وسمٌ يُرفَع عند الالتزام 1583: عَرضُه 2 | ربحُه 7.56
  وسمٌ يُرفَع عند الالتزام 1585: عَرضُه 3 | ربحُه 49.80
  وسمٌ يُرفَع عند الالتزام 1587: عَرضُه 3 | ربحُه 33.93
  وسمٌ يُرفَع عند الالتزام 1593: عَرضُه 3 | ربحُه 1.72
  وسمٌ يُرفَع عند الالتزام 1595: عَرضُه 3 | ربحُه 7.91
  وسمٌ يُرفَع عند الالتزام 1597: عَرضُه 5 | ربحُه 8.56
  وسمٌ يُرفَع عند الالتزام 1598: عَرضُه 6 | ربحُه 10.22
  وسمٌ يُرفَع عند الالتزام 1606: عَرضُه 5 | ربحُه 6.87
  وسمٌ يُرفَع عند الالتزام 1608: عَرضُه 5 | ربحُه 49.70
  وسمٌ يُرفَع عند الالتزام 1619: عَرضُه 4 | ربحُه 28.83
  وسمٌ يُرفَع عند الالتزام 1620: عَرضُه 11 | ربحُه 6.60
  وسمٌ يُرفَع عند الالتزام 1625: عَرضُه 3 | ربحُه 2.06
  وسمٌ يُرفَع عند الالتزام 1627: عَرضُه 4 | ربحُه 37.91
  وسمٌ يُرفَع عند الالتزام 1629: عَرضُه 5 | ربحُه 4.77
  وسمٌ يُرفَع عند الالتزام 1660: عَرضُه 4 | ربحُه 18.64
  وسمٌ يُرفَع عند الالتزام 1664: عَرضُه 6 | ربحُه 32.98
  وسمٌ يُرفَع عند الالتزام 1665: عَرضُه 5 | ربحُه 35.47
  وسمٌ يُرفَع عند الالتزام 1673: عَرضُه 3 | ربحُه 38.57
  وسمٌ يُرفَع عند الالتزام 1675: عَرضُه 4 | ربحُه 17.31
  وسمٌ يُرفَع عند الالتزام 1676: عَرضُه 3 | ربحُه 36.52
  وسمٌ يُرفَع عند الالتزام 1678: عَرضُه 5 | ربحُه 11.47
  وسمٌ يُرفَع عند الالتزام 1679: عَرضُه 5 | ربحُه 53.94
  وسمٌ يُرفَع عند الالتزام 1681: عَرضُه 2 | ربحُه 20.27
  وسمٌ يُرفَع عند الالتزام 1682: عَرضُه 4 | ربحُه 3.16
  وسمٌ يُرفَع عند الالتزام 1683: عَرضُه 3 | ربحُه 74.57
  وسمٌ يُرفَع عند الالتزام 1684: عَرضُه 2 | ربحُه 28.52
  وسمٌ يُرفَع عند الالتزام 1685: عَرضُه 3 | ربحُه 14.60
  وسمٌ يُرفَع عند الالتزام 1686: عَرضُه 3 | ربحُه 57.69
  وسمٌ يُرفَع عند الالتزام 1687: عَرضُه 4 | ربحُه 108.31
  وسمٌ يُرفَع عند الالتزام 1688: عَرضُه 3 | ربحُه 18.73
  وسمٌ يُرفَع عند الالتزام 1689: عَرضُه 4 | ربحُه 37.11
  وسمٌ يُرفَع عند الالتزام 1690: عَرضُه 3 | ربحُه 31.86
  وسمٌ يُرفَع عند الالتزام 1691: عَرضُه 3 | ربحُه 88.88
  وسمٌ يُرفَع عند الالتزام 1692: عَرضُه 3 | ربحُه 62.64
  وسمٌ يُرفَع عند الالتزام 1695: عَرضُه 2 | ربحُه 32.94
  وسمٌ يُرفَع عند الالتزام 1698: عَرضُه 3 | ربحُه 8.94
  وسمٌ يُرفَع عند الالتزام 1701: عَرضُه 3 | ربحُه 12.45
  وسمٌ يُرفَع عند الالتزام 1706: عَرضُه 6 | ربحُه 11.34
  وسمٌ يُرفَع عند الالتزام 1708: عَرضُه 3 | ربحُه 1.96
  وسمٌ يُرفَع عند الالتزام 1710: عَرضُه 3 | ربحُه 71.54
  وسمٌ يُرفَع عند الالتزام 1712: عَرضُه 2 | ربحُه 20.50
  وسمٌ يُرفَع عند الالتزام 1715: عَرضُه 3 | ربحُه 6.59
  وسمٌ يُرفَع عند الالتزام 1726: عَرضُه 5 | ربحُه 1.60
  وسمٌ يُرفَع عند الالتزام 1731: عَرضُه 3 | ربحُه 24.27
  وسمٌ يُرفَع عند الالتزام 1736: عَرضُه 3 | ربحُه 22.70
  وسمٌ يُرفَع عند الالتزام 1737: عَرضُه 7 | ربحُه 14.82
  وسمٌ يُرفَع عند الالتزام 1742: عَرضُه 3 | ربحُه 30.15
  وسمٌ يُرفَع عند الالتزام 1745: عَرضُه 12 | ربحُه 3.60
  وسمٌ يُرفَع عند الالتزام 1750: عَرضُه 9 | ربحُه 11.38
  وسمٌ يُرفَع عند الالتزام 1751: عَرضُه 5 | ربحُه 23.08
  وسمٌ يُرفَع عند الالتزام 1753: عَرضُه 4 | ربحُه 39.00
  وسمٌ يُرفَع عند الالتزام 1757: عَرضُه 3 | ربحُه 17.17
  وسمٌ يُرفَع عند الالتزام 1759: عَرضُه 2 | ربحُه 12.87
  وسمٌ يُرفَع عند الالتزام 1760: عَرضُه 3 | ربحُه 10.69
  وسمٌ يُرفَع عند الالتزام 1762: عَرضُه 4 | ربحُه 23.72
  وسمٌ يُرفَع عند الالتزام 1763: عَرضُه 2 | ربحُه 4.04
  وسمٌ يُرفَع عند الالتزام 1764: عَرضُه 3 | ربحُه 10.86
  وسمٌ يُرفَع عند الالتزام 1765: عَرضُه 2 | ربحُه 14.28
  وسمٌ يُرفَع عند الالتزام 1766: عَرضُه 2 | ربحُه 5.83
  وسمٌ يُرفَع عند الالتزام 1767: عَرضُه 3 | ربحُه 12.13
  وسمٌ يُرفَع عند الالتزام 1771: عَرضُه 3 | ربحُه 8.26
  وسمٌ يُرفَع عند الالتزام 1773: عَرضُه 7 | ربحُه 27.30
  وسمٌ يُرفَع عند الالتزام 1779: عَرضُه 3 | ربحُه 5.89
  وسمٌ يُرفَع عند الالتزام 1780: عَرضُه 7 | ربحُه 31.40
  وسمٌ يُرفَع عند الالتزام 1782: عَرضُه 3 | ربحُه 0.72
  وسمٌ يُرفَع عند الالتزام 1784: عَرضُه 3 | ربحُه 7.79
  وسمٌ يُرفَع عند الالتزام 1807: عَرضُه 2 | ربحُه 27.36
  وسمٌ يُرفَع عند الالتزام 1809: عَرضُه 3 | ربحُه 8.64
  وسمٌ يُرفَع عند الالتزام 1817: عَرضُه 4 | ربحُه 6.53
  وسمٌ يُرفَع عند الالتزام 1819: عَرضُه 6 | ربحُه 29.44
  وسمٌ يُرفَع عند الالتزام 1821: عَرضُه 2 | ربحُه 16.71
  وسمٌ يُرفَع عند الالتزام 1822: عَرضُه 3 | ربحُه 30.48
  وسمٌ يُرفَع عند الالتزام 1823: عَرضُه 2 | ربحُه 56.19
  وسمٌ يُرفَع عند الالتزام 1824: عَرضُه 3 | ربحُه 0.55
  وسمٌ يُرفَع عند الالتزام 1825: عَرضُه 2 | ربحُه 6.23
  وسمٌ يُرفَع عند الالتزام 1826: عَرضُه 3 | ربحُه 17.70
  وسمٌ يُرفَع عند الالتزام 1827: عَرضُه 4 | ربحُه 45.00
  وسمٌ يُرفَع عند الالتزام 1828: عَرضُه 4 | ربحُه 3.05
  وسمٌ يُرفَع عند الالتزام 1829: عَرضُه 4 | ربحُه 15.30
  وسمٌ يُرفَع عند الالتزام 1830: عَرضُه 3 | ربحُه 36.58
  وسمٌ يُرفَع عند الالتزام 1831: عَرضُه 3 | ربحُه 37.23
  وسمٌ يُرفَع عند الالتزام 1832: عَرضُه 6 | ربحُه 37.10
  وسمٌ يُرفَع عند الالتزام 1835: عَرضُه 2 | ربحُه 30.48
  وسمٌ يُرفَع عند الالتزام 1837: عَرضُه 4 | ربحُه 17.65
  وسمٌ يُرفَع عند الالتزام 1843: عَرضُه 2 | ربحُه 7.51
  وسمٌ يُرفَع عند الالتزام 1844: عَرضُه 2 | ربحُه 8.29
  وسمٌ يُرفَع عند الالتزام 1849: عَرضُه 3 | ربحُه 17.78
  وسمٌ يُرفَع عند الالتزام 1851: عَرضُه 4 | ربحُه 28.71
  وسمٌ يُرفَع عند الالتزام 1853: عَرضُه 4 | ربحُه 14.73
  وسمٌ يُرفَع عند الالتزام 1854: عَرضُه 3 | ربحُه 7.04
  وسمٌ يُرفَع عند الالتزام 1861: عَرضُه 3 | ربحُه 16.72
  وسمٌ يُرفَع عند الالتزام 1862: عَرضُه 5 | ربحُه 51.85
  وسمٌ يُرفَع عند الالتزام 1863: عَرضُه 2 | ربحُه 0.82
  وسمٌ يُرفَع عند الالتزام 1864: عَرضُه 2 | ربحُه 30.57
  وسمٌ يُرفَع عند الالتزام 1865: عَرضُه 5 | ربحُه 17.13
  وسمٌ يُرفَع عند الالتزام 1866: عَرضُه 3 | ربحُه 0.04
  وسمٌ يُرفَع عند الالتزام 1874: عَرضُه 2 | ربحُه 4.76
  وسمٌ يُرفَع عند الالتزام 1876: عَرضُه 3 | ربحُه 1.91
  وسمٌ يُرفَع عند الالتزام 1882: عَرضُه 2 | ربحُه 14.53
  وسمٌ يُرفَع عند الالتزام 1887: عَرضُه 3 | ربحُه 3.36
  وسمٌ يُرفَع عند الالتزام 1900: عَرضُه 2 | ربحُه 31.71
  وسمٌ يُرفَع عند الالتزام 1902: عَرضُه 5 | ربحُه 11.10
  وسمٌ يُرفَع عند الالتزام 1907: عَرضُه 21 | ربحُه 3.48
  وسمٌ يُرفَع عند الالتزام 1909: عَرضُه 3 | ربحُه 0.34
  وسمٌ يُرفَع عند الالتزام 1919: عَرضُه 2 | ربحُه 0.70
  وسمٌ يُرفَع عند الالتزام 1926: عَرضُه 2 | ربحُه 7.52
  وسمٌ يُرفَع عند الالتزام 1932: عَرضُه 7 | ربحُه 3.89
  وسمٌ يُرفَع عند الالتزام 1938: عَرضُه 2 | ربحُه 2.70
  وسمٌ يُرفَع عند الالتزام 1948: عَرضُه 2 | ربحُه 5.78
  وسمٌ يُرفَع عند الالتزام 1950: عَرضُه 3 | ربحُه 2.33
  وسمٌ يُرفَع عند الالتزام 1958: عَرضُه 5 | ربحُه 1.54
  وسمٌ يُرفَع عند الالتزام 1962: عَرضُه 2 | ربحُه 9.16
  وسمٌ يُرفَع عند الالتزام 1969: عَرضُه 2 | ربحُه 18.66
  وسمٌ يُرفَع عند الالتزام 1970: عَرضُه 2 | ربحُه 33.38
  وسمٌ يُرفَع عند الالتزام 1971: عَرضُه 8 | ربحُه 0.51
  وسمٌ يُرفَع عند الالتزام 1973: عَرضُه 2 | ربحُه 20.45
  وسمٌ يُرفَع عند الالتزام 1974: عَرضُه 2 | ربحُه 1.50
  وسمٌ يُرفَع عند الالتزام 1975: عَرضُه 5 | ربحُه 15.97
  وسمٌ يُرفَع عند الالتزام 1978: عَرضُه 5 | ربحُه 1.47
  وسمٌ يُرفَع عند الالتزام 1980: عَرضُه 3 | ربحُه 24.64
  وسمٌ يُرفَع عند الالتزام 1982: عَرضُه 2 | ربحُه 3.08
  وسمٌ يُرفَع عند الالتزام 1994: عَرضُه 3 | ربحُه 0.98
  وسمٌ يُرفَع عند الالتزام 1995: عَرضُه 11 | ربحُه 9.27
  وسمٌ يُرفَع عند الالتزام 1999: عَرضُه 6 | ربحُه 3.04
  بعد 2000: الجملة 1428509 | معجم 62927 | رموز 136573 | أبجديّة 2099 | ملحَقة 1423154 | نسبةٌ 0.6987 | مرفوضاتٌ 4095 | وسومٌ مرفوعة 285
  وسمٌ يُرفَع عند الالتزام 2004: عَرضُه 3 | ربحُه 63.20
  وسمٌ يُرفَع عند الالتزام 2007: عَرضُه 5 | ربحُه 6.60
  وسمٌ يُرفَع عند الالتزام 2008: عَرضُه 3 | ربحُه 27.75
  وسمٌ يُرفَع عند الالتزام 2011: عَرضُه 4 | ربحُه 0.87
  وسمٌ يُرفَع عند الالتزام 2012: عَرضُه 3 | ربحُه 1.89
  وسمٌ يُرفَع عند الالتزام 2013: عَرضُه 2 | ربحُه 39.74
  وسمٌ يُرفَع عند الالتزام 2014: عَرضُه 6 | ربحُه 0.37
  وسمٌ يُرفَع عند الالتزام 2015: عَرضُه 2 | ربحُه 4.21
  وسمٌ يُرفَع عند الالتزام 2021: عَرضُه 2 | ربحُه 26.78
  وسمٌ يُرفَع عند الالتزام 2022: عَرضُه 2 | ربحُه 15.03
  وسمٌ يُرفَع عند الالتزام 2025: عَرضُه 2 | ربحُه 119.07
  وسمٌ يُرفَع عند الالتزام 2026: عَرضُه 2 | ربحُه 47.63
  وسمٌ يُرفَع عند الالتزام 2027: عَرضُه 5 | ربحُه 24.49
  وسمٌ يُرفَع عند الالتزام 2028: عَرضُه 4 | ربحُه 12.32
  وسمٌ يُرفَع عند الالتزام 2029: عَرضُه 5 | ربحُه 21.27
  وسمٌ يُرفَع عند الالتزام 2030: عَرضُه 4 | ربحُه 268.22
  وسمٌ يُرفَع عند الالتزام 2031: عَرضُه 6 | ربحُه 159.64
  وسمٌ يُرفَع عند الالتزام 2034: عَرضُه 4 | ربحُه 40.00
  وسمٌ يُرفَع عند الالتزام 2038: عَرضُه 2 | ربحُه 32.65
  وسمٌ يُرفَع عند الالتزام 2040: عَرضُه 4 | ربحُه 33.95
  وسمٌ يُرفَع عند الالتزام 2043: عَرضُه 3 | ربحُه 2.32
  وسمٌ يُرفَع عند الالتزام 2044: عَرضُه 4 | ربحُه 6.01
  وسمٌ يُرفَع عند الالتزام 2045: عَرضُه 5 | ربحُه 5.28
  وسمٌ يُرفَع عند الالتزام 2046: عَرضُه 2 | ربحُه 53.48
  وسمٌ يُرفَع عند الالتزام 2047: عَرضُه 2 | ربحُه 32.83
  وسمٌ يُرفَع عند الالتزام 2049: عَرضُه 4 | ربحُه 49.28
  وسمٌ يُرفَع عند الالتزام 2052: عَرضُه 3 | ربحُه 15.96
  وسمٌ يُرفَع عند الالتزام 2058: عَرضُه 2 | ربحُه 34.33
  وسمٌ يُرفَع عند الالتزام 2060: عَرضُه 3 | ربحُه 21.11
  وسمٌ يُرفَع عند الالتزام 2061: عَرضُه 3 | ربحُه 8.18
  وسمٌ يُرفَع عند الالتزام 2063: عَرضُه 3 | ربحُه 9.26
  وسمٌ يُرفَع عند الالتزام 2065: عَرضُه 8 | ربحُه 46.84
  وسمٌ يُرفَع عند الالتزام 2066: عَرضُه 7 | ربحُه 9.45
  وسمٌ يُرفَع عند الالتزام 2069: عَرضُه 6 | ربحُه 17.84
  وسمٌ يُرفَع عند الالتزام 2073: عَرضُه 4 | ربحُه 8.19
  وسمٌ يُرفَع عند الالتزام 2082: عَرضُه 8 | ربحُه 41.22
  وسمٌ يُرفَع عند الالتزام 2083: عَرضُه 3 | ربحُه 10.62
  وسمٌ يُرفَع عند الالتزام 2084: عَرضُه 3 | ربحُه 12.41
  وسمٌ يُرفَع عند الالتزام 2085: عَرضُه 3 | ربحُه 8.12
  وسمٌ يُرفَع عند الالتزام 2086: عَرضُه 3 | ربحُه 2.39
  وسمٌ يُرفَع عند الالتزام 2087: عَرضُه 4 | ربحُه 120.80
  وسمٌ يُرفَع عند الالتزام 2088: عَرضُه 8 | ربحُه 27.55
  وسمٌ يُرفَع عند الالتزام 2089: عَرضُه 4 | ربحُه 56.03
  وسمٌ يُرفَع عند الالتزام 2092: عَرضُه 2 | ربحُه 4.97
  وسمٌ يُرفَع عند الالتزام 2094: عَرضُه 12 | ربحُه 10.22
  وسمٌ يُرفَع عند الالتزام 2095: عَرضُه 4 | ربحُه 26.56
  وسمٌ يُرفَع عند الالتزام 2099: عَرضُه 10 | ربحُه 60.21
  وسمٌ يُرفَع عند الالتزام 2101: عَرضُه 5 | ربحُه 55.53
  وسمٌ يُرفَع عند الالتزام 2104: عَرضُه 5 | ربحُه 22.67
  وسمٌ يُرفَع عند الالتزام 2108: عَرضُه 6 | ربحُه 6.68
  وسمٌ يُرفَع عند الالتزام 2111: عَرضُه 17 | ربحُه 25.75
  وسمٌ يُرفَع عند الالتزام 2112: عَرضُه 5 | ربحُه 3.81
  وسمٌ يُرفَع عند الالتزام 2116: عَرضُه 8 | ربحُه 3.52
  وسمٌ يُرفَع عند الالتزام 2117: عَرضُه 4 | ربحُه 37.78
  وسمٌ يُرفَع عند الالتزام 2119: عَرضُه 7 | ربحُه 31.66
  وسمٌ يُرفَع عند الالتزام 2123: عَرضُه 5 | ربحُه 10.34
  وسمٌ يُرفَع عند الالتزام 2125: عَرضُه 4 | ربحُه 70.31
  وسمٌ يُرفَع عند الالتزام 2126: عَرضُه 3 | ربحُه 24.53
  وسمٌ يُرفَع عند الالتزام 2130: عَرضُه 4 | ربحُه 29.19
  وسمٌ يُرفَع عند الالتزام 2131: عَرضُه 2 | ربحُه 9.84
  وسمٌ يُرفَع عند الالتزام 2137: عَرضُه 17 | ربحُه 53.87
  وسمٌ يُرفَع عند الالتزام 2142: عَرضُه 2 | ربحُه 25.59
  وسمٌ يُرفَع عند الالتزام 2144: عَرضُه 3 | ربحُه 10.65
  وسمٌ يُرفَع عند الالتزام 2145: عَرضُه 2 | ربحُه 17.68
  وسمٌ يُرفَع عند الالتزام 2146: عَرضُه 5 | ربحُه 13.47
  وسمٌ يُرفَع عند الالتزام 2149: عَرضُه 2 | ربحُه 4.87
  وسمٌ يُرفَع عند الالتزام 2150: عَرضُه 3 | ربحُه 7.17
  وسمٌ يُرفَع عند الالتزام 2152: عَرضُه 7 | ربحُه 12.18
  وسمٌ يُرفَع عند الالتزام 2156: عَرضُه 2 | ربحُه 12.80
  وسمٌ يُرفَع عند الالتزام 2157: عَرضُه 5 | ربحُه 0.41
  وسمٌ يُرفَع عند الالتزام 2162: عَرضُه 2 | ربحُه 30.70
  وسمٌ يُرفَع عند الالتزام 2167: عَرضُه 3 | ربحُه 3.13
  وسمٌ يُرفَع عند الالتزام 2168: عَرضُه 4 | ربحُه 3.06
  وسمٌ يُرفَع عند الالتزام 2171: عَرضُه 13 | ربحُه 70.31
  وسمٌ يُرفَع عند الالتزام 2172: عَرضُه 6 | ربحُه 14.75
  وسمٌ يُرفَع عند الالتزام 2173: عَرضُه 3 | ربحُه 42.55
  وسمٌ يُرفَع عند الالتزام 2174: عَرضُه 5 | ربحُه 15.14
  وسمٌ يُرفَع عند الالتزام 2175: عَرضُه 4 | ربحُه 5.65
  وسمٌ يُرفَع عند الالتزام 2176: عَرضُه 2 | ربحُه 2.67
  وسمٌ يُرفَع عند الالتزام 2177: عَرضُه 5 | ربحُه 0.69
  وسمٌ يُرفَع عند الالتزام 2178: عَرضُه 2 | ربحُه 31.57
  وسمٌ يُرفَع عند الالتزام 2179: عَرضُه 2 | ربحُه 6.66
  وسمٌ يُرفَع عند الالتزام 2180: عَرضُه 5 | ربحُه 74.40
  وسمٌ يُرفَع عند الالتزام 2181: عَرضُه 3 | ربحُه 0.07
  وسمٌ يُرفَع عند الالتزام 2182: عَرضُه 3 | ربحُه 15.30
  وسمٌ يُرفَع عند الالتزام 2183: عَرضُه 3 | ربحُه 14.83
  وسمٌ يُرفَع عند الالتزام 2184: عَرضُه 4 | ربحُه 20.73
  وسمٌ يُرفَع عند الالتزام 2185: عَرضُه 6 | ربحُه 43.36
  وسمٌ يُرفَع عند الالتزام 2186: عَرضُه 7 | ربحُه 17.21
  وسمٌ يُرفَع عند الالتزام 2189: عَرضُه 4 | ربحُه 10.27
  وسمٌ يُرفَع عند الالتزام 2197: عَرضُه 2 | ربحُه 4.89
  وسمٌ يُرفَع عند الالتزام 2202: عَرضُه 2 | ربحُه 34.64
  وسمٌ يُرفَع عند الالتزام 2203: عَرضُه 3 | ربحُه 25.09
  وسمٌ يُرفَع عند الالتزام 2204: عَرضُه 5 | ربحُه 19.11
  وسمٌ يُرفَع عند الالتزام 2206: عَرضُه 4 | ربحُه 5.94
  وسمٌ يُرفَع عند الالتزام 2207: عَرضُه 2 | ربحُه 24.11
  وسمٌ يُرفَع عند الالتزام 2217: عَرضُه 3 | ربحُه 23.73
  وسمٌ يُرفَع عند الالتزام 2218: عَرضُه 7 | ربحُه 7.95
  وسمٌ يُرفَع عند الالتزام 2219: عَرضُه 4 | ربحُه 19.02
  وسمٌ يُرفَع عند الالتزام 2220: عَرضُه 3 | ربحُه 0.89
  وسمٌ يُرفَع عند الالتزام 2222: عَرضُه 2 | ربحُه 25.65
  وسمٌ يُرفَع عند الالتزام 2223: عَرضُه 2 | ربحُه 20.56
  وسمٌ يُرفَع عند الالتزام 2224: عَرضُه 3 | ربحُه 45.86
  وسمٌ يُرفَع عند الالتزام 2225: عَرضُه 6 | ربحُه 23.47
  وسمٌ يُرفَع عند الالتزام 2226: عَرضُه 2 | ربحُه 15.56
  وسمٌ يُرفَع عند الالتزام 2227: عَرضُه 14 | ربحُه 21.94
  وسمٌ يُرفَع عند الالتزام 2228: عَرضُه 3 | ربحُه 34.57
  وسمٌ يُرفَع عند الالتزام 2229: عَرضُه 8 | ربحُه 6.98
  وسمٌ يُرفَع عند الالتزام 2230: عَرضُه 9 | ربحُه 4.70
  وسمٌ يُرفَع عند الالتزام 2231: عَرضُه 4 | ربحُه 19.12
  وسمٌ يُرفَع عند الالتزام 2232: عَرضُه 5 | ربحُه 16.14
  وسمٌ يُرفَع عند الالتزام 2240: عَرضُه 4 | ربحُه 14.98
  وسمٌ يُرفَع عند الالتزام 2241: عَرضُه 2 | ربحُه 37.75
  وسمٌ يُرفَع عند الالتزام 2244: عَرضُه 2 | ربحُه 3.16
  وسمٌ يُرفَع عند الالتزام 2246: عَرضُه 4 | ربحُه 20.31
  وسمٌ يُرفَع عند الالتزام 2249: عَرضُه 3 | ربحُه 30.59
  وسمٌ يُرفَع عند الالتزام 2252: عَرضُه 3 | ربحُه 29.85
  وسمٌ يُرفَع عند الالتزام 2253: عَرضُه 6 | ربحُه 8.17
  وسمٌ يُرفَع عند الالتزام 2255: عَرضُه 3 | ربحُه 20.81
  وسمٌ يُرفَع عند الالتزام 2256: عَرضُه 3 | ربحُه 23.92
  وسمٌ يُرفَع عند الالتزام 2258: عَرضُه 2 | ربحُه 19.63
  وسمٌ يُرفَع عند الالتزام 2260: عَرضُه 2 | ربحُه 17.46
  وسمٌ يُرفَع عند الالتزام 2263: عَرضُه 6 | ربحُه 21.46
  وسمٌ يُرفَع عند الالتزام 2264: عَرضُه 4 | ربحُه 18.27
  وسمٌ يُرفَع عند الالتزام 2266: عَرضُه 2 | ربحُه 17.89
  وسمٌ يُرفَع عند الالتزام 2273: عَرضُه 8 | ربحُه 11.33
  وسمٌ يُرفَع عند الالتزام 2276: عَرضُه 10 | ربحُه 6.46
  وسمٌ يُرفَع عند الالتزام 2282: عَرضُه 8 | ربحُه 44.79
  وسمٌ يُرفَع عند الالتزام 2283: عَرضُه 7 | ربحُه 20.64

الوقوف: حالٌ لا يربح فيها أعلى 24 مقترَحٍ
  اقتراحاتٌ 8254 | التزاماتٌ 2284 | مرفوضاتٌ 5970 | وسومٌ رُفِعت ثمّ التُزِمت 414
  التزاماتٌ بفرقٍ غيرِ سالب: 0
  الزوجُ المرصودُ التُزِم عند: 21
  أقصى انحرافٍ بين الآلتين عند نقاط الفحص: 0.000000000
  الجملة 1416789 | النسبةُ إلى L₀ 0.6929 | الملحَقة 1411219 | فرقٌ +5570
  الرجعة: مواضعُ الخلاف بين بسطِ الرموز ومجرى L₀ = 0
  لا يعبر الفراغَ: 117743 من 132293 = 0.8900

  المجموعةُ المولَّدةُ مقسومةً بالعَرض:
    عَرضُ 1: رموزٌ 112 | وقوعاتٌ 36501 | نصيبٌ 0.2759
    عَرضُ 2: رموزٌ 587 | وقوعاتٌ 38038 | نصيبٌ 0.2875
    عَرضُ 3: رموزٌ 648 | وقوعاتٌ 28110 | نصيبٌ 0.2125
    عَرضُ 4: رموزٌ 353 | وقوعاتٌ 11438 | نصيبٌ 0.0865
    عَرضُ 5: رموزٌ 266 | وقوعاتٌ 8026 | نصيبٌ 0.0607
    عَرضُ 6: رموزٌ 172 | وقوعاتٌ 4484 | نصيبٌ 0.0339
    عَرضُ 7: رموزٌ 79 | وقوعاتٌ 1776 | نصيبٌ 0.0134
    عَرضُ 8: رموزٌ 53 | وقوعاتٌ 1416 | نصيبٌ 0.0107
    عَرضُ 9: رموزٌ 31 | وقوعاتٌ 587 | نصيبٌ 0.0044
    عَرضُ 10: رموزٌ 20 | وقوعاتٌ 419 | نصيبٌ 0.0032
    عَرضُ 11: رموزٌ 17 | وقوعاتٌ 536 | نصيبٌ 0.0041
    عَرضُ 12: رموزٌ 8 | وقوعاتٌ 154 | نصيبٌ 0.0012
    عَرضُ 13: رموزٌ 14 | وقوعاتٌ 206 | نصيبٌ 0.0016
    عَرضُ 14: رموزٌ 3 | وقوعاتٌ 40 | نصيبٌ 0.0003
    عَرضُ 15: رموزٌ 7 | وقوعاتٌ 142 | نصيبٌ 0.0011
    عَرضُ 17: رموزٌ 4 | وقوعاتٌ 79 | نصيبٌ 0.0006
    عَرضُ 18: رموزٌ 2 | وقوعاتٌ 83 | نصيبٌ 0.0006
    عَرضُ 21: رموزٌ 2 | وقوعاتٌ 46 | نصيبٌ 0.0003
    عَرضُ 22: رموزٌ 2 | وقوعاتٌ 141 | نصيبٌ 0.0011
    عَرضُ 24: رموزٌ 1 | وقوعاتٌ 21 | نصيبٌ 0.0002
    عَرضُ 26: رموزٌ 1 | وقوعاتٌ 50 | نصيبٌ 0.0004
    الجملة: رموزٌ 2382 | وقوعاتٌ 132293

  أكثرُ الرموز وقوعًا (ببايتاتها من المصحف):
    ال  (1020) وحداتُه 2
    مَا  (737) وحداتُه 2
    نَا  (734) وحداتُه 2
    هُمْ  (724) وحداتُه 2
    مِن  (702) وحداتُه 2
    وَا  (668) وحداتُه 2
    كُمْ  (634) وحداتُه 2
    هَا  (621) وحداتُه 2
    فِي  (491) وحداتُه 2
    وَال  (491) وحداتُه 3
    إِلَّا  (474) وحداتُه 4
    اللَّهُ  (463) وحداتُه 5
    أَنْ  (457) وحداتُه 2
    وَمَا  (457) وحداتُه 3
