L₀: 364747 وحدةً | أبجديّة 112 | آيات 6236
نقطةُ الصفر: الجملة 2044660 | ملحَقة 2044336 | انحرافُ الآلتين 0.000000000 | عمقُ البحث 24
  الزوجُ المرصود التُزِم عند 21
  بعد 500: الجملة 1587964 | معجم 13020 | رموز 185637 | أبجديّة 611 | ملحَقة 1586813 | نسبةٌ 0.7766 | مرفوضاتٌ 555 | وسومٌ مرفوعة 18
  بعد 1000: الجملة 1500703 | معجم 28444 | رموز 160427 | أبجديّة 1109 | ملحَقة 1498518 | نسبةٌ 0.7340 | مرفوضاتٌ 1146 | وسومٌ مرفوعة 62
  بعد 1500: الجملة 1454074 | معجم 44922 | رموز 146172 | أبجديّة 1601 | ملحَقة 1450582 | نسبةٌ 0.7112 | مرفوضاتٌ 1526 | وسومٌ مرفوعة 135
  بعد 2000: الجملة 1428509 | معجم 62927 | رموز 136573 | أبجديّة 2099 | ملحَقة 1423154 | نسبةٌ 0.6987 | مرفوضاتٌ 4095 | وسومٌ مرفوعة 285

الوقوف: حالٌ لا يربح فيها أعلى 24 مقترَحٍ
  اقتراحاتٌ 8254 | التزاماتٌ 2284 | مرفوضاتٌ 5970 | وسومٌ رُفِعت ثمّ التُزِمت 414
  التزاماتٌ بفرقٍ غيرِ سالب: 0
  الزوجُ المرصودُ التُزِم عند: 21
  أقصى انحرافٍ بين الآلتين عند نقاط الفحص: 0.000000000
  الجملة 1416789 | النسبةُ إلى L₀ 0.6929 | الملحَقة 1411219 | فرقٌ +5570
  الرجعة: مواضعُ الخلاف بين بسطِ الرموز ومجرى L₀ = 0
  لا يعبر الفراغَ: 117743 من 132293 = 0.8900

  المجموعةُ المولَّدةُ مقسومةً بالعَرض:
    عَرضُ 1: رموزٌ 112 | وقوعاتٌ 36501 | نصيبٌ 0.2759
    عَرضُ 2: رموزٌ 587 | وقوعاتٌ 38038 | نصيبٌ 0.2875
    عَرضُ 3: رموزٌ 648 | وقوعاتٌ 28110 | نصيبٌ 0.2125
    عَرضُ 4: رموزٌ 353 | وقوعاتٌ 11438 | نصيبٌ 0.0865
    عَرضُ 5: رموزٌ 266 | وقوعاتٌ 8026 | نصيبٌ 0.0607
    عَرضُ 6: رموزٌ 172 | وقوعاتٌ 4484 | نصيبٌ 0.0339
    عَرضُ 7: رموزٌ 79 | وقوعاتٌ 1776 | نصيبٌ 0.0134
    عَرضُ 8: رموزٌ 53 | وقوعاتٌ 1416 | نصيبٌ 0.0107
    عَرضُ 9: رموزٌ 31 | وقوعاتٌ 587 | نصيبٌ 0.0044
    عَرضُ 10: رموزٌ 20 | وقوعاتٌ 419 | نصيبٌ 0.0032
    عَرضُ 11: رموزٌ 17 | وقوعاتٌ 536 | نصيبٌ 0.0041
    عَرضُ 12: رموزٌ 8 | وقوعاتٌ 154 | نصيبٌ 0.0012
    عَرضُ 13: رموزٌ 14 | وقوعاتٌ 206 | نصيبٌ 0.0016
    عَرضُ 14: رموزٌ 3 | وقوعاتٌ 40 | نصيبٌ 0.0003
    عَرضُ 15: رموزٌ 7 | وقوعاتٌ 142 | نصيبٌ 0.0011
    عَرضُ 17: رموزٌ 4 | وقوعاتٌ 79 | نصيبٌ 0.0006
    عَرضُ 18: رموزٌ 2 | وقوعاتٌ 83 | نصيبٌ 0.0006
    عَرضُ 21: رموزٌ 2 | وقوعاتٌ 46 | نصيبٌ 0.0003
    عَرضُ 22: رموزٌ 2 | وقوعاتٌ 141 | نصيبٌ 0.0011
    عَرضُ 24: رموزٌ 1 | وقوعاتٌ 21 | نصيبٌ 0.0002
    عَرضُ 26: رموزٌ 1 | وقوعاتٌ 50 | نصيبٌ 0.0004
    الجملة: رموزٌ 2382 | وقوعاتٌ 132293

  أكثرُ الرموز وقوعًا (ببايتاتها من المصحف):
    ال  (1020) وحداتُه 2
    مَا  (737) وحداتُه 2
    نَا  (734) وحداتُه 2
    هُمْ  (724) وحداتُه 2
    مِن  (702) وحداتُه 2
    وَا  (668) وحداتُه 2
    كُمْ  (634) وحداتُه 2
    هَا  (621) وحداتُه 2
    فِي  (491) وحداتُه 2
    وَال  (491) وحداتُه 3
    إِلَّا  (474) وحداتُه 4
    اللَّهُ  (463) وحداتُه 5
    أَنْ  (457) وحداتُه 2
    وَمَا  (457) وحداتُه 3
