— الأسطر: 6236
— حدُّ اللفظ: فيه حرفٌ عربيّ (المُصحَّح من 494465d1…)
— المجريان: حالُ الخاتمة، وحرفُ الخاتمة — من المجمَّد وحدَه
— الألفاظ: 78245 | وعبرَ العدّادات 78245
— خاناتُ الحال: 8 | H = 2.6106
— خاناتُ الحرف: 36 | H = 3.6723

— المقاييسُ الأربعةُ أمامًا ومقلوبًا (بت)
   المقياس     ملحَقٌ أمامًا  محجوزٌ أمامًا  ملحَقٌ مقلوبًا  محجوزٌ مقلوبًا
   ح⟵ح       +0.044075    +0.064277     +0.110153     +0.064277
   ر⟶ح       +0.127452    +0.095736     +0.068022     +0.038190
   ر⟵ر       +0.067701    +0.042118     +0.029695     +0.042065
   ح⟶ر       +0.120312    +0.020222     +0.153916     +0.053294

— الصفريُّ المُبدَّل: 20 تبديلًا يحفظ الهوامشَ ويهدم الجوار
   ح⟵ح       وسطٌ -0.001040 | مجالٌ [-0.001800 , -0.000380] | المقيسُ +0.064277
   ر⟶ح       وسطٌ -0.015717 | مجالٌ [-0.018805 , -0.012908] | المقيسُ +0.095736
   ر⟵ر       وسطٌ -0.020179 | مجالٌ [-0.022175 , -0.017904] | المقيسُ +0.042118
   ح⟶ر       وسطٌ -0.060399 | مجالٌ [-0.063744 , -0.058031] | المقيسُ +0.020222

— الحكم
  نصيبُ «ر⟶ح» من H(ح): 0.036672
  نصيبُ «ح⟶ر» من H(ر): 0.005507
  الفرقُ (القيادة): +0.031166
  أقصى |أمامًا − مقلوبًا| محجوزًا: 0.057546
  «ر⟶ح» أمامًا − مقلوبًا: +0.057546
  «ح⟵ح» محجوزًا: 0.064277
  أدنى (المقيس − أعلى الصفريّ): +0.060022
  أدنى مقياسٍ ملحَق: +0.044075
  أدنى (ملحَق − محجوز): -0.020203
  أقصى (log₂ التباديل − N·H) بعد ألف = -29.785261

— ما لا يُدَّعى
  النقلُ ليس السببيّة: لا تدخّلَ في نصٍّ مجمَّد، فلا تُشتَقّ
  سببيّةٌ من ارتباطٍ مهما بلغ — وهذا مكتوبٌ قبل النظر لا بعده
  ولا اسمَ بابٍ ولا علامةٍ ولا يونيكود — شريحةٌ ونقطةُ ترميز
  ومن الشرائح: َ U+064E
