— الأسطر: 6236
— الكلمُ (بالفراغ، بلا وسوم): 78245

— ١) توزيعُ العلامة الأخيرة
  الصنف | عند خاتمة الآية | عند خاتمة الكلمة
  بلا علامة | 333 (0.0534) | 24319 (0.3108)
  تنوين | 2001 (0.3209) | 8801 (0.1125)
  سكون | 95 (0.0152) | 8843 (0.1130)
  ضمّة | 356 (0.0571) | 8273 (0.1057)
  فتحة | 2850 (0.4570) | 18778 (0.2400)
  كسرة | 601 (0.0964) | 9231 (0.1180)
  إنتروبيا الآية 1.9213 | إنتروبيا الكلمة 2.4347
  الفرقُ (آية − كلمة) -0.5134
  فتحة: آيةً 0.4570 | كلمةً 0.2400
  تنوين: آيةً 0.3209 | كلمةً 0.1125

— ٢) ماركوف: الحالُ وكونُ الموضع خاتمةَ آية
  H(الحال) = 2.434671
  H(الحال | جوف) = 2.417707
  H(الحال | خاتمة) = 1.921271
  H(الحال | الموضع) = 2.378142
  I(الحال ; الموضع) = 0.056529 بتًّا للموضع
  ونصيبُ الخاتمة من المواضع 0.079698
  وجملةُ ما تحمله الخاتمةُ: 4423 بتًّا

— ٣) الاستقراء: الشرطُ لا يرفع الإنتروبيا
  H(الحال|جوف) − H(الحال) = -0.016964
  H(الحال|خاتمة) − H(الحال) = -0.513400
  H(الحال|الموضع) − H(الحال) = -0.056529
  أقصى ارتفاعٍ بالشرط: -0.016964

— ٤) الغيباتُ معدودةٌ بالاسم، وبأرقام الأسطر
  مواضعُ الهيكل «بسم»: 115
    سطرُ 1 | موضعُ 1 من 4 | بِسْمِ
    سطرُ 8 | موضعُ 1 من 5 | بِسْمِ
    سطرُ 294 | موضعُ 1 من 5 | بِسْمِ
    سطرُ 494 | موضعُ 1 من 33 | بِسْمِ
    سطرُ 670 | موضعُ 1 من 28 | بِسْمِ
    سطرُ 790 | موضعُ 1 من 18 | بِسْمِ
    سطرُ 955 | موضعُ 1 من 5 | بِسْمِ
    سطرُ 1161 | موضعُ 1 من 22 | بِسْمِ
    سطرُ 1365 | موضعُ 1 من 9 | بِسْمِ
    سطرُ 1474 | موضعُ 1 من 14 | بِسْمِ
    سطرُ 1514 | موضعُ 4 من 11 | بِسْمِ
    سطرُ 1597 | موضعُ 1 من 9 | بِسْمِ
    سطرُ 1708 | موضعُ 1 من 19 | بِسْمِ
    سطرُ 1751 | موضعُ 1 من 20 | بِسْمِ
    سطرُ 1803 | موضعُ 1 من 10 | بِسْمِ
    سطرُ 1902 | موضعُ 1 من 13 | بِسْمِ
    سطرُ 2030 | موضعُ 1 من 25 | بِسْمِ
    سطرُ 2141 | موضعُ 1 من 15 | بِسْمِ
    سطرُ 2251 | موضعُ 1 من 5 | بِسْمِ
    سطرُ 2349 | موضعُ 1 من 5 | بِسْمِ
    سطرُ 2484 | موضعُ 1 من 11 | بِسْمِ
    سطرُ 2596 | موضعُ 1 من 14 | بِسْمِ
    سطرُ 2674 | موضعُ 1 من 7 | بِسْمِ
    سطرُ 2792 | موضعُ 1 من 13 | بِسْمِ
    سطرُ 2856 | موضعُ 1 من 13 | بِسْمِ
    سطرُ 2933 | موضعُ 1 من 5 | بِسْمِ
    سطرُ 3160 | موضعُ 1 من 10 | بِسْمِ
    سطرُ 3189 | موضعُ 5 من 8 | بِسْمِ
    سطرُ 3253 | موضعُ 1 من 5 | بِسْمِ
    سطرُ 3341 | موضعُ 1 من 5 | بِسْمِ
    سطرُ 3410 | موضعُ 1 من 5 | بِسْمِ
    سطرُ 3470 | موضعُ 1 من 5 | بِسْمِ
    سطرُ 3504 | موضعُ 1 من 5 | بِسْمِ
    سطرُ 3534 | موضعُ 1 من 18 | بِسْمِ
    سطرُ 3607 | موضعُ 1 من 21 | بِسْمِ
    سطرُ 3661 | موضعُ 1 من 28 | بِسْمِ
    سطرُ 3706 | موضعُ 1 من 5 | بِسْمِ
    سطرُ 3789 | موضعُ 1 من 6 | بِسْمِ
    سطرُ 3971 | موضعُ 1 من 8 | بِسْمِ
    سطرُ 4059 | موضعُ 1 من 10 | بِسْمِ
    سطرُ 4134 | موضعُ 1 من 5 | بِسْمِ
    سطرُ 4219 | موضعُ 1 من 5 | بِسْمِ
    سطرُ 4273 | موضعُ 1 من 5 | بِسْمِ
    سطرُ 4326 | موضعُ 1 من 5 | بِسْمِ
    سطرُ 4415 | موضعُ 1 من 5 | بِسْمِ
    سطرُ 4474 | موضعُ 1 من 5 | بِسْمِ
    سطرُ 4511 | موضعُ 1 من 5 | بِسْمِ
    سطرُ 4546 | موضعُ 1 من 12 | بِسْمِ
    سطرُ 4584 | موضعُ 1 من 9 | بِسْمِ
    سطرُ 4613 | موضعُ 1 من 20 | بِسْمِ
    سطرُ 4631 | موضعُ 1 من 7 | بِسْمِ
    سطرُ 4676 | موضعُ 1 من 6 | بِسْمِ
    سطرُ 4736 | موضعُ 1 من 5 | بِسْمِ
    سطرُ 4785 | موضعُ 1 من 7 | بِسْمِ
    سطرُ 4847 | موضعُ 1 من 8 | بِسْمِ
    سطرُ 4902 | موضعُ 1 من 5 | بِسْمِ
    سطرُ 4980 | موضعُ 1 من 7 | بِسْمِ
    سطرُ 5076 | موضعُ 1 من 13 | بِسْمِ
    سطرُ 5105 | موضعُ 1 من 22 | بِسْمِ
    سطرُ 5127 | موضعُ 1 من 15 | بِسْمِ
    سطرُ 5151 | موضعُ 1 من 53 | بِسْمِ
    سطرُ 5164 | موضعُ 1 من 15 | بِسْمِ
    سطرُ 5178 | موضعُ 1 من 16 | بِسْمِ
    سطرُ 5189 | موضعُ 1 من 21 | بِسْمِ
    سطرُ 5200 | موضعُ 1 من 21 | بِسْمِ
    سطرُ 5218 | موضعُ 1 من 46 | بِسْمِ
    سطرُ 5230 | موضعُ 1 من 19 | بِسْمِ
    سطرُ 5242 | موضعُ 1 من 13 | بِسْمِ
    سطرُ 5272 | موضعُ 1 من 8 | بِسْمِ
    سطرُ 5324 | موضعُ 1 من 5 | بِسْمِ
    سطرُ 5376 | موضعُ 1 من 8 | بِسْمِ
    سطرُ 5420 | موضعُ 1 من 18 | بِسْمِ
    سطرُ 5448 | موضعُ 1 من 17 | بِسْمِ
    سطرُ 5476 | موضعُ 1 من 7 | بِسْمِ
    سطرُ 5496 | موضعُ 1 من 7 | بِسْمِ
    سطرُ 5552 | موضعُ 1 من 8 | بِسْمِ
    سطرُ 5592 | موضعُ 1 من 15 | بِسْمِ
    سطرُ 5623 | موضعُ 1 من 6 | بِسْمِ
    سطرُ 5673 | موضعُ 1 من 6 | بِسْمِ
    سطرُ 5713 | موضعُ 1 من 6 | بِسْمِ
    سطرُ 5759 | موضعُ 1 من 6 | بِسْمِ
    سطرُ 5801 | موضعُ 1 من 7 | بِسْمِ
    سطرُ 5830 | موضعُ 1 من 7 | بِسْمِ
    سطرُ 5849 | موضعُ 1 من 6 | بِسْمِ
    سطرُ 5885 | موضعُ 1 من 7 | بِسْمِ
    سطرُ 5910 | موضعُ 1 من 7 | بِسْمِ
    سطرُ 5932 | موضعُ 1 من 6 | بِسْمِ
    سطرُ 5949 | موضعُ 1 من 8 | بِسْمِ
    سطرُ 5968 | موضعُ 1 من 8 | بِسْمِ
    سطرُ 5994 | موضعُ 1 من 5 | بِسْمِ
    سطرُ 6024 | موضعُ 1 من 8 | بِسْمِ
    سطرُ 6044 | موضعُ 1 من 6 | بِسْمِ
    سطرُ 6059 | موضعُ 1 من 7 | بِسْمِ
    سطرُ 6080 | موضعُ 1 من 5 | بِسْمِ
    سطرُ 6091 | موضعُ 1 من 8 | بِسْمِ
    سطرُ 6099 | موضعُ 1 من 6 | بِّسْمِ
    سطرُ 6107 | موضعُ 1 من 9 | بِسْمِ
    سطرُ 6126 | موضعُ 1 من 9 | بِّسْمِ
    سطرُ 6131 | موضعُ 1 من 16 | بِسْمِ
    سطرُ 6139 | موضعُ 1 من 8 | بِسْمِ
    سطرُ 6147 | موضعُ 1 من 6 | بِسْمِ
    سطرُ 6158 | موضعُ 1 من 5 | بِسْمِ
    سطرُ 6169 | موضعُ 1 من 6 | بِسْمِ
    سطرُ 6177 | موضعُ 1 من 5 | بِسْمِ
    سطرُ 6180 | موضعُ 1 من 8 | بِسْمِ
    سطرُ 6189 | موضعُ 1 من 11 | بِسْمِ
    سطرُ 6194 | موضعُ 1 من 6 | بِسْمِ
    سطرُ 6198 | موضعُ 1 من 8 | بِسْمِ
    سطرُ 6205 | موضعُ 1 من 7 | بِسْمِ
    سطرُ 6208 | موضعُ 1 من 8 | بِسْمِ
    سطرُ 6214 | موضعُ 1 من 9 | بِسْمِ
    سطرُ 6217 | موضعُ 1 من 9 | بِسْمِ
    سطرُ 6222 | موضعُ 1 من 8 | بِسْمِ
    سطرُ 6226 | موضعُ 1 من 8 | بِسْمِ
    سطرُ 6231 | موضعُ 1 من 8 | بِسْمِ
  آياتٌ وحيدةُ الكلمة: 2
  منها ما يبدأ هيكليًّا بـ«ال»: 0 — أسطرُها []
  وسائرُها: 2

  ولا فهرسَ سورٍ مُودَعٌ، فلا تُذكَر سورةٌ وآيةٌ — أرقامُ الأسطر وحدَها
