— التعريفُ أ: آخرُ محرفٍ في الكلمة إن كان علامة، وإلّا فبلا علامة
  والتنوينُ مجموعٌ، بالبسملات
    فتحة  آيةً 0.4570 | كلمةً 0.2400
    تنوين آيةً 0.3209 | كلمةً 0.1125
    H     آيةً 1.9213 | كلمةً 2.4347 | الفرق -0.5134
  والتنوينُ مفرَّقٌ، بالبسملات
    فتحة  آيةً 0.4570 | كلمةً 0.2400
    تنوين آيةً 0.3209 | كلمةً 0.1125
    H     آيةً 2.4124 | كلمةً 2.6106 | الفرق -0.1981
— التعريفُ ب: آخرُ علامةٍ في الكلمة ولو تلاها حرف
  والتنوينُ مجموعٌ، بالبسملات
    فتحة  آيةً 0.5014 | كلمةً 0.4228
    تنوين آيةً 0.3222 | كلمةً 0.1137
    H     آيةً 1.7147 | كلمةً 2.1227 | الفرق -0.4080
  والتنوينُ مفرَّقٌ، بالبسملات
    فتحة  آيةً 0.5014 | كلمةً 0.4228
    تنوين آيةً 0.3222 | كلمةً 0.1137
    H     آيةً 2.2074 | كلمةً 2.3001 | الفرق -0.0928
  والتنوينُ مفرَّقٌ، بلا البسملات
    فتحة  آيةً 0.5014 | كلمةً 0.4252
    تنوين آيةً 0.3222 | كلمةً 0.1143
    H     آيةً 2.2074 | كلمةً 2.2991 | الفرق -0.0917
  والتنوينُ مفرَّقٌ، جوفًا فقط
    فتحة  آيةً 0.5014 | كلمةً 0.4186
    تنوين آيةً 0.3222 | كلمةً 0.0962
    H     آيةً 2.2074 | كلمةً 2.2687 | الفرق -0.0613

— والمعروضُ: فتحةٌ ٠٫٤٩٢٩ ⟷ ٠٫٢٦٥٩ · تنوينٌ ٠٫١٧٦١ ⟷ ٠٫٠٧٣٨ · H ٢٫٢٠٨٤ ⟷ ٢٫٤٧٠٢
  ولا تطابقه صورةٌ من الستّ في النصيبَين؛ وأقربُ ما إليه إنتروبيا الآية
  في التعريف ب بالتنوين المفرَّق. **ولا يُخترَع تعريفٌ سابعٌ ليطابق.**
