أسطرٌ تبدأ بالبسملة ثمّ زيادة: 112
أسطرٌ هي البسملةُ وحدَها:      1 — أرقامُها [1]
جملةُ كلمِ البسملات الملحقة:   448

الكلمُ كما هي:            78245
الكلمُ بعد رفع الملحقة:   77797
والمعروضُ ٧٧٨٠١، فالفرقُ: -4

آياتٌ وحيدةُ الكلمة كما هي:          2
وبعد رفع البسملة الملحقة:            28
منها ما يبدأ هيكليًّا بـ«ال»:          10 — أسطرُها [8, 294, 955, 3341, 3410, 3470, 3504, 4902, 5324, 6158]

مواضعُ «بسم» كما هي: 115
وبعد رفع الملحقة:    3 — [(1, 1, 'بِسْمِ'), (1514, 4, 'بِسْمِ'), (3189, 5, 'بِسْمِ')]

— تعريفٌ ثانٍ للعلامة الأخيرة: آخرُ علامةٍ في الكلمة ولو تلاها حرف
  ARABIC FATHA: آيةً 0.5014 | كلمةً 0.4228
  ARABIC FATHATAN: آيةً 0.1477 | كلمةً 0.0478
  ARABIC KASRA: آيةً 0.0999 | كلمةً 0.1808
  ARABIC DAMMATAN: آيةً 0.0993 | كلمةً 0.0322
  ARABIC KASRATAN: آيةً 0.0752 | كلمةً 0.0337
  ARABIC DAMMA: آيةً 0.0581 | كلمةً 0.1671
  ARABIC SUKUN: آيةً 0.0152 | كلمةً 0.1152
  بلا علامة: آيةً 0.0032 | كلمةً 0.0004
