— ١) عدُّ الكلم والهياكل
  الكلمُ: 78245
  هياكلُ متمايزة: 15472
  غامضةٌ منها: 1886 (0.1219 من الهياكل)
  كتلتُها من الكلم: 34902 (0.4461 من الكلم)

— ٢) الفصلُ على هيكلٍ واحد — ببايتاته لا باسمه
  هيكلٌ بـ3 وحدات (21 كلمة، 2 صورة): كُتِبَ×13 | كَتَبَ×8
  هيكلٌ بـ3 وحدات (17 كلمة، 3 صورة): عَلِمَ×9 | عِلْمُ×5 | عِلْمَ×3

— ٣) ثمنُ الدَّينين — محجوزًا
  H(الصورة | الهيكل) داخلَ العيّنة: 0.4069 بتًّا للكلمة
  الدَّينُ المعجميُّ محجوزًا على الكلم كلِّها: 9.9701 (غيرُ مشهودٍ مفتاحُه 0.1665)
  وعلى ما شُهِد مفتاحُه وحدَه:              8.8407 بتًّا للكلمة
  وبسياقِ هيكلٍ واحدٍ قبلَه: على الكلم كلِّها 12.0059 (غيرُ مشهودٍ 0.6104)
  وعلى ما شُهِد مفتاحُه وحدَه:              11.1909 بتًّا للكلمة
  الفرقُ على المشهود (بسياقٍ − بلا سياق): +2.3502
  جملةُ الدَّين على المشهود: 691738 بتًّا

— ٤) التصعيدُ الجشع إلى الكلمة
  نقطةُ الصفر: الجملة 2044660 | وحداتٌ 364747
    بعد 500: الجملة 1593529 | أبجديّة 610 | رموزٌ 188710 | نسبةٌ 0.7794 | مرفوضاتٌ 24
    بعد 1000: الجملة 1507334 | أبجديّة 1098 | رموزٌ 165073 | نسبةٌ 0.7372 | مرفوضاتٌ 92
    بعد 1500: الجملة 1461966 | أبجديّة 1586 | رموزٌ 152461 | نسبةٌ 0.7150 | مرفوضاتٌ 205
    بعد 2000: الجملة 1434006 | أبجديّة 2067 | رموزٌ 144445 | نسبةٌ 0.7013 | مرفوضاتٌ 429
    بعد 2500: الجملة 1418466 | أبجديّة 2533 | رموزٌ 139110 | نسبةٌ 0.6937 | مرفوضاتٌ 1090
    بعد 3000: الجملة 1409594 | أبجديّة 2945 | رموزٌ 135752 | نسبةٌ 0.6894 | مرفوضاتٌ 4378
  الوقوف: توالى 500 رفضًا
    اقتراحاتٌ 13358 | التزاماتٌ 3056 | مرفوضاتٌ 10302 | بلا نزولٍ 0
    الجملة 1409008 | النسبةُ إلى L₀ 0.6891 | رموزٌ 135603 | أبجديّة 2952
    الرجعة: مواضعُ الخلاف = 0
    العابرُ لحدّ الكلمة: 0 من 135603
    كلمٌ صارت رمزًا واحدًا: 47493 من 78245 = 0.6070
    أقصى انحرافٍ بين الآلتين: 0.000000000
    وجملةُ `69a1c10c…` بلا قيدٍ كانت 1400392
